2026-08-24 08:50:49 1. grupo    ja existe: /SITDS
2026-08-24 08:50:49 5. gestores 1 como MANAGER em /SITDS: wilson.franca
2026-08-24 08:50:58 1. grupo    ja existe: /SITDS/DIT
2026-08-24 08:50:58 5. gestores 1 como MANAGER em /SITDS/DIT: isabela.feitosa
2026-08-24 08:50:59 1. grupo    ja existe: /SITDS/DIT/ST
2026-08-24 08:50:59 5. gestores 1 como MANAGER em /SITDS/DIT/ST: anderson.polizel
2026-08-24 09:22:07 1. grupo    ja existe: /SITDS
2026-08-24 09:22:07 2. espaco   ja existe: Secretaria de Inovação, Tecnologia e Desenvolvimento Sustentável (id 19)
2026-08-24 09:22:07 3. aninhar  ja esta dentro de 'Lobby Prefeitura'
2026-08-24 09:22:07 4. binding  'Secretaria de Inovação, Tecnologia e Desenvolvimento Sustentável' <- /SITDS   (total 1)
2026-08-24 09:22:07 4. binding  'Lobby Prefeitura' <- /SITDS   (total 1)
2026-08-24 09:22:07 5. gestores 1 como MANAGER em /SITDS: wilson.franca
2026-08-24 09:22:08 1. grupo    ja existe: /SITDS/DIT
2026-08-24 09:22:08 2. espaco   ja existe: Divisão de Inovação Tecnológica (id 20)
2026-08-24 09:22:08 3. aninhar  dentro de 'Secretaria de Inovação, Tecnologia e Desenvolvimento Sustentável' (id 19)
2026-08-24 09:22:08 4. binding  'Divisão de Inovação Tecnológica' <- /SITDS/DIT   (total 1)
2026-08-24 09:22:08 4. binding  'Secretaria de Inovação, Tecnologia e Desenvolvimento Sustentável' <- /SITDS/DIT   (total 1)
2026-08-24 09:22:08 5. gestores 1 como MANAGER em /SITDS/DIT: isabela.feitosa
2026-08-24 09:22:41 1. grupo    ja existe: /SITDS
2026-08-24 09:22:41 2. espaco   ja existe: Secretaria de Inovação, Tecnologia e Desenvolvimento Sustentável (id 19)
2026-08-24 09:22:41 3. aninhar  ja esta dentro de 'Lobby Prefeitura'
2026-08-24 09:22:41 4. binding  'Secretaria de Inovação, Tecnologia e Desenvolvimento Sustentável' ja sincroniza /SITDS
2026-08-24 09:22:41 4. binding  'Lobby Prefeitura' ja sincroniza /SITDS
2026-08-24 09:22:41 5. gestores FALHOU (400)
2026-08-24 09:22:42 1. grupo    ja existe: /SITDS/DIT
2026-08-24 09:22:42 2. espaco   ja existe: Divisão de Inovação Tecnológica (id 20)
2026-08-24 09:22:43 3. aninhar  dentro de 'Secretaria de Inovação, Tecnologia e Desenvolvimento Sustentável' (id 19)
2026-08-24 09:22:43 4. binding  'Divisão de Inovação Tecnológica' ja sincroniza /SITDS/DIT
2026-08-24 09:22:43 4. binding  'Secretaria de Inovação, Tecnologia e Desenvolvimento Sustentável' ja sincroniza /SITDS/DIT
2026-08-24 09:22:43 5. gestores FALHOU (400)
2026-08-24 09:22:43 1. grupo    ja existe: /SITDS/DIT/ST
2026-08-24 09:22:43 2. espaco   ja existe: Setor de Tecnologia (id 21)
2026-08-24 09:22:43 3. aninhar  ja esta dentro de 'Divisão de Inovação Tecnológica'
2026-08-24 09:22:44 4. binding  'Setor de Tecnologia' ja sincroniza /SITDS/DIT/ST
2026-08-24 09:22:44 4. binding  'Divisão de Inovação Tecnológica' ja sincroniza /SITDS/DIT/ST
2026-08-24 09:22:44 4. binding  'Secretaria de Inovação, Tecnologia e Desenvolvimento Sustentável' ja sincroniza /SITDS/DIT/ST
2026-08-24 09:22:44 5. gestores FALHOU (400)
2026-08-24 09:23:42 1. grupo    ja existe: /SITDS
2026-08-24 09:23:42 2. espaco   ja existe: Secretaria de Inovação, Tecnologia e Desenvolvimento Sustentável (id 19)
2026-08-24 09:23:42 3. aninhar  ja esta dentro de 'Lobby Prefeitura'
2026-08-24 09:23:42 4. binding  'Secretaria de Inovação, Tecnologia e Desenvolvimento Sustentável' ja sincroniza /SITDS
2026-08-24 09:23:43 4. binding  'Lobby Prefeitura' ja sincroniza /SITDS
2026-08-24 09:23:43 5. gestores 1 ja eram MANAGER em /SITDS (ignorados): wilson.franca
2026-08-24 09:23:43 1. grupo    ja existe: /SITDS/DIT
2026-08-24 09:23:43 2. espaco   ja existe: Divisão de Inovação Tecnológica (id 20)
2026-08-24 09:23:43 3. aninhar  ja esta dentro de 'Secretaria de Inovação, Tecnologia e Desenvolvimento Sustentável'
2026-08-24 09:23:43 4. binding  'Divisão de Inovação Tecnológica' ja sincroniza /SITDS/DIT
2026-08-24 09:23:43 4. binding  'Secretaria de Inovação, Tecnologia e Desenvolvimento Sustentável' ja sincroniza /SITDS/DIT
2026-08-24 09:23:43 5. gestores 1 ja eram MANAGER em /SITDS/DIT (ignorados): isabela.feitosa
2026-08-24 09:23:44 1. grupo    ja existe: /SITDS/DIT/ST
2026-08-24 09:23:44 2. espaco   ja existe: Setor de Tecnologia (id 21)
2026-08-24 09:23:44 3. aninhar  ja esta dentro de 'Divisão de Inovação Tecnológica'
2026-08-24 09:23:44 4. binding  'Setor de Tecnologia' ja sincroniza /SITDS/DIT/ST
2026-08-24 09:23:44 4. binding  'Divisão de Inovação Tecnológica' ja sincroniza /SITDS/DIT/ST
2026-08-24 09:23:44 4. binding  'Secretaria de Inovação, Tecnologia e Desenvolvimento Sustentável' ja sincroniza /SITDS/DIT/ST
2026-08-24 09:23:44 5. gestores 1 ja eram MANAGER em /SITDS/DIT/ST (ignorados): anderson.polizel
2026-08-24 09:27:14 1. grupo    ja existe: /SITDS
2026-08-24 09:27:14 2. espaco   ja existe: Secretaria de Inovação, Tecnologia e Desenvolvimento Sustentável (id 19)
2026-08-24 09:27:14 3. aninhar  ja esta dentro de 'Lobby Prefeitura'
2026-08-24 09:27:14 4. binding  'Secretaria de Inovação, Tecnologia e Desenvolvimento Sustentável' ja sincroniza /SITDS
2026-08-24 09:27:14 4. binding  'Lobby Prefeitura' ja sincroniza /SITDS
2026-08-24 09:27:14 5. gestores 1 ja eram MANAGER em /SITDS (ignorados): wilson.franca
2026-08-24 09:27:15 5b.gestores 1 como GESTOR DO ESPACO em /spaces/secretaria_de_inovac_a_o4_tecnologia_e_desenvolvimento_sustenta_vel: wilson.franca
2026-08-24 09:27:15 1. grupo    ja existe: /SITDS/DIT
2026-08-24 09:27:15 2. espaco   ja existe: Divisão de Inovação Tecnológica (id 20)
2026-08-24 09:27:15 3. aninhar  ja esta dentro de 'Secretaria de Inovação, Tecnologia e Desenvolvimento Sustentável'
2026-08-24 09:27:15 4. binding  'Divisão de Inovação Tecnológica' ja sincroniza /SITDS/DIT
2026-08-24 09:27:15 4. binding  'Secretaria de Inovação, Tecnologia e Desenvolvimento Sustentável' ja sincroniza /SITDS/DIT
2026-08-24 09:27:15 5. gestores 1 ja eram MANAGER em /SITDS/DIT (ignorados): isabela.feitosa
2026-08-24 09:27:16 5b.gestores 1 como GESTOR DO ESPACO em /spaces/divisa_o_de_inovac_a_o_tecnolo_gica: isabela.feitosa
2026-08-24 09:27:16 1. grupo    ja existe: /SITDS/DIT/ST
2026-08-24 09:27:16 2. espaco   ja existe: Setor de Tecnologia (id 21)
2026-08-24 09:27:16 3. aninhar  ja esta dentro de 'Divisão de Inovação Tecnológica'
2026-08-24 09:27:16 4. binding  'Setor de Tecnologia' ja sincroniza /SITDS/DIT/ST
2026-08-24 09:27:17 4. binding  'Divisão de Inovação Tecnológica' ja sincroniza /SITDS/DIT/ST
2026-08-24 09:27:17 4. binding  'Secretaria de Inovação, Tecnologia e Desenvolvimento Sustentável' ja sincroniza /SITDS/DIT/ST
2026-08-24 09:27:17 5. gestores 1 ja eram MANAGER em /SITDS/DIT/ST (ignorados): anderson.polizel
2026-08-24 09:27:17 5b.gestores 1 como GESTOR DO ESPACO em /spaces/setor_de_tecnologia: anderson.polizel
2026-08-24 09:27:48 1. grupo    ja existe: /SITDS/DIT/ST
2026-08-24 09:27:48 2. espaco   ja existe: Setor de Tecnologia (id 21)
2026-08-24 09:27:48 3. aninhar  ja esta dentro de 'Divisão de Inovação Tecnológica'
2026-08-24 09:27:49 4. binding  'Setor de Tecnologia' ja sincroniza /SITDS/DIT/ST
2026-08-24 09:27:49 4. binding  'Divisão de Inovação Tecnológica' ja sincroniza /SITDS/DIT/ST
2026-08-24 09:27:49 4. binding  'Secretaria de Inovação, Tecnologia e Desenvolvimento Sustentável' ja sincroniza /SITDS/DIT/ST
2026-08-24 09:27:49 5. gestores 1 ja eram MANAGER em /SITDS/DIT/ST (ignorados): anderson.polizel
2026-08-24 09:27:49 5b.gestores 1 ja eram GESTOR DO ESPACO (/spaces/setor_de_tecnologia)
2026-08-24 09:27:49 1. grupo    ja existe: /SITDS/DIT/ST
2026-08-24 09:27:49 2. espaco   ja existe: Setor de Tecnologia (id 21)
2026-08-24 09:27:49 3. aninhar  ja esta dentro de 'Divisão de Inovação Tecnológica'
2026-08-24 09:27:49 4. binding  'Setor de Tecnologia' ja sincroniza /SITDS/DIT/ST
2026-08-24 09:27:49 4. binding  'Divisão de Inovação Tecnológica' ja sincroniza /SITDS/DIT/ST
2026-08-24 09:27:50 4. binding  'Secretaria de Inovação, Tecnologia e Desenvolvimento Sustentável' ja sincroniza /SITDS/DIT/ST
2026-08-24 09:27:50 5. gestores 1 ja eram MANAGER em /SITDS/DIT/ST (ignorados): anderson.polizel
2026-08-24 09:27:50 5b.gestores 1 ja eram GESTOR DO ESPACO (/spaces/setor_de_tecnologia)
2026-08-24 10:02:46 1. grupo    ja existe: /SITDS
2026-08-24 10:02:46 2. espaco   ja existe: Secretaria de Inovação, Tecnologia e Desenvolvimento Sustentável (id 19)
2026-08-24 10:02:46 3. aninhar  ja esta dentro de 'Lobby Prefeitura'
2026-08-24 10:02:46 4. binding  'Secretaria de Inovação, Tecnologia e Desenvolvimento Sustentável' <- /SITDS   (total 1)
2026-08-24 10:02:46 4. binding  'Lobby Prefeitura' <- /SITDS   (total 1)
2026-08-24 10:02:46 5. gestores 1 como MANAGER em /SITDS: wilson.franca
2026-08-24 10:02:46 5b.gestores 1 como GESTOR DO ESPACO em /spaces/<prettyName>: wilson.franca
2026-08-24 10:03:07 1. grupo    ja existe: /SITDS
2026-08-24 10:03:07 2. espaco   ja existe: Secretaria de Inovação, Tecnologia e Desenvolvimento Sustentável (id 19)
2026-08-24 10:03:07 3. aninhar  ja esta dentro de 'Lobby Prefeitura'
2026-08-24 10:03:07 4. binding  'Secretaria de Inovação, Tecnologia e Desenvolvimento Sustentável' <- /SITDS   (total 1)
2026-08-24 10:03:07 4. binding  'Secretaria de Inovação, Tecnologia e Desenvolvimento Sustentável' RETIRADO de nivel inferior: /SITDS/DIT, /SITDS/DIT/ST (quem entrou por eles sai do espaco)
2026-08-24 10:03:07 4. binding  'Lobby Prefeitura' ja sincroniza /SITDS
2026-08-24 10:03:07 5. gestores 1 ja eram MANAGER em /SITDS (ignorados): wilson.franca
2026-08-24 10:03:07 5b.gestores 1 ja eram GESTOR DO ESPACO (/spaces/secretaria_de_inovac_a_o4_tecnologia_e_desenvolvimento_sustenta_vel)
2026-08-24 10:03:07 1. grupo    ja existe: /SITDS/DIT
2026-08-24 10:03:07 2. espaco   ja existe: Divisão de Inovação Tecnológica (id 20)
2026-08-24 10:03:08 1. grupo    ja existe: /SITDS/DIT/ST
2026-08-24 10:03:08 2. espaco   ja existe: Setor de Tecnologia (id 21)
2026-08-24 10:04:59 1. grupo    ja existe: /SITDS
2026-08-24 10:04:59 2. espaco   ja existe: Secretaria de Inovação, Tecnologia e Desenvolvimento Sustentável (id 19)
2026-08-24 10:04:59 3. aninhar  ja esta dentro de 'Lobby Prefeitura'
2026-08-24 10:04:59 4. binding  'Secretaria de Inovação, Tecnologia e Desenvolvimento Sustentável' <- /SITDS   (total 1)
2026-08-24 10:04:59 4. binding  'Secretaria de Inovação, Tecnologia e Desenvolvimento Sustentável' RETIRADO /SITDS/DIT (id 20) -- quem entrou por ele sai do espaco
2026-08-24 10:04:59 4. binding  'Lobby Prefeitura' ja sincroniza /SITDS
2026-08-24 10:04:59 5. gestores 1 ja eram MANAGER em /SITDS (ignorados): wilson.franca
2026-08-24 10:04:59 5b.gestores 1 ja eram GESTOR DO ESPACO (/spaces/secretaria_de_inovac_a_o4_tecnologia_e_desenvolvimento_sustenta_vel)
2026-08-24 10:04:59 1. grupo    ja existe: /SITDS/DIT
2026-08-24 10:04:59 2. espaco   ja existe: Divisão de Inovação Tecnológica (id 20)
2026-08-24 10:05:00 3. aninhar  ja esta dentro de 'Secretaria de Inovação, Tecnologia e Desenvolvimento Sustentável'
2026-08-24 10:05:00 4. binding  'Divisão de Inovação Tecnológica' <- /SITDS, /SITDS/DIT   (total 2)
2026-08-24 10:05:00 4. binding  'Divisão de Inovação Tecnológica' RETIRADO /SITDS/DIT/ST (id 22) -- quem entrou por ele sai do espaco
2026-08-24 10:05:00 5. gestores 1 ja eram MANAGER em /SITDS/DIT (ignorados): isabela.feitosa
2026-08-24 10:05:00 5b.gestores 1 ja eram GESTOR DO ESPACO (/spaces/divisa_o_de_inovac_a_o_tecnolo_gica)
2026-08-24 10:05:01 1. grupo    ja existe: /SITDS/DIT/ST
2026-08-24 10:05:01 2. espaco   ja existe: Setor de Tecnologia (id 21)
2026-08-24 10:05:01 3. aninhar  ja esta dentro de 'Divisão de Inovação Tecnológica'
2026-08-24 10:05:01 4. binding  'Setor de Tecnologia' <- /SITDS, /SITDS/DIT, /SITDS/DIT/ST   (total 3)
2026-08-24 10:05:01 5. gestores 1 ja eram MANAGER em /SITDS/DIT/ST (ignorados): anderson.polizel
2026-08-24 10:05:02 5b.gestores 1 ja eram GESTOR DO ESPACO (/spaces/setor_de_tecnologia)
2026-08-24 10:05:47 1. grupo    ja existe: /SITDS
2026-08-24 10:05:47 2. espaco   ja existe: Secretaria de Inovação, Tecnologia e Desenvolvimento Sustentável (id 19)
2026-08-24 10:05:47 3. aninhar  ja esta dentro de 'Lobby Prefeitura'
2026-08-24 10:05:47 4. binding  'Secretaria de Inovação, Tecnologia e Desenvolvimento Sustentável' ja sincroniza a cadeia: /SITDS
2026-08-24 10:05:47 4. binding  'Lobby Prefeitura' ja sincroniza /SITDS
2026-08-24 10:05:47 5. gestores 1 ja eram MANAGER em /SITDS (ignorados): wilson.franca
2026-08-24 10:05:47 5b.gestores 1 ja eram GESTOR DO ESPACO (/spaces/secretaria_de_inovac_a_o4_tecnologia_e_desenvolvimento_sustenta_vel)
2026-08-24 10:05:47 1. grupo    ja existe: /SITDS/DIT
2026-08-24 10:05:47 2. espaco   ja existe: Divisão de Inovação Tecnológica (id 20)
2026-08-24 10:05:47 3. aninhar  ja esta dentro de 'Secretaria de Inovação, Tecnologia e Desenvolvimento Sustentável'
2026-08-24 10:05:47 4. binding  'Divisão de Inovação Tecnológica' ja sincroniza a cadeia: /SITDS, /SITDS/DIT
2026-08-24 10:05:48 5. gestores 1 ja eram MANAGER em /SITDS/DIT (ignorados): isabela.feitosa
2026-08-24 10:05:48 5b.gestores 1 ja eram GESTOR DO ESPACO (/spaces/divisa_o_de_inovac_a_o_tecnolo_gica)
2026-08-24 10:05:48 1. grupo    ja existe: /SITDS/DIT/ST
2026-08-24 10:05:48 2. espaco   ja existe: Setor de Tecnologia (id 21)
2026-08-24 10:05:48 3. aninhar  ja esta dentro de 'Divisão de Inovação Tecnológica'
2026-08-24 10:05:48 4. binding  'Setor de Tecnologia' ja sincroniza a cadeia: /SITDS, /SITDS/DIT, /SITDS/DIT/ST
2026-08-24 10:05:48 5. gestores 1 ja eram MANAGER em /SITDS/DIT/ST (ignorados): anderson.polizel
2026-08-24 10:05:48 5b.gestores 1 ja eram GESTOR DO ESPACO (/spaces/setor_de_tecnologia)
2026-08-24 10:05:49 1. grupo    ja existe: /SITDS
2026-08-24 10:05:49 2. espaco   ja existe: Secretaria de Inovação, Tecnologia e Desenvolvimento Sustentável (id 19)
2026-08-24 10:05:49 3. aninhar  ja esta dentro de 'Lobby Prefeitura'
2026-08-24 10:05:49 4. binding  'Secretaria de Inovação, Tecnologia e Desenvolvimento Sustentável' ja sincroniza a cadeia: /SITDS
2026-08-24 10:05:49 4. binding  'Lobby Prefeitura' ja sincroniza /SITDS
2026-08-24 10:05:49 5. gestores 1 ja eram MANAGER em /SITDS (ignorados): wilson.franca
2026-08-24 10:05:49 5b.gestores 1 ja eram GESTOR DO ESPACO (/spaces/secretaria_de_inovac_a_o4_tecnologia_e_desenvolvimento_sustenta_vel)
2026-08-24 10:05:49 1. grupo    ja existe: /SITDS/DIT
2026-08-24 10:05:49 2. espaco   ja existe: Divisão de Inovação Tecnológica (id 20)
2026-08-24 10:05:49 3. aninhar  ja esta dentro de 'Secretaria de Inovação, Tecnologia e Desenvolvimento Sustentável'
2026-08-24 10:05:49 4. binding  'Divisão de Inovação Tecnológica' ja sincroniza a cadeia: /SITDS, /SITDS/DIT
2026-08-24 10:05:49 5. gestores 1 ja eram MANAGER em /SITDS/DIT (ignorados): isabela.feitosa
2026-08-24 10:05:49 5b.gestores 1 ja eram GESTOR DO ESPACO (/spaces/divisa_o_de_inovac_a_o_tecnolo_gica)
2026-08-24 10:05:50 1. grupo    ja existe: /SITDS/DIT/ST
2026-08-24 10:05:50 2. espaco   ja existe: Setor de Tecnologia (id 21)
2026-08-24 10:05:50 3. aninhar  ja esta dentro de 'Divisão de Inovação Tecnológica'
2026-08-24 10:05:50 4. binding  'Setor de Tecnologia' ja sincroniza a cadeia: /SITDS, /SITDS/DIT, /SITDS/DIT/ST
2026-08-24 10:05:50 5. gestores 1 ja eram MANAGER em /SITDS/DIT/ST (ignorados): anderson.polizel
2026-08-24 10:05:50 5b.gestores 1 ja eram GESTOR DO ESPACO (/spaces/setor_de_tecnologia)
2026-08-24 10:12:45 1. grupo    criado: /QATESTE
2026-08-24 10:13:02 2. espaco   criado: Secretaria de Qualidade QA (id 22)
2026-08-24 10:13:02 3. aninhar  dentro de 'Lobby Prefeitura' (id 13)
2026-08-24 10:13:02 4. binding  'Secretaria de Qualidade QA' <- /QATESTE   (total 1)
2026-08-24 10:13:02 4. binding  'Lobby Prefeitura' <- /QATESTE   (total 5)
2026-08-24 10:13:04 5. gestores 1 como MANAGER em /QATESTE: prova.binding
2026-08-24 10:13:04 5b.gestores 1 como GESTOR DO ESPACO em /spaces/secretaria_de_qualidade_qa: prova.binding
2026-08-24 10:13:04 AVISO: 1 usuario(es) NAO EXISTEM e serao ignorados: naoexiste.fulano
2026-08-24 10:13:05 1. grupo    criado: /QATESTE/QADIV
2026-08-24 10:13:19 2. espaco   criado: Divisão de Qualidade QA (id 23)
2026-08-24 10:13:20 3. aninhar  dentro de 'Secretaria de Qualidade QA' (id 22)
2026-08-24 10:13:20 4. binding  'Divisão de Qualidade QA' <- /QATESTE, /QATESTE/QADIV   (total 2)
2026-08-24 10:13:21 1. grupo    criado: /QATESTE/QADIV/QASET
2026-08-24 10:13:37 2. espaco   criado: Setor de Qualidade QA (id 24)
2026-08-24 10:13:37 3. aninhar  dentro de 'Divisão de Qualidade QA' (id 23)
2026-08-24 10:13:37 4. binding  'Setor de Qualidade QA' <- /QATESTE, /QATESTE/QADIV, /QATESTE/QADIV/QASET   (total 3)
2026-08-24 10:13:38 5. usuarios 1 adicionados a /QATESTE/QADIV/QASET: tela.binding
2026-08-24 10:18:02 1. grupo    ja existe: /SITDS
2026-08-24 10:18:02 2. espaco   ja existe: Secretaria de Inovação, Tecnologia e Desenvolvimento Sustentável (id 19)
2026-08-24 10:18:02 2. espaco   marca gravada: [grupo:/SITDS]
2026-08-24 10:18:02 3. aninhar  ja esta dentro de 'Lobby Prefeitura'
2026-08-24 10:18:02 4. binding  'Secretaria de Inovação, Tecnologia e Desenvolvimento Sustentável' ja sincroniza a cadeia: /SITDS
2026-08-24 10:18:02 4. binding  'Lobby Prefeitura' ja sincroniza /SITDS
2026-08-24 10:18:02 5. gestores 1 ja eram MANAGER em /SITDS (ignorados): wilson.franca
2026-08-24 10:18:02 5b.gestores 1 ja eram GESTOR DO ESPACO (/spaces/secretaria_de_inovac_a_o4_tecnologia_e_desenvolvimento_sustenta_vel)
2026-08-24 10:18:02 1. grupo    ja existe: /SITDS/DIT
2026-08-24 10:18:02 2. espaco   ja existe: Divisão de Inovação Tecnológica (id 20)
2026-08-24 10:18:03 2. espaco   marca gravada: [grupo:/SITDS/DIT]
2026-08-24 10:18:03 3. aninhar  ja esta dentro de 'Secretaria de Inovação, Tecnologia e Desenvolvimento Sustentável'
2026-08-24 10:18:03 4. binding  'Divisão de Inovação Tecnológica' ja sincroniza a cadeia: /SITDS, /SITDS/DIT
2026-08-24 10:18:03 5. gestores 1 ja eram MANAGER em /SITDS/DIT (ignorados): isabela.feitosa
2026-08-24 10:18:03 5b.gestores 1 ja eram GESTOR DO ESPACO (/spaces/divisa_o_de_inovac_a_o_tecnolo_gica)
2026-08-24 10:18:03 1. grupo    ja existe: /SITDS/DIT/ST
2026-08-24 10:18:03 2. espaco   ja existe: Setor de Tecnologia (id 21)
2026-08-24 10:18:03 2. espaco   marca gravada: [grupo:/SITDS/DIT/ST]
2026-08-24 10:18:03 3. aninhar  ja esta dentro de 'Divisão de Inovação Tecnológica'
2026-08-24 10:18:03 4. binding  'Setor de Tecnologia' ja sincroniza a cadeia: /SITDS, /SITDS/DIT, /SITDS/DIT/ST
2026-08-24 10:18:03 5. gestores 1 ja eram MANAGER em /SITDS/DIT/ST (ignorados): anderson.polizel
2026-08-24 10:18:03 5b.gestores 1 ja eram GESTOR DO ESPACO (/spaces/setor_de_tecnologia)
2026-08-24 10:19:08 1. grupo    ja existe: /SITDS
2026-08-24 10:19:08 2. espaco   ja existe: Secretaria de Inovação, Tecnologia e Desenvolvimento Sustentável (id 19)
2026-08-24 10:19:08 2. espaco   marca gravada: [grupo:/SITDS]
2026-08-24 10:19:08 3. aninhar  ja esta dentro de 'Lobby Prefeitura'
2026-08-24 10:19:08 4. binding  'Secretaria de Inovação, Tecnologia e Desenvolvimento Sustentável' ja sincroniza a cadeia: /SITDS
2026-08-24 10:19:08 4. binding  'Lobby Prefeitura' ja sincroniza /SITDS
2026-08-24 10:19:08 5. gestores 1 ja eram MANAGER em /SITDS (ignorados): wilson.franca
2026-08-24 10:19:08 5b.gestores 1 ja eram GESTOR DO ESPACO (/spaces/secretaria_de_inovac_a_o4_tecnologia_e_desenvolvimento_sustenta_vel)
2026-08-24 10:19:09 1. grupo    ja existe: /SITDS/DIT
2026-08-24 10:19:09 2. espaco   ja existe: Divisão de Inovação Tecnológica (id 20)
2026-08-24 10:19:09 2. espaco   marca gravada: [grupo:/SITDS/DIT]
2026-08-24 10:19:09 3. aninhar  ja esta dentro de 'Secretaria de Inovação, Tecnologia e Desenvolvimento Sustentável'
2026-08-24 10:19:09 4. binding  'Divisão de Inovação Tecnológica' ja sincroniza a cadeia: /SITDS, /SITDS/DIT
2026-08-24 10:19:09 5. gestores 1 ja eram MANAGER em /SITDS/DIT (ignorados): isabela.feitosa
2026-08-24 10:19:09 5b.gestores 1 ja eram GESTOR DO ESPACO (/spaces/divisa_o_de_inovac_a_o_tecnolo_gica)
2026-08-24 10:19:10 1. grupo    ja existe: /SITDS/DIT/ST
2026-08-24 10:19:10 2. espaco   ja existe: Setor de Tecnologia (id 21)
2026-08-24 10:19:10 3. aninhar  dentro de 'Divisão de Inovação Tecnológica' (id 20)
2026-08-24 10:19:10 4. binding  'Setor de Tecnologia' ja sincroniza a cadeia: /SITDS, /SITDS/DIT, /SITDS/DIT/ST
2026-08-24 10:19:10 5. gestores 1 ja eram MANAGER em /SITDS/DIT/ST (ignorados): anderson.polizel
2026-08-24 10:19:10 5b.gestores 1 ja eram GESTOR DO ESPACO (/spaces/setor_de_tecnologia)
2026-08-24 10:19:25 1. grupo    criado: /QA2
2026-08-24 10:19:40 2. espaco   criado: Secretaria QA Dois (id 25)
2026-08-24 10:19:40 3. aninhar  dentro de 'Lobby Prefeitura' (id 13)
2026-08-24 10:19:40 4. binding  'Secretaria QA Dois' <- /QA2   (total 1)
2026-08-24 10:19:40 4. binding  'Lobby Prefeitura' <- /QA2   (total 5)
2026-08-24 10:19:41 5. gestores 1 como MANAGER em /QA2: prova.binding
2026-08-24 10:19:42 5b.gestores 1 como GESTOR DO ESPACO em /spaces/secretaria_qa_dois: prova.binding
2026-08-24 10:19:44 1. grupo    criado: /QA2/QA2DIV
2026-08-24 10:20:00 2. espaco   criado: Divisão QA Dois (id 26)
2026-08-24 10:20:00 3. aninhar  dentro de 'Secretaria QA Dois' (id 25)
2026-08-24 10:20:00 4. binding  'Divisão QA Dois' <- /QA2, /QA2/QA2DIV   (total 2)
2026-08-24 10:20:01 1. grupo    criado: /QA2/QA2DIV/QA2SET
2026-08-24 10:20:20 2. espaco   criado: Setor QA Dois (id 27)
2026-08-24 10:20:20 3. aninhar  dentro de 'Divisão QA Dois' (id 26)
2026-08-24 10:20:21 4. binding  'Setor QA Dois' <- /QA2, /QA2/QA2DIV, /QA2/QA2DIV/QA2SET   (total 3)
2026-08-24 10:20:21 5. usuarios 1 adicionados a /QA2/QA2DIV/QA2SET: tela.binding
2026-08-24 10:21:29 1. grupo    ja existe: /SITDS
2026-08-24 10:21:29 2. espaco   ja existe: Secretaria de Inovação, Tecnologia e Desenvolvimento Sustentável (id 19)
2026-08-24 10:21:29 3. aninhar  ja esta dentro de 'Lobby Prefeitura'
2026-08-24 10:21:29 4. binding  'Secretaria de Inovação, Tecnologia e Desenvolvimento Sustentável' ja sincroniza a cadeia: /SITDS
2026-08-24 10:21:29 4. binding  'Lobby Prefeitura' ja sincroniza /SITDS
2026-08-24 10:21:29 5. gestores 1 ja eram MANAGER em /SITDS (ignorados): wilson.franca
2026-08-24 10:21:29 5b.gestores 1 ja eram GESTOR DO ESPACO (/spaces/secretaria_de_inovac_a_o4_tecnologia_e_desenvolvimento_sustenta_vel)
2026-08-24 10:21:29 1. grupo    ja existe: /SITDS/DIT
2026-08-24 10:21:29 2. espaco   ja existe: Divisão de Inovação Tecnológica (id 20)
2026-08-24 10:21:29 3. aninhar  ja esta dentro de 'Secretaria de Inovação, Tecnologia e Desenvolvimento Sustentável'
2026-08-24 10:21:29 4. binding  'Divisão de Inovação Tecnológica' ja sincroniza a cadeia: /SITDS, /SITDS/DIT
2026-08-24 10:21:29 5. gestores 1 ja eram MANAGER em /SITDS/DIT (ignorados): isabela.feitosa
2026-08-24 10:21:29 5b.gestores 1 ja eram GESTOR DO ESPACO (/spaces/divisa_o_de_inovac_a_o_tecnolo_gica)
2026-08-24 10:21:30 1. grupo    ja existe: /SITDS/DIT/ST
2026-08-24 10:21:30 2. espaco   ja existe: Setor de Tecnologia (id 21)
2026-08-24 10:21:30 3. aninhar  ja esta dentro de 'Divisão de Inovação Tecnológica'
2026-08-24 10:21:30 4. binding  'Setor de Tecnologia' ja sincroniza a cadeia: /SITDS, /SITDS/DIT, /SITDS/DIT/ST
2026-08-24 10:21:30 5. gestores 1 ja eram MANAGER em /SITDS/DIT/ST (ignorados): anderson.polizel
2026-08-24 10:21:30 5b.gestores 1 ja eram GESTOR DO ESPACO (/spaces/setor_de_tecnologia)
2026-08-24 10:21:30 1. grupo    ja existe: /SITDS
2026-08-24 10:21:30 2. espaco   ja existe: Secretaria de Inovação, Tecnologia e Desenvolvimento Sustentável (id 19)
2026-08-24 10:21:30 3. aninhar  ja esta dentro de 'Lobby Prefeitura'
2026-08-24 10:21:30 4. binding  'Secretaria de Inovação, Tecnologia e Desenvolvimento Sustentável' ja sincroniza a cadeia: /SITDS
2026-08-24 10:21:30 4. binding  'Lobby Prefeitura' ja sincroniza /SITDS
2026-08-24 10:21:30 5. gestores 1 ja eram MANAGER em /SITDS (ignorados): wilson.franca
2026-08-24 10:21:30 5b.gestores 1 ja eram GESTOR DO ESPACO (/spaces/secretaria_de_inovac_a_o4_tecnologia_e_desenvolvimento_sustenta_vel)
2026-08-24 10:21:31 1. grupo    ja existe: /SITDS/DIT
2026-08-24 10:21:31 2. espaco   ja existe: Divisão de Inovação Tecnológica (id 20)
2026-08-24 10:21:31 3. aninhar  ja esta dentro de 'Secretaria de Inovação, Tecnologia e Desenvolvimento Sustentável'
2026-08-24 10:21:31 4. binding  'Divisão de Inovação Tecnológica' ja sincroniza a cadeia: /SITDS, /SITDS/DIT
2026-08-24 10:21:31 5. gestores 1 ja eram MANAGER em /SITDS/DIT (ignorados): isabela.feitosa
2026-08-24 10:21:31 5b.gestores 1 ja eram GESTOR DO ESPACO (/spaces/divisa_o_de_inovac_a_o_tecnolo_gica)
2026-08-24 10:21:31 1. grupo    ja existe: /SITDS/DIT/ST
2026-08-24 10:21:31 2. espaco   ja existe: Setor de Tecnologia (id 21)
2026-08-24 10:21:31 3. aninhar  ja esta dentro de 'Divisão de Inovação Tecnológica'
2026-08-24 10:21:31 4. binding  'Setor de Tecnologia' ja sincroniza a cadeia: /SITDS, /SITDS/DIT, /SITDS/DIT/ST
2026-08-24 10:21:31 5. gestores 1 ja eram MANAGER em /SITDS/DIT/ST (ignorados): anderson.polizel
2026-08-24 10:21:31 5b.gestores 1 ja eram GESTOR DO ESPACO (/spaces/setor_de_tecnologia)
2026-08-24 10:37:37 -- REMOVER /SITDS/DIT/ST e o espaco 'Setor de Tecnologia' (id 21, identificado por cadeia)
2026-08-24 10:37:37 vinculo /SITDS/DIT/ST retirado de 'Lobby Prefeitura'
2026-08-24 10:37:37 vinculo /SITDS/DIT/ST retirado de 'Setor de Tecnologia'
2026-08-24 10:37:50 espaco apagado: Setor de Tecnologia
2026-08-24 10:37:51 grupo apagado: /SITDS/DIT/ST
2026-08-24 10:37:51 -- REMOVER /SITDS/DIT e o espaco 'Divisão de Inovação Tecnológica' (id 20, identificado por cadeia)
2026-08-24 10:37:51 vinculo /SITDS/DIT retirado de 'Divisão de Inovação Tecnológica'
2026-08-24 10:37:51 vinculo /SITDS/DIT retirado de 'Lobby Prefeitura'
2026-08-24 10:38:05 espaco apagado: Divisão de Inovação Tecnológica
2026-08-24 10:38:06 grupo apagado: /SITDS/DIT
2026-08-24 10:38:06 -- REMOVER /SITDS e o espaco 'Secretaria de Inovação, Tecnologia e Desenvolvimento Sustentável' (id 19, identificado por cadeia)
2026-08-24 10:38:06 vinculo /SITDS retirado de 'Lobby Prefeitura'
2026-08-24 10:38:06 vinculo /SITDS retirado de 'Secretaria de Inovação, Tecnologia e Desenvolvimento Sustentável'
2026-08-24 10:38:18 espaco apagado: Secretaria de Inovação, Tecnologia e Desenvolvimento Sustentável
2026-08-24 10:38:18 grupo apagado: /SITDS
2026-08-24 10:38:18 OK -- 3 nivel(is) removido(s).
2026-08-24 10:39:17 == SECRETARIA: Secretaria de Inovação, Tecnologia e Desenvolvimento Sustentável  ->  grupo /SITDS
2026-08-24 10:39:17 1. grupo    criado: /SITDS
2026-08-24 10:39:37 2. espaco   criado: Secretaria de Inovação, Tecnologia e Desenvolvimento Sustentável (id 28)
2026-08-24 10:39:37 3. aninhar  dentro de 'Lobby Prefeitura' (id 13)
2026-08-24 10:39:37 4. cadeia   'Secretaria de Inovação, Tecnologia e Desenvolvimento Sustentável' <- /SITDS
2026-08-24 10:39:39 5. perfil   'Secretaria de Inovação, Tecnologia e Desenvolvimento Sustentável': descricao, imagens
2026-08-24 10:39:41 6. gestores: 1 em /SITDS -> wilson.franca
2026-08-24 10:39:42 6. gestor do espaco: 1 em /spaces/secretaria_de_inovac_a_o4_tecnologia_e_desenvolvimento_sustenta_vel -> wilson.franca
2026-08-24 10:39:42 == DIVISAO: Divisão de Inovação Tecnológica  ->  grupo /SITDS/DIT
2026-08-24 10:39:42 1. grupo    criado: /SITDS/DIT
2026-08-24 10:39:59 2. espaco   criado: Divisão de Inovação Tecnológica (id 29)
2026-08-24 10:39:59 3. aninhar  dentro de 'Secretaria de Inovação, Tecnologia e Desenvolvimento Sustentável' (id 28)
2026-08-24 10:40:00 4. cadeia   'Divisão de Inovação Tecnológica' <- /SITDS, /SITDS/DIT
2026-08-24 10:40:02 5. perfil   'Divisão de Inovação Tecnológica': descricao, imagens
2026-08-24 10:40:04 6. gestores: 1 em /SITDS/DIT -> isabela.feitosa
2026-08-24 10:40:05 6. gestor do espaco: 1 em /spaces/divisa_o_de_inovac_a_o_tecnolo_gica -> isabela.feitosa
2026-08-24 10:40:05 == SETOR: Setor de Tecnologia  ->  grupo /SITDS/DIT/ST
2026-08-24 10:40:05 1. grupo    criado: /SITDS/DIT/ST
2026-08-24 10:40:24 2. espaco   criado: Setor de Tecnologia (id 30)
2026-08-24 10:40:25 3. aninhar  dentro de 'Divisão de Inovação Tecnológica' (id 29)
2026-08-24 10:40:25 4. cadeia   'Setor de Tecnologia' <- /SITDS, /SITDS/DIT, /SITDS/DIT/ST
2026-08-24 10:40:27 5. perfil   'Setor de Tecnologia': descricao, imagens
2026-08-24 10:40:28 6. gestores: 1 em /SITDS/DIT/ST -> anderson.polizel
2026-08-24 10:40:29 6. gestor do espaco: 1 em /spaces/setor_de_tecnologia -> anderson.polizel
2026-08-24 10:40:30 6. membros: 1 em /SITDS/DIT/ST -> kaua.ferri
2026-08-24 10:40:30 OK -- 3 nivel(is) provisionado(s).
2026-08-24 10:40:30 NOTA: a entrada de quem JA' estava nos grupos so' aparece nos espacos quando o QueueGroupSpaceBindingJob roda (a cada 5 min).
2026-08-24 10:42:28 -- REMOVER /SITDS/DIT/ST e o espaco 'Setor de Tecnologia' (id 30, identificado por registro)
2026-08-24 10:42:28 vinculo /SITDS/DIT/ST retirado de 'Setor de Tecnologia'
2026-08-24 10:42:38 espaco apagado: Setor de Tecnologia
2026-08-24 10:42:39 grupo apagado: /SITDS/DIT/ST
2026-08-24 10:42:39 -- REMOVER /SITDS/DIT e o espaco 'Divisão de Inovação Tecnológica' (id 29, identificado por registro)
2026-08-24 10:42:39 vinculo /SITDS/DIT retirado de 'Divisão de Inovação Tecnológica'
2026-08-24 10:42:51 espaco apagado: Divisão de Inovação Tecnológica
2026-08-24 10:42:51 grupo apagado: /SITDS/DIT
2026-08-24 10:42:51 -- REMOVER /SITDS e o espaco 'Secretaria de Inovação, Tecnologia e Desenvolvimento Sustentável' (id 28, identificado por registro)
2026-08-24 10:42:52 vinculo /SITDS retirado de 'Secretaria de Inovação, Tecnologia e Desenvolvimento Sustentável'
2026-08-24 10:43:04 espaco apagado: Secretaria de Inovação, Tecnologia e Desenvolvimento Sustentável
2026-08-24 10:43:05 grupo apagado: /SITDS
2026-08-24 10:43:05 OK -- 3 nivel(is) removido(s).
2026-08-24 10:43:05 == SECRETARIA: Secretaria de Inovação, Tecnologia e Desenvolvimento Sustentável  ->  grupo /SITDS
2026-08-24 10:43:06 1. grupo    criado: /SITDS
2026-08-24 10:43:20 2. espaco   criado: Secretaria de Inovação, Tecnologia e Desenvolvimento Sustentável (id 31)
2026-08-24 10:43:21 3. aninhar  dentro de 'Lobby Prefeitura' (id 13)
2026-08-24 10:43:21 4. cadeia   'Secretaria de Inovação, Tecnologia e Desenvolvimento Sustentável' <- /SITDS
2026-08-24 10:43:23 5. perfil   'Secretaria de Inovação, Tecnologia e Desenvolvimento Sustentável': descricao, imagens
2026-08-24 10:43:24 6. gestores: 1 em /SITDS -> wilson.franca
2026-08-24 10:43:24 6. gestor do espaco: 1 em /spaces/secretaria_de_inovac_a_o4_tecnologia_e_desenvolvimento_sustenta_vel -> wilson.franca
2026-08-24 10:43:24 == DIVISAO: Divisão de Inovação Tecnológica  ->  grupo /SITDS/DIT
2026-08-24 10:43:25 1. grupo    criado: /SITDS/DIT
2026-08-24 10:43:39 2. espaco   criado: Divisão de Inovação Tecnológica (id 32)
2026-08-24 10:43:40 3. aninhar  dentro de 'Secretaria de Inovação, Tecnologia e Desenvolvimento Sustentável' (id 31)
2026-08-24 10:43:40 4. cadeia   'Divisão de Inovação Tecnológica' <- /SITDS, /SITDS/DIT
2026-08-24 10:43:42 5. perfil   'Divisão de Inovação Tecnológica': descricao, imagens
2026-08-24 10:43:43 6. gestores: 1 em /SITDS/DIT -> isabela.feitosa
2026-08-24 10:43:43 6. gestor do espaco: 1 em /spaces/divisa_o_de_inovac_a_o_tecnolo_gica -> isabela.feitosa
2026-08-24 10:43:43 == SETOR: Setor de Tecnologia  ->  grupo /SITDS/DIT/ST
2026-08-24 10:43:44 1. grupo    criado: /SITDS/DIT/ST
2026-08-24 10:44:00 2. espaco   criado: Setor de Tecnologia (id 33)
2026-08-24 10:44:00 3. aninhar  dentro de 'Divisão de Inovação Tecnológica' (id 32)
2026-08-24 10:44:01 4. cadeia   'Setor de Tecnologia' <- /SITDS, /SITDS/DIT, /SITDS/DIT/ST
2026-08-24 10:44:03 5. perfil   'Setor de Tecnologia': descricao, imagens
2026-08-24 10:44:05 6. gestores: 1 em /SITDS/DIT/ST -> anderson.polizel
2026-08-24 10:44:05 6. gestor do espaco: 1 em /spaces/setor_de_tecnologia -> anderson.polizel
2026-08-24 10:44:07 6. membros: 1 em /SITDS/DIT/ST -> kaua.ferri
2026-08-24 10:44:07 == consolidando perfis (ultima escrita) ==
2026-08-24 10:44:07 'Secretaria de Inovação, Tecnologia e Desenvolvimento Sustentável': perfil integro
2026-08-24 10:44:07 'Divisão de Inovação Tecnológica': perfil integro
2026-08-24 10:44:07 'Setor de Tecnologia': perfil integro
2026-08-24 10:44:07 OK -- 3 nivel(is) provisionado(s).
2026-08-24 10:44:07 NOTA: a entrada de quem JA' estava nos grupos so' aparece nos espacos quando o QueueGroupSpaceBindingJob roda (a cada 5 min).
2026-08-24 10:45:01 == SECRETARIA: Secretaria QA Web  ->  grupo /QAWEB
2026-08-24 10:45:01 1. grupo    criado: /QAWEB
2026-08-24 10:45:01 2. espaco   criado: Secretaria QA Web (id <simulacao>)
2026-08-24 10:45:01 3. aninhar  dentro de 'Lobby Prefeitura' (id 13)
2026-08-24 10:45:01 4. cadeia   'Secretaria QA Web' <- /QAWEB
2026-08-24 10:45:01 5. perfil   [simulacao] descricao/avatar/banner de 'Secretaria QA Web'
2026-08-24 10:45:01 6. gestores: 1 em /QAWEB -> prova.binding
2026-08-24 10:45:01 6. AVISO: nao descobri o grupo tecnico do espaco; os gestores ficam sem poder de administrar
2026-08-24 10:45:01 == DIVISAO: Divisão QA Web  ->  grupo /QAWEB/QAWDIV
2026-08-24 10:45:01 ERRO: grupo pai '/QAWEB' nao existe -- crie o nivel de cima antes
2026-08-24 10:45:01 ROLLBACK (erro: grupo pai '/QAWEB' nao existe -- crie o nivel de cima antes): desfazendo 4 acao(oes) deste run, da ultima para a primeira
2026-08-24 10:45:01 desfeito: membership manager prova.binding em /QAWEB
2026-08-24 10:45:01 desfeito: vinculo /QAWEB em Secretaria QA Web
2026-08-24 10:45:01 desfeito: espaco Secretaria QA Web (id <simulacao>)
2026-08-24 10:45:01 desfeito: grupo /QAWEB
2026-08-24 10:45:44 == SECRETARIA: Secretaria QA Web  ->  grupo /QAWEB
2026-08-24 10:45:45 1. grupo    criado: /QAWEB
2026-08-24 10:45:45 2. espaco   criado: Secretaria QA Web (id <simulacao>)
2026-08-24 10:45:45 3. aninhar  dentro de 'Lobby Prefeitura' (id 13)
2026-08-24 10:45:45 4. cadeia   'Secretaria QA Web' <- /QAWEB
2026-08-24 10:45:45 5. perfil   [simulacao] descricao/avatar/banner de 'Secretaria QA Web'
2026-08-24 10:45:45 6. gestores: 1 em /QAWEB -> prova.binding
2026-08-24 10:45:45 6. AVISO: nao descobri o grupo tecnico do espaco; os gestores ficam sem poder de administrar
2026-08-24 10:45:45 == DIVISAO: Divisão QA Web  ->  grupo /QAWEB/QAWDIV
2026-08-24 10:45:45 ERRO: grupo pai '/QAWEB' nao existe -- crie o nivel de cima antes
2026-08-24 10:45:45 ROLLBACK (erro: grupo pai '/QAWEB' nao existe -- crie o nivel de cima antes): desfazendo 4 acao(oes) deste run, da ultima para a primeira
2026-08-24 10:45:45 desfeito: membership manager prova.binding em /QAWEB
2026-08-24 10:45:45 desfeito: vinculo /QAWEB em Secretaria QA Web
2026-08-24 10:45:45 desfeito: espaco Secretaria QA Web (id <simulacao>)
2026-08-24 10:45:45 desfeito: grupo /QAWEB
2026-08-24 10:46:21 == SECRETARIA: Secretaria QA Web  ->  grupo /QAWEB
2026-08-24 10:46:21 1. grupo    criado: /QAWEB
2026-08-24 10:46:21 2. espaco   criado: Secretaria QA Web (id sim-1)
2026-08-24 10:46:21 3. aninhar  dentro de 'Lobby Prefeitura' (id 13)
2026-08-24 10:46:21 4. cadeia   'Secretaria QA Web' <- /QAWEB
2026-08-24 10:46:21 5. perfil   [simulacao] descricao/avatar/banner de 'Secretaria QA Web'
2026-08-24 10:46:21 6. gestores: 1 em /QAWEB -> prova.binding
2026-08-24 10:46:21 6. gestor do espaco: 1 em /spaces/sim_qaweb -> prova.binding
2026-08-24 10:46:21 == DIVISAO: Divisão QA Web  ->  grupo /QAWEB/QAWDIV
2026-08-24 10:46:21 1. grupo    criado: /QAWEB/QAWDIV
2026-08-24 10:46:21 2. espaco   criado: Divisão QA Web (id sim-2)
2026-08-24 10:46:21 3. aninhar  dentro de 'Secretaria QA Web' (id sim-1)
2026-08-24 10:46:21 4. cadeia   'Divisão QA Web' <- /QAWEB, /QAWEB/QAWDIV
2026-08-24 10:46:21 5. perfil   [simulacao] descricao/avatar/banner de 'Divisão QA Web'
2026-08-24 10:46:21 6. pessoas  nenhuma informada
2026-08-24 10:46:21 == SETOR: Setor QA Web  ->  grupo /QAWEB/QAWDIV/QAWSET
2026-08-24 10:46:21 1. grupo    criado: /QAWEB/QAWDIV/QAWSET
2026-08-24 10:46:21 2. espaco   criado: Setor QA Web (id sim-3)
2026-08-24 10:46:21 3. aninhar  dentro de 'Divisão QA Web' (id sim-2)
2026-08-24 10:46:21 4. cadeia   'Setor QA Web' <- /QAWEB, /QAWEB/QAWDIV, /QAWEB/QAWDIV/QAWSET
2026-08-24 10:46:21 5. perfil   [simulacao] descricao/avatar/banner de 'Setor QA Web'
2026-08-24 10:46:21 6. membros: 1 em /QAWEB/QAWDIV/QAWSET -> tela.binding
2026-08-24 10:46:21 == consolidando perfis (ultima escrita) ==
2026-08-24 10:46:21 OK -- 3 nivel(is) provisionado(s).
2026-08-24 10:46:21 NOTA: a entrada de quem JA' estava nos grupos so' aparece nos espacos quando o QueueGroupSpaceBindingJob roda (a cada 5 min).
2026-08-24 10:46:41 == SECRETARIA: Secretaria QA Web  ->  grupo /QAWEB
2026-08-24 10:46:41 1. grupo    criado: /QAWEB
2026-08-24 10:46:55 2. espaco   criado: Secretaria QA Web (id 34)
2026-08-24 10:46:56 3. aninhar  dentro de 'Lobby Prefeitura' (id 13)
2026-08-24 10:46:56 4. cadeia   'Secretaria QA Web' <- /QAWEB
2026-08-24 10:46:56 5. perfil   'Secretaria QA Web': descricao
2026-08-24 10:46:57 6. gestores: 1 em /QAWEB -> prova.binding
2026-08-24 10:46:58 6. gestor do espaco: 1 em /spaces/secretaria_qa_web -> prova.binding
2026-08-24 10:46:58 == DIVISAO: Divisão QA Web  ->  grupo /QAWEB/QAWDIV
2026-08-24 10:46:58 1. grupo    criado: /QAWEB/QAWDIV
2026-08-24 10:47:14 2. espaco   criado: Divisão QA Web (id 35)
2026-08-24 10:47:14 PARADO: parada pedida pelo operador
2026-08-24 10:47:14 ROLLBACK (parada pedida): desfazendo 9 acao(oes) deste run, da ultima para a primeira
2026-08-24 10:47:14 desfeito: registro /QAWEB/QAWDIV
2026-08-24 10:47:25 desfeito: espaco Divisão QA Web (id 35)
2026-08-24 10:47:25 desfeito: grupo /QAWEB/QAWDIV
2026-08-24 10:47:26 desfeito: membership manager prova.binding em /spaces/secretaria_qa_web
2026-08-24 10:47:27 desfeito: membership manager prova.binding em /QAWEB
2026-08-24 10:47:28 desfeito: vinculo /QAWEB em Secretaria QA Web
2026-08-24 10:47:28 desfeito: registro /QAWEB
2026-08-24 10:47:39 desfeito: espaco Secretaria QA Web (id 34)
2026-08-24 10:47:40 desfeito: grupo /QAWEB
2026-08-24 10:48:34 == SECRETARIA: Secretaria QA Web  ->  grupo /QAWEB
2026-08-24 10:48:35 1. grupo    criado: /QAWEB
2026-08-24 10:48:52 2. espaco   criado: Secretaria QA Web (id 36)
2026-08-24 10:48:52 3. aninhar  dentro de 'Lobby Prefeitura' (id 13)
2026-08-24 10:48:52 4. cadeia   'Secretaria QA Web' <- /QAWEB
2026-08-24 10:48:53 5. perfil   'Secretaria QA Web': descricao
2026-08-24 10:48:55 6. gestores: 1 em /QAWEB -> prova.binding
2026-08-24 10:48:55 6. gestor do espaco: 1 em /spaces/secretaria_qa_web -> prova.binding
2026-08-24 10:48:55 == DIVISAO: Divisão QA Web  ->  grupo /QAWEB/QAWDIV
2026-08-24 10:48:56 1. grupo    criado: /QAWEB/QAWDIV
2026-08-24 10:49:11 2. espaco   criado: Divisão QA Web (id 37)
2026-08-24 10:49:11 3. aninhar  dentro de 'Secretaria QA Web' (id 36)
2026-08-24 10:49:12 4. cadeia   'Divisão QA Web' <- /QAWEB, /QAWEB/QAWDIV
2026-08-24 10:49:12 5. perfil   'Divisão QA Web': descricao
2026-08-24 10:49:12 6. pessoas  nenhuma informada
2026-08-24 10:49:12 == SETOR: Setor QA Web  ->  grupo /QAWEB/QAWDIV/QAWSET
2026-08-24 10:49:13 1. grupo    criado: /QAWEB/QAWDIV/QAWSET
2026-08-24 10:49:30 2. espaco   criado: Setor QA Web (id 38)
2026-08-24 10:49:30 3. aninhar  dentro de 'Divisão QA Web' (id 37)
2026-08-24 10:49:31 4. cadeia   'Setor QA Web' <- /QAWEB, /QAWEB/QAWDIV, /QAWEB/QAWDIV/QAWSET
2026-08-24 10:49:31 5. perfil   'Setor QA Web': descricao
2026-08-24 10:49:32 6. membros: 1 em /QAWEB/QAWDIV/QAWSET -> tela.binding
2026-08-24 10:49:32 == consolidando perfis (ultima escrita) ==
2026-08-24 10:49:32 'Secretaria QA Web': perfil integro
2026-08-24 10:49:32 'Divisão QA Web': perfil integro
2026-08-24 10:49:32 'Setor QA Web': perfil integro
2026-08-24 10:49:32 OK -- 3 nivel(is) provisionado(s).
2026-08-24 10:49:32 NOTA: a entrada de quem JA' estava nos grupos so' aparece nos espacos quando o QueueGroupSpaceBindingJob roda (a cada 5 min).
2026-08-24 10:49:42 -- REMOVER /QAWEB/QAWDIV/QAWSET e o espaco 'Setor QA Web' (id 38, identificado por registro)
2026-08-24 10:49:43 vinculo /QAWEB/QAWDIV/QAWSET retirado de 'Setor QA Web'
2026-08-24 10:49:56 espaco apagado: Setor QA Web
2026-08-24 10:49:56 grupo apagado: /QAWEB/QAWDIV/QAWSET
2026-08-24 10:49:56 -- REMOVER /QAWEB/QAWDIV e o espaco 'Divisão QA Web' (id 37, identificado por registro)
2026-08-24 10:49:56 vinculo /QAWEB/QAWDIV retirado de 'Divisão QA Web'
2026-08-24 10:50:09 espaco apagado: Divisão QA Web
2026-08-24 10:50:09 grupo apagado: /QAWEB/QAWDIV
2026-08-24 10:50:09 -- REMOVER /QAWEB e o espaco 'Secretaria QA Web' (id 36, identificado por registro)
2026-08-24 10:50:10 vinculo /QAWEB retirado de 'Secretaria QA Web'
2026-08-24 10:50:23 espaco apagado: Secretaria QA Web
2026-08-24 10:50:23 grupo apagado: /QAWEB
2026-08-24 10:50:23 OK -- 3 nivel(is) removido(s).
2026-08-24 10:50:49 == SECRETARIA: Secretaria Municipal de Educação  ->  grupo /SEMED
2026-08-24 10:50:49 1. grupo    criado: /SEMED
2026-08-24 10:50:49 2. espaco   criado: Secretaria Municipal de Educação (id sim-1)
2026-08-24 10:50:49 3. aninhar  dentro de 'Lobby Prefeitura' (id 13)
2026-08-24 10:50:49 4. cadeia   'Secretaria Municipal de Educação' <- /SEMED
2026-08-24 10:50:49 5. perfil   [simulacao] descricao/avatar/banner de 'Secretaria Municipal de Educação'
2026-08-24 10:50:49 6. gestores: 1 em /SEMED -> prova.binding
2026-08-24 10:50:49 6. gestor do espaco: 1 em /spaces/sim_semed -> prova.binding
2026-08-24 10:50:49 == DIVISAO: Divisão de Ensino Fundamental  ->  grupo /SEMED/DEINF
2026-08-24 10:50:49 1. grupo    criado: /SEMED/DEINF
2026-08-24 10:50:50 2. espaco   criado: Divisão de Ensino Fundamental (id sim-2)
2026-08-24 10:50:50 3. aninhar  dentro de 'Secretaria Municipal de Educação' (id sim-1)
2026-08-24 10:50:50 4. cadeia   'Divisão de Ensino Fundamental' <- /SEMED, /SEMED/DEINF
2026-08-24 10:50:50 5. perfil   [simulacao] descricao/avatar/banner de 'Divisão de Ensino Fundamental'
2026-08-24 10:50:50 6. pessoas  nenhuma informada
2026-08-24 10:50:50 == SETOR: Setor Pedagógico  ->  grupo /SEMED/DEINF/SPED
2026-08-24 10:50:50 1. grupo    criado: /SEMED/DEINF/SPED
2026-08-24 10:50:50 2. espaco   criado: Setor Pedagógico (id sim-3)
2026-08-24 10:50:50 3. aninhar  dentro de 'Divisão de Ensino Fundamental' (id sim-2)
2026-08-24 10:50:50 4. cadeia   'Setor Pedagógico' <- /SEMED, /SEMED/DEINF, /SEMED/DEINF/SPED
2026-08-24 10:50:50 5. perfil   [simulacao] descricao/avatar/banner de 'Setor Pedagógico'
2026-08-24 10:50:50 6. pessoas  nenhuma informada
2026-08-24 10:50:50 == SETOR: Setor de Merenda  ->  grupo /SEMED/DEINF/SMER
2026-08-24 10:50:50 1. grupo    criado: /SEMED/DEINF/SMER
2026-08-24 10:50:50 2. espaco   criado: Setor de Merenda (id sim-4)
2026-08-24 10:50:50 3. aninhar  dentro de 'Divisão de Ensino Fundamental' (id sim-2)
2026-08-24 10:50:50 4. cadeia   'Setor de Merenda' <- /SEMED, /SEMED/DEINF, /SEMED/DEINF/SMER
2026-08-24 10:50:50 5. perfil   [simulacao] descricao/avatar/banner de 'Setor de Merenda'
2026-08-24 10:50:50 6. pessoas  nenhuma informada
2026-08-24 10:50:50 == DIVISAO: Divisão Administrativa  ->  grupo /SEMED/DADM
2026-08-24 10:50:50 1. grupo    criado: /SEMED/DADM
2026-08-24 10:50:50 2. espaco   criado: Divisão Administrativa (id sim-5)
2026-08-24 10:50:50 3. aninhar  dentro de 'Secretaria Municipal de Educação' (id sim-1)
2026-08-24 10:50:50 4. cadeia   'Divisão Administrativa' <- /SEMED, /SEMED/DADM
2026-08-24 10:50:50 5. perfil   [simulacao] descricao/avatar/banner de 'Divisão Administrativa'
2026-08-24 10:50:50 6. pessoas  nenhuma informada
2026-08-24 10:50:50 == SETOR: Setor de Recursos Humanos  ->  grupo /SEMED/DADM/SRH
2026-08-24 10:50:50 1. grupo    criado: /SEMED/DADM/SRH
2026-08-24 10:50:50 2. espaco   criado: Setor de Recursos Humanos (id sim-6)
2026-08-24 10:50:50 3. aninhar  dentro de 'Divisão Administrativa' (id sim-5)
2026-08-24 10:50:50 4. cadeia   'Setor de Recursos Humanos' <- /SEMED, /SEMED/DADM, /SEMED/DADM/SRH
2026-08-24 10:50:50 5. perfil   [simulacao] descricao/avatar/banner de 'Setor de Recursos Humanos'
2026-08-24 10:50:50 6. pessoas  nenhuma informada
2026-08-24 10:50:50 == SECRETARIA: Secretaria Municipal de Saúde  ->  grupo /SESAU
2026-08-24 10:50:50 1. grupo    criado: /SESAU
2026-08-24 10:50:50 2. espaco   criado: Secretaria Municipal de Saúde (id sim-7)
2026-08-24 10:50:50 3. aninhar  dentro de 'Lobby Prefeitura' (id 13)
2026-08-24 10:50:50 4. cadeia   'Secretaria Municipal de Saúde' <- /SESAU
2026-08-24 10:50:50 5. perfil   [simulacao] descricao/avatar/banner de 'Secretaria Municipal de Saúde'
2026-08-24 10:50:50 6. pessoas  nenhuma informada
2026-08-24 10:50:50 == DIVISAO: Divisão de Vigilância  ->  grupo /SESAU/DVIG
2026-08-24 10:50:50 1. grupo    criado: /SESAU/DVIG
2026-08-24 10:50:51 2. espaco   criado: Divisão de Vigilância (id sim-8)
2026-08-24 10:50:51 3. aninhar  dentro de 'Secretaria Municipal de Saúde' (id sim-7)
2026-08-24 10:50:51 4. cadeia   'Divisão de Vigilância' <- /SESAU, /SESAU/DVIG
2026-08-24 10:50:51 5. perfil   [simulacao] descricao/avatar/banner de 'Divisão de Vigilância'
2026-08-24 10:50:51 6. pessoas  nenhuma informada
2026-08-24 10:50:51 == SETOR: Setor de Epidemiologia  ->  grupo /SESAU/DVIG/SEPI
2026-08-24 10:50:51 1. grupo    criado: /SESAU/DVIG/SEPI
2026-08-24 10:50:51 2. espaco   criado: Setor de Epidemiologia (id sim-9)
2026-08-24 10:50:51 3. aninhar  dentro de 'Divisão de Vigilância' (id sim-8)
2026-08-24 10:50:51 4. cadeia   'Setor de Epidemiologia' <- /SESAU, /SESAU/DVIG, /SESAU/DVIG/SEPI
2026-08-24 10:50:51 5. perfil   [simulacao] descricao/avatar/banner de 'Setor de Epidemiologia'
2026-08-24 10:50:51 6. pessoas  nenhuma informada
2026-08-24 10:50:51 == consolidando perfis (ultima escrita) ==
2026-08-24 10:50:51 OK -- 9 nivel(is) provisionado(s).
2026-08-24 10:50:51 NOTA: a entrada de quem JA' estava nos grupos so' aparece nos espacos quando o QueueGroupSpaceBindingJob roda (a cada 5 min).
2026-08-24 11:00:19 == SECRETARIA: Secretaria QA Stack  ->  grupo /QASTACK
2026-08-24 11:00:19 1. grupo    criado: /QASTACK
2026-08-24 11:00:33 2. espaco   criado: Secretaria QA Stack (id 39)
2026-08-24 11:00:33 3. aninhar  dentro de 'Lobby Prefeitura' (id 13)
2026-08-24 11:00:34 4. cadeia   'Secretaria QA Stack' <- /QASTACK
2026-08-24 11:00:34 5. perfil   'Secretaria QA Stack': descricao
2026-08-24 11:00:35 6. gestores: 1 em /QASTACK -> prova.binding
2026-08-24 11:00:35 6. gestor do espaco: 1 em /spaces/secretaria_qa_stack -> prova.binding
2026-08-24 11:00:35 == DIVISAO: Divisão QA Stack  ->  grupo /QASTACK/QSDIV
2026-08-24 11:00:36 1. grupo    criado: /QASTACK/QSDIV
2026-08-24 11:00:50 2. espaco   criado: Divisão QA Stack (id 40)
2026-08-24 11:00:50 3. aninhar  dentro de 'Secretaria QA Stack' (id 39)
2026-08-24 11:00:51 4. cadeia   'Divisão QA Stack' <- /QASTACK, /QASTACK/QSDIV
2026-08-24 11:00:51 5. perfil   'Divisão QA Stack': descricao
2026-08-24 11:00:51 6. pessoas  nenhuma informada
2026-08-24 11:00:51 == SETOR: Setor QA Stack  ->  grupo /QASTACK/QSDIV/QSSET
2026-08-24 11:00:51 1. grupo    criado: /QASTACK/QSDIV/QSSET
2026-08-24 11:01:05 2. espaco   criado: Setor QA Stack (id 41)
2026-08-24 11:01:06 3. aninhar  dentro de 'Divisão QA Stack' (id 40)
2026-08-24 11:01:06 4. cadeia   'Setor QA Stack' <- /QASTACK, /QASTACK/QSDIV, /QASTACK/QSDIV/QSSET
2026-08-24 11:01:06 5. perfil   'Setor QA Stack': descricao
2026-08-24 11:01:07 6. membros: 1 em /QASTACK/QSDIV/QSSET -> tela.binding
2026-08-24 11:01:07 == consolidando perfis (ultima escrita) ==
2026-08-24 11:01:07 'Secretaria QA Stack': perfil integro
2026-08-24 11:01:07 'Divisão QA Stack': perfil integro
2026-08-24 11:01:07 'Setor QA Stack': perfil integro
2026-08-24 11:01:07 OK -- 3 nivel(is) provisionado(s).
2026-08-24 11:01:07 NOTA: a entrada de quem JA' estava nos grupos so' aparece nos espacos quando o QueueGroupSpaceBindingJob roda (a cada 5 min).
2026-08-24 11:01:20 -- REMOVER /QASTACK/QSDIV/QSSET e o espaco 'Setor QA Stack' (id 41, identificado por registro)
2026-08-24 11:01:21 vinculo /QASTACK/QSDIV/QSSET retirado de 'Setor QA Stack'
2026-08-24 11:01:31 espaco apagado: Setor QA Stack
2026-08-24 11:01:32 grupo apagado: /QASTACK/QSDIV/QSSET
2026-08-24 11:01:32 -- REMOVER /QASTACK/QSDIV e o espaco 'Divisão QA Stack' (id 40, identificado por registro)
2026-08-24 11:01:32 vinculo /QASTACK/QSDIV retirado de 'Divisão QA Stack'
2026-08-24 11:01:42 espaco apagado: Divisão QA Stack
2026-08-24 11:01:42 grupo apagado: /QASTACK/QSDIV
2026-08-24 11:01:42 -- REMOVER /QASTACK e o espaco 'Secretaria QA Stack' (id 39, identificado por registro)
2026-08-24 11:01:42 vinculo /QASTACK retirado de 'Secretaria QA Stack'
2026-08-24 11:01:54 espaco apagado: Secretaria QA Stack
2026-08-24 11:01:55 grupo apagado: /QASTACK
2026-08-24 11:01:55 OK -- 3 nivel(is) removido(s).
2026-08-24 11:10:19 == SECRETARIA: Secretaria QA Auth  ->  grupo /QAAUTH
2026-08-24 11:10:19 1. grupo    criado: /QAAUTH
2026-08-24 11:10:38 2. espaco   criado: Secretaria QA Auth (id 42)
2026-08-24 11:10:38 3. aninhar  dentro de 'Lobby Prefeitura' (id 13)
2026-08-24 11:10:38 4. cadeia   'Secretaria QA Auth' <- /QAAUTH
2026-08-24 11:10:39 5. perfil   'Secretaria QA Auth': descricao
2026-08-24 11:10:39 6. pessoas  nenhuma informada
2026-08-24 11:10:39 == DIVISAO: Divisão QA Auth  ->  grupo /QAAUTH/QADV
2026-08-24 11:10:39 1. grupo    criado: /QAAUTH/QADV
2026-08-24 11:10:54 2. espaco   criado: Divisão QA Auth (id 43)
2026-08-24 11:10:54 3. aninhar  dentro de 'Secretaria QA Auth' (id 42)
2026-08-24 11:10:55 4. cadeia   'Divisão QA Auth' <- /QAAUTH, /QAAUTH/QADV
2026-08-24 11:10:55 5. perfil   'Divisão QA Auth': descricao
2026-08-24 11:10:55 6. pessoas  nenhuma informada
2026-08-24 11:10:55 == SETOR: Setor QA Auth  ->  grupo /QAAUTH/QADV/QAST
2026-08-24 11:10:55 1. grupo    criado: /QAAUTH/QADV/QAST
2026-08-24 11:11:11 2. espaco   criado: Setor QA Auth (id 44)
2026-08-24 11:11:11 3. aninhar  dentro de 'Divisão QA Auth' (id 43)
2026-08-24 11:11:11 4. cadeia   'Setor QA Auth' <- /QAAUTH, /QAAUTH/QADV, /QAAUTH/QADV/QAST
2026-08-24 11:11:12 5. perfil   'Setor QA Auth': descricao
2026-08-24 11:11:12 6. pessoas  nenhuma informada
2026-08-24 11:11:12 == consolidando perfis (ultima escrita) ==
2026-08-24 11:11:12 'Secretaria QA Auth': perfil integro
2026-08-24 11:11:12 'Divisão QA Auth': perfil integro
2026-08-24 11:11:12 'Setor QA Auth': perfil integro
2026-08-24 11:11:12 OK -- 3 nivel(is) provisionado(s).
2026-08-24 11:11:12 NOTA: a entrada de quem JA' estava nos grupos so' aparece nos espacos quando o QueueGroupSpaceBindingJob roda (a cada 5 min).
2026-08-24 11:11:15 -- REMOVER /QAAUTH/QADV/QAST e o espaco 'Setor QA Auth' (id 44, identificado por registro)
2026-08-24 11:11:15 vinculo /QAAUTH/QADV/QAST retirado de 'Setor QA Auth'
2026-08-24 11:11:28 espaco apagado: Setor QA Auth
2026-08-24 11:11:28 grupo apagado: /QAAUTH/QADV/QAST
2026-08-24 11:11:28 -- REMOVER /QAAUTH/QADV e o espaco 'Divisão QA Auth' (id 43, identificado por registro)
2026-08-24 11:11:28 vinculo /QAAUTH/QADV retirado de 'Divisão QA Auth'
2026-08-24 11:11:41 espaco apagado: Divisão QA Auth
2026-08-24 11:11:41 grupo apagado: /QAAUTH/QADV
2026-08-24 11:11:41 -- REMOVER /QAAUTH e o espaco 'Secretaria QA Auth' (id 42, identificado por registro)
2026-08-24 11:11:41 vinculo /QAAUTH retirado de 'Secretaria QA Auth'
2026-08-24 11:11:54 espaco apagado: Secretaria QA Auth
2026-08-24 11:11:54 grupo apagado: /QAAUTH
2026-08-24 11:11:54 OK -- 3 nivel(is) removido(s).
2026-08-24 11:13:07 == SECRETARIA: Secretaria de Inovação, Tecnologia e Desenvolvimento Sustentável  ->  grupo /SITDS
2026-08-24 11:13:07 1. grupo    ja existe: /SITDS
2026-08-24 11:13:07 2. espaco   ja existe: Secretaria de Inovação, Tecnologia e Desenvolvimento Sustentável (id 31)
2026-08-24 11:13:07 3. aninhar  ja esta dentro de 'Lobby Prefeitura'
2026-08-24 11:13:07 4. cadeia   'Secretaria de Inovação, Tecnologia e Desenvolvimento Sustentável' <- /SITDS
2026-08-24 11:13:07 5. perfil   [simulacao] descricao/avatar/banner de 'Secretaria de Inovação, Tecnologia e Desenvolvimento Sustentável'
2026-08-24 11:13:07 6. gestores: 1 em /SITDS -> wilson.franca
2026-08-24 11:13:07 6. gestor do espaco: 1 em /spaces/secretaria_de_inovac_a_o4_tecnologia_e_desenvolvimento_sustenta_vel -> wilson.franca
2026-08-24 11:13:07 == DIVISAO: Divisão de Inovação Tecnológica  ->  grupo /SITDS/DIT
2026-08-24 11:13:07 1. grupo    ja existe: /SITDS/DIT
2026-08-24 11:13:07 2. espaco   ja existe: Divisão de Inovação Tecnológica (id 32)
2026-08-24 11:13:07 3. aninhar  ja esta dentro de 'Secretaria de Inovação, Tecnologia e Desenvolvimento Sustentável'
2026-08-24 11:13:07 4. cadeia   'Divisão de Inovação Tecnológica' <- /SITDS, /SITDS/DIT
2026-08-24 11:13:07 5. perfil   [simulacao] descricao/avatar/banner de 'Divisão de Inovação Tecnológica'
2026-08-24 11:13:07 6. gestores: 1 em /SITDS/DIT -> isabela.feitosa
2026-08-24 11:13:07 6. gestor do espaco: 1 em /spaces/divisa_o_de_inovac_a_o_tecnolo_gica -> isabela.feitosa
2026-08-24 11:13:07 == SETOR: Setor de Tecnologia  ->  grupo /SITDS/DIT/ST
2026-08-24 11:13:07 1. grupo    ja existe: /SITDS/DIT/ST
2026-08-24 11:13:07 2. espaco   ja existe: Setor de Tecnologia (id 33)
2026-08-24 11:13:07 3. aninhar  ja esta dentro de 'Divisão de Inovação Tecnológica'
2026-08-24 11:13:07 4. cadeia   'Setor de Tecnologia' <- /SITDS, /SITDS/DIT, /SITDS/DIT/ST
2026-08-24 11:13:07 5. perfil   [simulacao] descricao/avatar/banner de 'Setor de Tecnologia'
2026-08-24 11:13:07 6. gestores: 1 em /SITDS/DIT/ST -> anderson.polizel
2026-08-24 11:13:07 6. gestor do espaco: 1 em /spaces/setor_de_tecnologia -> anderson.polizel
2026-08-24 11:13:07 6. membros: 1 em /SITDS/DIT/ST -> kaua.ferri
2026-08-24 11:13:07 == consolidando perfis (ultima escrita) ==
2026-08-24 11:13:07 'Secretaria de Inovação, Tecnologia e Desenvolvimento Sustentável': perfil integro
2026-08-24 11:13:07 'Divisão de Inovação Tecnológica': perfil integro
2026-08-24 11:13:07 'Setor de Tecnologia': perfil integro
2026-08-24 11:13:07 OK -- 3 nivel(is) provisionado(s).
2026-08-24 11:13:07 NOTA: a entrada de quem JA' estava nos grupos so' aparece nos espacos quando o QueueGroupSpaceBindingJob roda (a cada 5 min).
2026-08-24 11:23:03 -- REMOVER /SITDS/DIT/ST e o espaco 'Setor de Tecnologia' (id 33, identificado por registro)
2026-08-24 11:23:04 vinculo /SITDS/DIT/ST retirado de 'Setor de Tecnologia'
2026-08-24 11:23:16 espaco apagado: Setor de Tecnologia
2026-08-24 11:23:17 grupo apagado: /SITDS/DIT/ST
2026-08-24 11:23:17 -- REMOVER /SITDS/DIT e o espaco 'Divisão de Inovação Tecnológica' (id 32, identificado por registro)
2026-08-24 11:23:17 vinculo /SITDS/DIT retirado de 'Divisão de Inovação Tecnológica'
2026-08-24 11:23:30 espaco apagado: Divisão de Inovação Tecnológica
2026-08-24 11:23:31 grupo apagado: /SITDS/DIT
2026-08-24 11:23:31 -- REMOVER /SITDS e o espaco 'Secretaria de Inovação, Tecnologia e Desenvolvimento Sustentável' (id 31, identificado por registro)
2026-08-24 11:23:31 vinculo /SITDS retirado de 'Secretaria de Inovação, Tecnologia e Desenvolvimento Sustentável'
2026-08-24 11:23:43 espaco apagado: Secretaria de Inovação, Tecnologia e Desenvolvimento Sustentável
2026-08-24 11:23:43 grupo apagado: /SITDS
2026-08-24 11:23:43 OK -- 3 nivel(is) removido(s).
2026-08-24 11:23:47 == SECRETARIA: Secretaria de Inovação, Tecnologia e Desenvolvimento Sustentável  ->  grupo /SITDS
2026-08-24 11:23:48 1. grupo    criado: /SITDS
2026-08-24 11:24:08 2. espaco   criado: Secretaria de Inovação, Tecnologia e Desenvolvimento Sustentável (id 45)
2026-08-24 11:24:08 3. aninhar  dentro de 'Lobby Prefeitura' (id 13)
2026-08-24 11:24:08 4. cadeia   'Secretaria de Inovação, Tecnologia e Desenvolvimento Sustentável' <- /SITDS
2026-08-24 11:24:10 5. perfil   'Secretaria de Inovação, Tecnologia e Desenvolvimento Sustentável': descricao, imagens
2026-08-24 11:24:13 6. gestores: 1 em /SITDS -> wilson.franca
2026-08-24 11:24:13 6. gestor do espaco: 1 em /spaces/secretaria_de_inovac_a_o4_tecnologia_e_desenvolvimento_sustenta_vel -> wilson.franca
2026-08-24 11:24:13 == DIVISAO: Divisão de Inovação Tecnológica  ->  grupo /SITDS/DIT
2026-08-24 11:24:14 1. grupo    criado: /SITDS/DIT
2026-08-24 11:24:37 2. espaco   criado: Divisão de Inovação Tecnológica (id 46)
2026-08-24 11:24:37 3. aninhar  dentro de 'Secretaria de Inovação, Tecnologia e Desenvolvimento Sustentável' (id 45)
2026-08-24 11:24:38 4. cadeia   'Divisão de Inovação Tecnológica' <- /SITDS, /SITDS/DIT
2026-08-24 11:24:39 5. perfil   'Divisão de Inovação Tecnológica': descricao, imagens
2026-08-24 11:24:40 6. gestores: 1 em /SITDS/DIT -> isabela.feitosa
2026-08-24 11:24:40 6. gestor do espaco: 1 em /spaces/divisa_o_de_inovac_a_o_tecnolo_gica -> isabela.feitosa
2026-08-24 11:24:40 == SETOR: Setor de Tecnologia  ->  grupo /SITDS/DIT/ST
2026-08-24 11:24:41 1. grupo    criado: /SITDS/DIT/ST
2026-08-24 11:24:57 2. espaco   criado: Setor de Tecnologia (id 47)
2026-08-24 11:24:57 3. aninhar  dentro de 'Divisão de Inovação Tecnológica' (id 46)
2026-08-24 11:24:57 4. cadeia   'Setor de Tecnologia' <- /SITDS, /SITDS/DIT, /SITDS/DIT/ST
2026-08-24 11:24:58 5. perfil   'Setor de Tecnologia': descricao, imagens
2026-08-24 11:24:59 6. gestores: 1 em /SITDS/DIT/ST -> anderson.polizel
2026-08-24 11:25:00 6. gestor do espaco: 1 em /spaces/setor_de_tecnologia -> anderson.polizel
2026-08-24 11:25:03 6. membros: 1 em /SITDS/DIT/ST -> kaua.ferri
2026-08-24 11:25:03 == consolidando perfis (ultima escrita) ==
2026-08-24 11:25:03 'Secretaria de Inovação, Tecnologia e Desenvolvimento Sustentável': perfil integro
2026-08-24 11:25:03 'Divisão de Inovação Tecnológica': perfil integro
2026-08-24 11:25:03 'Setor de Tecnologia': perfil integro
2026-08-24 11:25:03 OK -- 3 nivel(is) provisionado(s).
2026-08-24 11:25:03 NOTA: a entrada de quem JA' estava nos grupos so' aparece nos espacos quando o QueueGroupSpaceBindingJob roda (a cada 5 min).
2026-08-24 11:25:20 -- REMOVER /SITDS/DIT/ST e o espaco 'Setor de Tecnologia' (id 47, identificado por registro)
2026-08-24 11:25:20 vinculo /SITDS/DIT/ST retirado de 'Setor de Tecnologia'
2026-08-24 11:25:34 espaco apagado: Setor de Tecnologia
2026-08-24 11:25:35 grupo apagado: /SITDS/DIT/ST
2026-08-24 11:25:35 -- REMOVER /SITDS/DIT e o espaco 'Divisão de Inovação Tecnológica' (id 46, identificado por registro)
2026-08-24 11:25:35 vinculo /SITDS/DIT retirado de 'Divisão de Inovação Tecnológica'
2026-08-24 11:25:48 espaco apagado: Divisão de Inovação Tecnológica
2026-08-24 11:25:48 grupo apagado: /SITDS/DIT
2026-08-24 11:25:48 -- REMOVER /SITDS e o espaco 'Secretaria de Inovação, Tecnologia e Desenvolvimento Sustentável' (id 45, identificado por registro)
2026-08-24 11:25:49 vinculo /SITDS retirado de 'Secretaria de Inovação, Tecnologia e Desenvolvimento Sustentável'
2026-08-24 11:26:00 espaco apagado: Secretaria de Inovação, Tecnologia e Desenvolvimento Sustentável
2026-08-24 11:26:01 grupo apagado: /SITDS
2026-08-24 11:26:01 OK -- 3 nivel(is) removido(s).
2026-08-24 11:26:04 == SECRETARIA: Secretaria de Inovação, Tecnologia e Desenvolvimento Sustentável  ->  grupo /SITDS
2026-08-24 11:26:04 1. grupo    criado: /SITDS
2026-08-24 11:26:21 2. espaco   criado: Secretaria de Inovação, Tecnologia e Desenvolvimento Sustentável (id 48)
2026-08-24 11:26:21 3. aninhar  dentro de 'Lobby Prefeitura' (id 13)
2026-08-24 11:26:22 4. cadeia   'Secretaria de Inovação, Tecnologia e Desenvolvimento Sustentável' <- /SITDS
2026-08-24 11:26:24 5. perfil   'Secretaria de Inovação, Tecnologia e Desenvolvimento Sustentável': descricao, imagens
2026-08-24 11:26:26 6. gestores: 1 em /SITDS -> wilson.franca
2026-08-24 11:26:26 6. gestor do espaco: 1 em /spaces/secretaria_de_inovac_a_o4_tecnologia_e_desenvolvimento_sustenta_vel -> wilson.franca
2026-08-24 11:26:26 == DIVISAO: Divisão de Inovação Tecnológica  ->  grupo /SITDS/DIT
2026-08-24 11:26:27 1. grupo    criado: /SITDS/DIT
2026-08-24 11:26:42 2. espaco   criado: Divisão de Inovação Tecnológica (id 49)
2026-08-24 11:26:42 3. aninhar  dentro de 'Secretaria de Inovação, Tecnologia e Desenvolvimento Sustentável' (id 48)
2026-08-24 11:26:42 4. cadeia   'Divisão de Inovação Tecnológica' <- /SITDS, /SITDS/DIT
2026-08-24 11:26:44 5. perfil   'Divisão de Inovação Tecnológica': descricao, imagens
2026-08-24 11:26:45 6. gestores: 1 em /SITDS/DIT -> isabela.feitosa
2026-08-24 11:26:46 6. gestor do espaco: 1 em /spaces/divisa_o_de_inovac_a_o_tecnolo_gica -> isabela.feitosa
2026-08-24 11:26:46 == SETOR: Setor de Tecnologia  ->  grupo /SITDS/DIT/ST
2026-08-24 11:26:46 1. grupo    criado: /SITDS/DIT/ST
2026-08-24 11:27:03 2. espaco   criado: Setor de Tecnologia (id 50)
2026-08-24 11:27:03 3. aninhar  dentro de 'Divisão de Inovação Tecnológica' (id 49)
2026-08-24 11:27:03 4. cadeia   'Setor de Tecnologia' <- /SITDS, /SITDS/DIT, /SITDS/DIT/ST
2026-08-24 11:27:05 5. perfil   'Setor de Tecnologia': descricao, imagens
2026-08-24 11:27:06 6. gestores: 1 em /SITDS/DIT/ST -> anderson.polizel
2026-08-24 11:27:06 6. gestor do espaco: 1 em /spaces/setor_de_tecnologia -> anderson.polizel
2026-08-24 11:27:07 6. membros: 1 em /SITDS/DIT/ST -> kaua.ferri
2026-08-24 11:27:07 == consolidando perfis (ultima escrita) ==
2026-08-24 11:27:07 'Secretaria de Inovação, Tecnologia e Desenvolvimento Sustentável': perfil integro
2026-08-24 11:27:07 'Divisão de Inovação Tecnológica': perfil integro
2026-08-24 11:27:07 'Setor de Tecnologia': perfil integro
2026-08-24 11:27:07 OK -- 3 nivel(is) provisionado(s).
2026-08-24 11:27:07 NOTA: a entrada de quem JA' estava nos grupos so' aparece nos espacos quando o QueueGroupSpaceBindingJob roda (a cada 5 min).
2026-08-24 11:29:30 -- REMOVER /SITDS/DIT/ST e o espaco 'Setor de Tecnologia' (id 50, identificado por registro)
2026-08-24 11:29:31 vinculo /SITDS/DIT/ST retirado de 'Setor de Tecnologia'
2026-08-24 11:29:45 espaco apagado: Setor de Tecnologia
2026-08-24 11:29:45 grupo apagado: /SITDS/DIT/ST
2026-08-24 11:29:45 -- REMOVER /SITDS/DIT e o espaco 'Divisão de Inovação Tecnológica' (id 49, identificado por registro)
2026-08-24 11:29:45 vinculo /SITDS/DIT retirado de 'Divisão de Inovação Tecnológica'
2026-08-24 11:29:59 espaco apagado: Divisão de Inovação Tecnológica
2026-08-24 11:29:59 grupo apagado: /SITDS/DIT
2026-08-24 11:29:59 -- REMOVER /SITDS e o espaco 'Secretaria de Inovação, Tecnologia e Desenvolvimento Sustentável' (id 48, identificado por registro)
2026-08-24 11:29:59 vinculo /SITDS retirado de 'Secretaria de Inovação, Tecnologia e Desenvolvimento Sustentável'
2026-08-24 11:30:12 espaco apagado: Secretaria de Inovação, Tecnologia e Desenvolvimento Sustentável
2026-08-24 11:30:12 grupo apagado: /SITDS
2026-08-24 11:30:12 OK -- 3 nivel(is) removido(s).
2026-08-24 11:30:15 == SECRETARIA: Secretaria de Inovação, Tecnologia e Desenvolvimento Sustentável  ->  grupo /SITDS
2026-08-24 11:30:16 1. grupo    criado: /SITDS
2026-08-24 11:30:34 2. espaco   criado: Secretaria de Inovação, Tecnologia e Desenvolvimento Sustentável (id 51)
2026-08-24 11:30:35 3. aninhar  dentro de 'Lobby Prefeitura' (id 13)
2026-08-24 11:30:35 4. cadeia   'Secretaria de Inovação, Tecnologia e Desenvolvimento Sustentável' <- /SITDS
2026-08-24 11:30:36 5. perfil   'Secretaria de Inovação, Tecnologia e Desenvolvimento Sustentável': descricao, imagens
2026-08-24 11:30:37 6. gestores: 1 em /SITDS -> wilson.franca
2026-08-24 11:30:38 6. gestor do espaco: 1 em /spaces/secretaria_de_inovac_a_o4_tecnologia_e_desenvolvimento_sustenta_vel -> wilson.franca
2026-08-24 11:30:38 == DIVISAO: Divisão de Inovação Tecnológica  ->  grupo /SITDS/DIT
2026-08-24 11:30:39 1. grupo    criado: /SITDS/DIT
2026-08-24 11:30:57 2. espaco   criado: Divisão de Inovação Tecnológica (id 52)
2026-08-24 11:30:57 3. aninhar  dentro de 'Secretaria de Inovação, Tecnologia e Desenvolvimento Sustentável' (id 51)
2026-08-24 11:30:57 4. cadeia   'Divisão de Inovação Tecnológica' <- /SITDS, /SITDS/DIT
2026-08-24 11:30:59 5. perfil   'Divisão de Inovação Tecnológica': descricao, imagens
2026-08-24 11:31:01 6. gestores: 1 em /SITDS/DIT -> isabela.feitosa
2026-08-24 11:31:01 6. gestor do espaco: 1 em /spaces/divisa_o_de_inovac_a_o_tecnolo_gica -> isabela.feitosa
2026-08-24 11:31:01 == SETOR: Setor de Tecnologia  ->  grupo /SITDS/DIT/ST
2026-08-24 11:31:02 1. grupo    criado: /SITDS/DIT/ST
2026-08-24 11:31:21 2. espaco   criado: Setor de Tecnologia (id 53)
2026-08-24 11:31:21 ERRO: nao achei o espaco dono de '/SITDS/DIT'. O nivel de cima tem espaco proprio? Crie-o antes.
2026-08-24 11:31:21 ROLLBACK (erro: nao achei o espaco dono de '/SITDS/DIT'. O nivel de cima tem espaco proprio? Crie-o antes.): desfazendo 16 acao(oes) deste run, da ultima para a primeira
2026-08-24 11:31:21 desfeito: registro /SITDS/DIT/ST
2026-08-24 11:31:40 desfeito: espaco Setor de Tecnologia (id 53)
2026-08-24 11:31:40 desfeito: grupo /SITDS/DIT/ST
2026-08-24 11:31:40 desfeito: membership manager isabela.feitosa em /spaces/divisa_o_de_inovac_a_o_tecnolo_gica
2026-08-24 11:31:41 desfeito: membership manager isabela.feitosa em /SITDS/DIT
2026-08-24 11:31:41 desfeito: vinculo /SITDS/DIT em Divisão de Inovação Tecnológica
2026-08-24 11:31:41 desfeito: vinculo /SITDS em Divisão de Inovação Tecnológica
2026-08-24 11:31:41 desfeito: registro /SITDS/DIT
2026-08-24 11:31:41 desfeito: espaco Divisão de Inovação Tecnológica (id 52)
2026-08-24 11:31:41 desfeito: grupo /SITDS/DIT
2026-08-24 11:31:41 desfeito: membership manager wilson.franca em /spaces/secretaria_de_inovac_a_o4_tecnologia_e_desenvolvimento_sustenta_vel
2026-08-24 11:31:41 desfeito: membership manager wilson.franca em /SITDS
2026-08-24 11:31:41 desfeito: vinculo /SITDS em Secretaria de Inovação, Tecnologia e Desenvolvimento Sustentável
2026-08-24 11:31:41 desfeito: registro /SITDS
2026-08-24 11:31:41 desfeito: espaco Secretaria de Inovação, Tecnologia e Desenvolvimento Sustentável (id 51)
2026-08-24 11:31:41 desfeito: grupo /SITDS
2026-08-24 11:32:02 -- REMOVER /SITDS/DIT/ST (espaco nao encontrado)
2026-08-24 11:32:02 grupo NAO apagado (404): /SITDS/DIT/ST
2026-08-24 11:32:02 -- REMOVER /SITDS/DIT (espaco nao encontrado)
2026-08-24 11:32:02 grupo NAO apagado (404): /SITDS/DIT
2026-08-24 11:32:02 -- REMOVER /SITDS (espaco nao encontrado)
2026-08-24 11:32:02 grupo NAO apagado (404): /SITDS
2026-08-24 11:32:02 OK -- 3 nivel(is) removido(s).
2026-08-24 11:32:06 == SECRETARIA: Secretaria de Inovação, Tecnologia e Desenvolvimento Sustentável  ->  grupo /SITDS
2026-08-24 11:32:06 1. grupo    criado: /SITDS
2026-08-24 11:32:24 2. espaco   criado: Secretaria de Inovação, Tecnologia e Desenvolvimento Sustentável (id 54)
2026-08-24 11:32:25 3. aninhar  dentro de 'Lobby Prefeitura' (id 13)
2026-08-24 11:32:25 4. cadeia   'Secretaria de Inovação, Tecnologia e Desenvolvimento Sustentável' <- /SITDS
2026-08-24 11:32:27 5. perfil   'Secretaria de Inovação, Tecnologia e Desenvolvimento Sustentável': descricao, imagens
2026-08-24 11:32:28 6. gestores: 1 em /SITDS -> wilson.franca
2026-08-24 11:32:28 6. gestor do espaco: 1 em /spaces/secretaria_de_inovac_a_o4_tecnologia_e_desenvolvimento_sustenta_vel -> wilson.franca
2026-08-24 11:32:28 == DIVISAO: Divisão de Inovação Tecnológica  ->  grupo /SITDS/DIT
2026-08-24 11:32:29 1. grupo    criado: /SITDS/DIT
2026-08-24 11:32:45 2. espaco   criado: Divisão de Inovação Tecnológica (id 55)
2026-08-24 11:32:45 3. aninhar  dentro de 'Secretaria de Inovação, Tecnologia e Desenvolvimento Sustentável' (id 54)
2026-08-24 11:32:46 4. cadeia   'Divisão de Inovação Tecnológica' <- /SITDS, /SITDS/DIT
2026-08-24 11:32:48 5. perfil   'Divisão de Inovação Tecnológica': descricao, imagens
2026-08-24 11:32:49 6. gestores: 1 em /SITDS/DIT -> isabela.feitosa
2026-08-24 11:32:49 6. gestor do espaco: 1 em /spaces/divisa_o_de_inovac_a_o_tecnolo_gica -> isabela.feitosa
2026-08-24 11:32:49 == SETOR: Setor de Tecnologia  ->  grupo /SITDS/DIT/ST
2026-08-24 11:32:50 1. grupo    criado: /SITDS/DIT/ST
2026-08-24 11:33:08 2. espaco   criado: Setor de Tecnologia (id 56)
2026-08-24 11:33:08 3. aninhar  dentro de 'Divisão de Inovação Tecnológica' (id 55)
2026-08-24 11:33:09 4. cadeia   'Setor de Tecnologia' <- /SITDS, /SITDS/DIT, /SITDS/DIT/ST
2026-08-24 11:33:10 5. perfil   'Setor de Tecnologia': descricao, imagens
2026-08-24 11:33:11 6. gestores: 1 em /SITDS/DIT/ST -> anderson.polizel
2026-08-24 11:33:13 6. gestor do espaco: 1 em /spaces/setor_de_tecnologia -> anderson.polizel
2026-08-24 11:33:14 6. membros: 1 em /SITDS/DIT/ST -> kaua.ferri
2026-08-24 11:33:14 == consolidando perfis (ultima escrita) ==
2026-08-24 11:33:14 'Secretaria de Inovação, Tecnologia e Desenvolvimento Sustentável': perfil integro
2026-08-24 11:33:14 'Divisão de Inovação Tecnológica': perfil integro
2026-08-24 11:33:14 'Setor de Tecnologia': perfil integro
2026-08-24 11:33:14 OK -- 3 nivel(is) provisionado(s).
2026-08-24 11:33:14 NOTA: a entrada de quem JA' estava nos grupos so' aparece nos espacos quando o QueueGroupSpaceBindingJob roda (a cada 5 min).
2026-08-24 11:35:42 -- REMOVER /SITDS/DIT/ST e o espaco 'Setor de Tecnologia' (id 56, identificado por registro)
2026-08-24 11:35:43 vinculo /SITDS/DIT/ST retirado de 'Setor de Tecnologia'
2026-08-24 11:35:55 espaco apagado: Setor de Tecnologia
2026-08-24 11:35:56 grupo apagado: /SITDS/DIT/ST
2026-08-24 11:35:56 -- REMOVER /SITDS/DIT e o espaco 'Divisão de Inovação Tecnológica' (id 55, identificado por registro)
2026-08-24 11:35:56 vinculo /SITDS/DIT retirado de 'Divisão de Inovação Tecnológica'
2026-08-24 11:36:07 espaco apagado: Divisão de Inovação Tecnológica
2026-08-24 11:36:07 grupo apagado: /SITDS/DIT
2026-08-24 11:36:07 -- REMOVER /SITDS e o espaco 'Secretaria de Inovação, Tecnologia e Desenvolvimento Sustentável' (id 54, identificado por registro)
2026-08-24 11:36:08 vinculo /SITDS retirado de 'Secretaria de Inovação, Tecnologia e Desenvolvimento Sustentável'
2026-08-24 11:36:22 espaco apagado: Secretaria de Inovação, Tecnologia e Desenvolvimento Sustentável
2026-08-24 11:36:23 grupo apagado: /SITDS
2026-08-24 11:36:23 OK -- 3 removido(s).
2026-08-24 11:36:27 == SECRETARIA: Secretaria de Inovação, Tecnologia e Desenvolvimento Sustentável  ->  grupo /SITDS
2026-08-24 11:36:27 1. grupo    criado: /SITDS
2026-08-24 11:36:44 2. espaco   criado: Secretaria de Inovação, Tecnologia e Desenvolvimento Sustentável (id 57)
2026-08-24 11:36:44 3. aninhar  dentro de 'Lobby Prefeitura' (id 13)
2026-08-24 11:36:45 4. cadeia   'Secretaria de Inovação, Tecnologia e Desenvolvimento Sustentável' <- /SITDS
2026-08-24 11:36:46 5. perfil   'Secretaria de Inovação, Tecnologia e Desenvolvimento Sustentável': descricao, imagens
2026-08-24 11:36:48 6. gestores: 1 em /SITDS -> wilson.franca
2026-08-24 11:36:49 6. gestor do espaco: 1 em /spaces/secretaria_de_inovac_a_o4_tecnologia_e_desenvolvimento_sustenta_vel -> wilson.franca
2026-08-24 11:36:49 == DIVISAO: Divisão de Inovação Tecnológica  ->  grupo /SITDS/DIT
2026-08-24 11:36:49 1. grupo    criado: /SITDS/DIT
2026-08-24 11:37:06 2. espaco   criado: Divisão de Inovação Tecnológica (id 58)
2026-08-24 11:37:06 3. aninhar  dentro de 'Secretaria de Inovação, Tecnologia e Desenvolvimento Sustentável' (id 57)
2026-08-24 11:37:08 4. cadeia   'Divisão de Inovação Tecnológica' <- /SITDS, /SITDS/DIT
2026-08-24 11:37:09 5. perfil   'Divisão de Inovação Tecnológica': descricao, imagens
2026-08-24 11:37:10 6. gestores: 1 em /SITDS/DIT -> isabela.feitosa
2026-08-24 11:37:10 6. gestor do espaco: 1 em /spaces/divisa_o_de_inovac_a_o_tecnolo_gica -> isabela.feitosa
2026-08-24 11:37:10 == SETOR: Setor de Tecnologia  ->  grupo /SITDS/DIT/ST
2026-08-24 11:37:11 1. grupo    criado: /SITDS/DIT/ST
2026-08-24 11:37:31 2. espaco   criado: Setor de Tecnologia (id 59)
2026-08-24 11:37:31 3. aninhar  dentro de 'Divisão de Inovação Tecnológica' (id 58)
2026-08-24 11:37:31 4. cadeia   'Setor de Tecnologia' <- /SITDS, /SITDS/DIT, /SITDS/DIT/ST
2026-08-24 11:37:34 5. perfil   'Setor de Tecnologia': descricao, imagens
2026-08-24 11:37:35 6. gestores: 1 em /SITDS/DIT/ST -> anderson.polizel
2026-08-24 11:37:35 6. gestor do espaco: 1 em /spaces/setor_de_tecnologia -> anderson.polizel
2026-08-24 11:37:36 6. membros: 1 em /SITDS/DIT/ST -> kaua.ferri
2026-08-24 11:37:36 == consolidando perfis (ultima escrita) ==
2026-08-24 11:37:36 'Secretaria de Inovação, Tecnologia e Desenvolvimento Sustentável': perfil integro
2026-08-24 11:37:36 'Divisão de Inovação Tecnológica': perfil integro
2026-08-24 11:37:36 'Setor de Tecnologia': perfil integro
2026-08-24 11:37:36 == propagando membros da cadeia (sem esperar o cron) ==
2026-08-24 11:37:36 'Secretaria de Inovação, Tecnologia e Desenvolvimento Sustentável': todos os 1 da cadeia ja estao dentro
2026-08-24 11:37:38 'Divisão de Inovação Tecnológica': 1 entraram agora -> wilson.franca
2026-08-24 11:37:40 'Setor de Tecnologia': 2 entraram agora -> isabela.feitosa, wilson.franca
2026-08-24 11:37:40 OK -- 3 nivel(is) provisionado(s).
2026-08-24 12:42:03 -- REMOVER /ZZQA-SEC-ALFA/ZZQA-DIV-A1/ZZQA-SET-A1X e o espaco 'Nucleo QA A1X de Acervo' (id 62, identificado por cadeia)
2026-08-24 12:42:04 vinculo /ZZQA-SEC-ALFA/ZZQA-DIV-A1/ZZQA-SET-A1X retirado de 'Nucleo QA A1X de Acervo'
2026-08-24 12:42:15 espaco apagado: Nucleo QA A1X de Acervo
2026-08-24 12:42:16 grupo apagado: /ZZQA-SEC-ALFA/ZZQA-DIV-A1/ZZQA-SET-A1X
2026-08-24 12:42:16 -- REMOVER /ZZQA-SEC-ALFA/ZZQA-DIV-A1 e o espaco 'Departamento QA A1 de Patrimonio' (id 61, identificado por cadeia)
2026-08-24 12:42:16 vinculo /ZZQA-SEC-ALFA/ZZQA-DIV-A1 retirado de 'Departamento QA A1 de Patrimonio'
2026-08-24 12:42:30 espaco apagado: Departamento QA A1 de Patrimonio
2026-08-24 12:42:30 grupo apagado: /ZZQA-SEC-ALFA/ZZQA-DIV-A1
2026-08-24 12:42:30 -- REMOVER /ZZQA-SEC-ALFA/ZZQA-DIV-A2 e o espaco 'Departamento QA A2 de Eventos' (id 64, identificado por cadeia)
2026-08-24 12:42:30 vinculo /ZZQA-SEC-ALFA/ZZQA-DIV-A2 retirado de 'Departamento QA A2 de Eventos'
2026-08-24 12:42:41 espaco apagado: Departamento QA A2 de Eventos
2026-08-24 12:42:42 grupo apagado: /ZZQA-SEC-ALFA/ZZQA-DIV-A2
2026-08-24 12:42:42 -- REMOVER /ZZQA-SEC-ALFA e o espaco 'Secretaria QA Alfa de Cultura' (id 60, identificado por cadeia)
2026-08-24 12:42:42 vinculo /ZZQA-SEC-ALFA retirado de 'Secretaria QA Alfa de Cultura'
2026-08-24 12:42:55 espaco apagado: Secretaria QA Alfa de Cultura
2026-08-24 12:42:56 grupo apagado: /ZZQA-SEC-ALFA
2026-08-24 12:42:56 -- REMOVER /ZZQA-SEC-BETA/ZZQA-DIV-B1/ZZQA-SET-B1X e o espaco 'Setor QA B1X de Calcadas' (id 69, identificado por cadeia)
2026-08-24 12:42:56 vinculo /ZZQA-SEC-BETA/ZZQA-DIV-B1/ZZQA-SET-B1X retirado de 'Setor QA B1X de Calcadas'
2026-08-24 12:43:11 espaco apagado: Setor QA B1X de Calcadas
2026-08-24 12:43:11 grupo apagado: /ZZQA-SEC-BETA/ZZQA-DIV-B1/ZZQA-SET-B1X
2026-08-24 12:43:11 -- REMOVER /ZZQA-SEC-BETA/ZZQA-DIV-B1/ZZQA-SET-B1Y e o espaco 'Setor QA B1Y de Pontes' (id 70, identificado por cadeia)
2026-08-24 12:43:12 vinculo /ZZQA-SEC-BETA/ZZQA-DIV-B1/ZZQA-SET-B1Y retirado de 'Setor QA B1Y de Pontes'
2026-08-24 12:43:23 espaco apagado: Setor QA B1Y de Pontes
2026-08-24 12:43:23 grupo apagado: /ZZQA-SEC-BETA/ZZQA-DIV-B1/ZZQA-SET-B1Y
2026-08-24 12:43:23 -- REMOVER /ZZQA-SEC-BETA/ZZQA-DIV-B1 e o espaco 'Coordenadoria QA B1 de Projetos' (id 68, identificado por cadeia)
2026-08-24 12:43:24 vinculo /ZZQA-SEC-BETA/ZZQA-DIV-B1 retirado de 'Coordenadoria QA B1 de Projetos'
2026-08-24 12:43:37 espaco apagado: Coordenadoria QA B1 de Projetos
2026-08-24 12:43:37 grupo apagado: /ZZQA-SEC-BETA/ZZQA-DIV-B1
2026-08-24 12:43:37 -- REMOVER /ZZQA-SEC-BETA e o espaco 'Secretaria QA Beta de Obras' (id 66, identificado por cadeia)
2026-08-24 12:43:38 vinculo /ZZQA-SEC-BETA retirado de 'Secretaria QA Beta de Obras'
2026-08-24 12:43:51 espaco apagado: Secretaria QA Beta de Obras
2026-08-24 12:43:51 grupo apagado: /ZZQA-SEC-BETA
2026-08-24 12:43:51 OK -- 8 removido(s).
2026-08-24 12:45:31 == SECRETARIA: Secretaria Teste Single Level  ->  grupo /ZZQT-SEC-TEST
2026-08-24 12:45:31 1. grupo    criado: /ZZQT-SEC-TEST
2026-08-24 12:45:31 2. espaco   criado: Secretaria Teste Single Level (id sim-1)
2026-08-24 12:45:31 3. aninhar  dentro de 'Lobby Prefeitura' (id 13)
2026-08-24 12:45:31 4. cadeia   'Secretaria Teste Single Level' <- /ZZQT-SEC-TEST
2026-08-24 12:45:31 5. perfil   [simulacao] descricao/avatar/banner de 'Secretaria Teste Single Level'
2026-08-24 12:45:31 6. gestores: 1 em /ZZQT-SEC-TEST -> wilson.franca
2026-08-24 12:45:31 6. gestor do espaco: 1 em /spaces/sim_zzqt-sec-test -> wilson.franca
2026-08-24 12:45:31 == consolidando perfis (ultima escrita) ==
2026-08-24 12:45:31 == propagando membros da cadeia (sem esperar o cron) ==
2026-08-24 12:45:31 'Secretaria Teste Single Level': 0 da cadeia (simulacao)
2026-08-24 12:45:31 OK -- 1 nivel(is) provisionado(s).
2026-08-24 12:45:32 == DIVISAO: Divisao Teste Single  ->  grupo /SITDS/ZZQT-DIV-A
2026-08-24 12:45:32 1. grupo    criado: /SITDS/ZZQT-DIV-A
2026-08-24 12:45:32 2. espaco   criado: Divisao Teste Single (id sim-1)
2026-08-24 12:45:32 3. aninhar  dentro de 'Secretaria de Inovação, Tecnologia e Desenvolvimento Sustentável' (id 57)
2026-08-24 12:45:32 4. cadeia   'Divisao Teste Single' <- /SITDS, /SITDS/ZZQT-DIV-A
2026-08-24 12:45:32 5. perfil   [simulacao] descricao/avatar/banner de 'Divisao Teste Single'
2026-08-24 12:45:32 6. gestores: 1 em /SITDS/ZZQT-DIV-A -> isabela.feitosa
2026-08-24 12:45:32 6. gestor do espaco: 1 em /spaces/sim_zzqt-div-a -> isabela.feitosa
2026-08-24 12:45:32 == consolidando perfis (ultima escrita) ==
2026-08-24 12:45:32 == propagando membros da cadeia (sem esperar o cron) ==
2026-08-24 12:45:32 'Divisao Teste Single': 1 da cadeia (simulacao)
2026-08-24 12:45:32 OK -- 1 nivel(is) provisionado(s).
2026-08-24 12:45:32 == SETOR: Setor Teste Single  ->  grupo /SITDS/DIT/ZZQT-SET-X
2026-08-24 12:45:32 1. grupo    criado: /SITDS/DIT/ZZQT-SET-X
2026-08-24 12:45:32 2. espaco   criado: Setor Teste Single (id sim-1)
2026-08-24 12:45:32 3. aninhar  dentro de 'Divisão de Inovação Tecnológica' (id 58)
2026-08-24 12:45:32 4. cadeia   'Setor Teste Single' <- /SITDS, /SITDS/DIT, /SITDS/DIT/ZZQT-SET-X
2026-08-24 12:45:32 5. perfil   [simulacao] descricao/avatar/banner de 'Setor Teste Single'
2026-08-24 12:45:32 6. membros: 1 em /SITDS/DIT/ZZQT-SET-X -> kaua.ferri
2026-08-24 12:45:32 == consolidando perfis (ultima escrita) ==
2026-08-24 12:45:32 == propagando membros da cadeia (sem esperar o cron) ==
2026-08-24 12:45:32 'Setor Teste Single': 2 da cadeia (simulacao)
2026-08-24 12:45:32 OK -- 1 nivel(is) provisionado(s).
