[2026-08-12T13:41:16.428+0000] Using G1
[2026-08-12T13:41:26.263+0000] GC(0) Pause Young (Normal) (G1 Evacuation Pause) 27M->13M(514M) 8.127ms
[2026-08-12T13:41:38.698+0000] GC(1) Pause Young (Normal) (G1 Evacuation Pause) 35M->28M(514M) 7.894ms
[2026-08-12T13:41:41.303+0000] GC(2) Pause Young (Normal) (G1 Evacuation Pause) 48M->31M(514M) 3.627ms
[2026-08-12T13:41:44.013+0000] GC(3) Pause Young (Concurrent Start) (Metadata GC Threshold) 60M->35M(514M) 10.034ms
[2026-08-12T13:41:44.013+0000] GC(4) Concurrent Mark Cycle
[2026-08-12T13:41:44.045+0000] GC(4) Pause Remark 36M->36M(512M) 5.926ms
[2026-08-12T13:41:44.050+0000] GC(4) Pause Cleanup 36M->36M(512M) 0.116ms
[2026-08-12T13:41:44.054+0000] GC(4) Concurrent Mark Cycle 40.565ms
[2026-08-12T13:41:47.783+0000] GC(5) Pause Young (Prepare Mixed) (G1 Evacuation Pause) 95M->40M(512M) 12.537ms
[2026-08-12T13:41:48.858+0000] GC(6) Pause Young (Mixed) (Metadata GC Threshold) 83M->43M(512M) 13.851ms
[2026-08-12T13:41:50.981+0000] GC(7) Pause Young (Concurrent Start) (Metadata GC Threshold) 48M->44M(512M) 7.065ms
[2026-08-12T13:41:50.982+0000] GC(8) Concurrent Mark Cycle
[2026-08-12T13:41:51.007+0000] GC(8) Pause Remark 44M->44M(512M) 5.847ms
[2026-08-12T13:41:51.019+0000] GC(8) Pause Cleanup 46M->46M(512M) 0.122ms
[2026-08-12T13:41:51.020+0000] GC(8) Concurrent Mark Cycle 38.219ms
[2026-08-12T13:43:25.698+0000] GC(9) Pause Young (Prepare Mixed) (G1 Evacuation Pause) 240M->46M(512M) 12.598ms
[2026-08-12T13:45:01.248+0000] GC(10) Pause Young (Mixed) (G1 Evacuation Pause) 342M->45M(512M) 13.340ms
[2026-08-12T13:45:41.036+0000] GC(11) Pause Young (Normal) (G1 Evacuation Pause) 341M->45M(512M) 6.901ms
[2026-08-12T13:46:35.225+0000] GC(12) Pause Young (Normal) (G1 Evacuation Pause) 341M->47M(512M) 13.130ms
[2026-08-12T13:47:27.946+0000] GC(13) Pause Young (Concurrent Start) (Metadata GC Threshold) 272M->53M(512M) 18.885ms
[2026-08-12T13:47:27.949+0000] GC(14) Concurrent Mark Cycle
[2026-08-12T13:47:28.059+0000] GC(14) Pause Remark 58M->58M(512M) 16.477ms
[2026-08-12T13:47:28.105+0000] GC(14) Pause Cleanup 63M->63M(512M) 0.111ms
[2026-08-12T13:47:28.144+0000] GC(14) Concurrent Mark Cycle 195.195ms
[2026-08-12T13:47:31.509+0000] GC(15) Pause Young (Prepare Mixed) (G1 Evacuation Pause) 341M->73M(512M) 36.455ms
[2026-08-12T13:47:33.428+0000] GC(16) Pause Young (Mixed) (G1 Evacuation Pause) 341M->88M(512M) 52.866ms
[2026-08-12T13:47:35.057+0000] GC(17) Pause Young (Normal) (G1 Evacuation Pause) 376M->105M(512M) 21.602ms
[2026-08-12T13:47:37.370+0000] GC(18) Pause Young (Normal) (G1 Evacuation Pause) 375M->124M(512M) 36.026ms
[2026-08-12T13:47:39.227+0000] GC(19) Pause Young (Normal) (G1 Evacuation Pause) 392M->139M(512M) 42.659ms
[2026-08-12T13:47:40.926+0000] GC(20) Pause Young (Normal) (G1 Evacuation Pause) 411M->158M(512M) 31.766ms
[2026-08-12T13:47:42.432+0000] GC(21) Pause Young (Concurrent Start) (G1 Evacuation Pause) 430M->176M(512M) 36.811ms
[2026-08-12T13:47:42.432+0000] GC(22) Concurrent Mark Cycle
[2026-08-12T13:47:42.788+0000] GC(22) Pause Remark 262M->262M(512M) 24.904ms
[2026-08-12T13:47:42.985+0000] GC(22) Pause Cleanup 296M->296M(512M) 0.149ms
[2026-08-12T13:47:42.985+0000] GC(22) Concurrent Mark Cycle 553.183ms
[2026-08-12T13:47:43.572+0000] GC(23) Pause Young (Prepare Mixed) (G1 Evacuation Pause) 444M->193M(512M) 32.111ms
[2026-08-12T13:47:46.557+0000] GC(24) Pause Young (Mixed) (G1 Evacuation Pause) 457M->204M(512M) 34.170ms
[2026-08-12T13:47:48.062+0000] GC(25) Pause Young (Concurrent Start) (G1 Evacuation Pause) 462M->214M(512M) 27.556ms
[2026-08-12T13:47:48.062+0000] GC(26) Concurrent Mark Cycle
[2026-08-12T13:47:48.337+0000] GC(26) Pause Remark 246M->246M(512M) 18.482ms
[2026-08-12T13:47:48.457+0000] GC(26) Pause Cleanup 246M->246M(512M) 0.200ms
[2026-08-12T13:47:48.458+0000] GC(26) Concurrent Mark Cycle 395.681ms
[2026-08-12T13:48:20.067+0000] GC(27) Pause Young (Prepare Mixed) (G1 Evacuation Pause) 468M->216M(512M) 11.999ms
[2026-08-12T13:48:24.603+0000] GC(28) Pause Young (Mixed) (G1 Evacuation Pause) 476M->215M(512M) 6.836ms
[2026-08-12T13:48:28.476+0000] GC(29) Pause Young (Concurrent Start) (G1 Evacuation Pause) 481M->215M(512M) 5.614ms
[2026-08-12T13:48:28.476+0000] GC(30) Concurrent Mark Cycle
[2026-08-12T13:48:28.763+0000] GC(30) Pause Remark 231M->231M(512M) 12.250ms
[2026-08-12T13:48:28.892+0000] GC(30) Pause Cleanup 231M->231M(512M) 0.190ms
[2026-08-12T13:48:28.893+0000] GC(30) Concurrent Mark Cycle 416.950ms
[2026-08-12T13:48:36.423+0000] GC(31) Pause Young (Prepare Mixed) (G1 Evacuation Pause) 481M->215M(512M) 13.806ms
[2026-08-12T13:48:39.714+0000] GC(32) Pause Young (Mixed) (G1 Evacuation Pause) 481M->213M(512M) 6.949ms
[2026-08-12T13:48:45.464+0000] GC(33) Pause Young (Concurrent Start) (G1 Evacuation Pause) 483M->214M(512M) 7.903ms
[2026-08-12T13:48:45.464+0000] GC(34) Concurrent Mark Cycle
[2026-08-12T13:48:45.742+0000] GC(34) Pause Remark 231M->231M(512M) 8.770ms
[2026-08-12T13:48:45.870+0000] GC(34) Pause Cleanup 234M->234M(512M) 0.171ms
[2026-08-12T13:48:45.871+0000] GC(34) Concurrent Mark Cycle 406.877ms
[2026-08-12T13:49:01.076+0000] GC(35) Pause Young (Prepare Mixed) (G1 Evacuation Pause) 484M->213M(512M) 5.705ms
[2026-08-12T13:50:26.457+0000] GC(36) Pause Young (Mixed) (G1 Evacuation Pause) 483M->212M(512M) 13.201ms
[2026-08-12T13:50:46.147+0000] GC(37) Pause Young (Concurrent Start) (G1 Evacuation Pause) 482M->212M(512M) 7.838ms
[2026-08-12T13:50:46.147+0000] GC(38) Concurrent Mark Cycle
[2026-08-12T13:50:46.455+0000] GC(38) Pause Remark 264M->264M(512M) 19.518ms
[2026-08-12T13:50:46.588+0000] GC(38) Pause Cleanup 265M->265M(512M) 0.232ms
[2026-08-12T13:50:46.596+0000] GC(38) Concurrent Mark Cycle 448.968ms
[2026-08-12T13:51:01.359+0000] GC(39) Pause Young (Prepare Mixed) (G1 Evacuation Pause) 482M->211M(512M) 5.422ms
[2026-08-12T13:51:07.220+0000] GC(40) Pause Young (Mixed) (G1 Evacuation Pause) 481M->229M(514M) 18.555ms
[2026-08-12T13:51:08.835+0000] GC(41) Pause Young (Concurrent Start) (G1 Evacuation Pause) 485M->225M(514M) 18.312ms
[2026-08-12T13:51:08.835+0000] GC(42) Concurrent Mark Cycle
[2026-08-12T13:51:09.159+0000] GC(42) Pause Remark 246M->246M(514M) 7.617ms
[2026-08-12T13:51:09.295+0000] GC(42) Pause Cleanup 260M->260M(514M) 0.161ms
[2026-08-12T13:51:09.297+0000] GC(42) Concurrent Mark Cycle 462.321ms
[2026-08-12T13:51:11.081+0000] GC(43) Pause Young (Prepare Mixed) (G1 Evacuation Pause) 485M->238M(516M) 23.747ms
[2026-08-12T13:51:13.104+0000] GC(44) Pause Young (Mixed) (G1 Evacuation Pause) 486M->250M(534M) 39.113ms
[2026-08-12T13:51:17.592+0000] GC(45) Pause Young (Concurrent Start) (G1 Evacuation Pause) 500M->266M(546M) 32.738ms
[2026-08-12T13:51:17.592+0000] GC(46) Concurrent Mark Cycle
[2026-08-12T13:51:17.946+0000] GC(46) Pause Remark 381M->381M(546M) 14.217ms
[2026-08-12T13:51:18.106+0000] GC(46) Pause Cleanup 382M->382M(546M) 0.182ms
[2026-08-12T13:51:18.107+0000] GC(46) Concurrent Mark Cycle 514.747ms
[2026-08-12T13:51:20.308+0000] GC(47) Pause Young (Prepare Mixed) (G1 Evacuation Pause) 506M->269M(546M) 23.257ms
[2026-08-12T13:51:20.740+0000] GC(48) Pause Young (Mixed) (G1 Evacuation Pause) 513M->268M(546M) 15.602ms
[2026-08-12T13:51:21.202+0000] GC(49) Pause Young (Concurrent Start) (G1 Evacuation Pause) 516M->268M(546M) 13.669ms
[2026-08-12T13:51:21.203+0000] GC(50) Concurrent Mark Cycle
[2026-08-12T13:51:21.608+0000] GC(50) Pause Remark 468M->468M(546M) 11.355ms
[2026-08-12T13:51:21.734+0000] GC(51) Pause Young (Normal) (G1 Evacuation Pause) 514M->268M(546M) 12.081ms
[2026-08-12T13:51:21.803+0000] GC(50) Pause Cleanup 299M->299M(546M) 0.221ms
[2026-08-12T13:51:21.804+0000] GC(50) Concurrent Mark Cycle 601.625ms
[2026-08-12T13:51:22.171+0000] GC(52) Pause Young (Prepare Mixed) (G1 Evacuation Pause) 514M->267M(546M) 19.307ms
[2026-08-12T13:51:22.615+0000] GC(53) Pause Young (Mixed) (G1 Evacuation Pause) 515M->265M(546M) 15.636ms
[2026-08-12T13:51:23.024+0000] GC(54) Pause Young (Concurrent Start) (G1 Evacuation Pause) 515M->266M(648M) 13.024ms
[2026-08-12T13:51:23.024+0000] GC(55) Concurrent Mark Cycle
[2026-08-12T13:51:23.413+0000] GC(55) Pause Remark 418M->418M(648M) 11.145ms
[2026-08-12T13:51:23.589+0000] GC(55) Pause Cleanup 513M->513M(648M) 0.198ms
[2026-08-12T13:51:23.592+0000] GC(55) Concurrent Mark Cycle 567.514ms
[2026-08-12T13:51:23.740+0000] GC(56) Pause Young (Prepare Mixed) (G1 Evacuation Pause) 612M->266M(648M) 11.869ms
[2026-08-12T13:51:24.311+0000] GC(57) Pause Young (Mixed) (G1 Evacuation Pause) 612M->266M(648M) 12.335ms
[2026-08-12T13:51:24.926+0000] GC(58) Pause Young (Concurrent Start) (G1 Evacuation Pause) 612M->265M(648M) 12.139ms
[2026-08-12T13:51:24.926+0000] GC(59) Concurrent Mark Cycle
[2026-08-12T13:51:25.319+0000] GC(59) Pause Remark 443M->443M(648M) 13.596ms
[2026-08-12T13:51:25.510+0000] GC(59) Pause Cleanup 544M->544M(648M) 0.264ms
[2026-08-12T13:51:25.511+0000] GC(59) Concurrent Mark Cycle 584.415ms
[2026-08-12T13:51:25.657+0000] GC(60) Pause Young (Prepare Mixed) (G1 Evacuation Pause) 613M->264M(648M) 12.870ms
[2026-08-12T13:51:26.310+0000] GC(61) Pause Young (Mixed) (G1 Evacuation Pause) 612M->264M(648M) 16.119ms
[2026-08-12T13:51:40.097+0000] GC(62) Pause Young (Concurrent Start) (G1 Evacuation Pause) 612M->275M(648M) 16.382ms
[2026-08-12T13:51:40.097+0000] GC(63) Concurrent Mark Cycle
[2026-08-12T13:51:40.493+0000] GC(63) Pause Remark 278M->278M(648M) 21.360ms
[2026-08-12T13:51:40.667+0000] GC(63) Pause Cleanup 280M->280M(648M) 0.164ms
[2026-08-12T13:51:40.668+0000] GC(63) Concurrent Mark Cycle 571.380ms
[2026-08-12T13:52:54.874+0000] GC(64) Pause Young (Prepare Mixed) (G1 Evacuation Pause) 611M->285M(652M) 22.829ms
[2026-08-12T13:56:04.722+0000] GC(65) Pause Young (Mixed) (G1 Evacuation Pause) 615M->295M(656M) 18.965ms
[2026-08-12T13:56:09.322+0000] GC(66) Pause Young (Concurrent Start) (G1 Evacuation Pause) 619M->331M(690M) 30.320ms
[2026-08-12T13:56:09.322+0000] GC(67) Concurrent Mark Cycle
[2026-08-12T13:56:09.787+0000] GC(67) Pause Remark 354M->354M(690M) 19.861ms
[2026-08-12T13:56:09.991+0000] GC(67) Pause Cleanup 357M->357M(690M) 0.159ms
[2026-08-12T13:56:09.995+0000] GC(67) Concurrent Mark Cycle 673.494ms
[2026-08-12T13:58:51.432+0000] GC(68) Pause Young (Prepare Mixed) (G1 Evacuation Pause) 641M->358M(716M) 30.963ms
[2026-08-12T13:59:01.546+0000] GC(69) Pause Young (Mixed) (G1 Evacuation Pause) 660M->387M(720M) 36.802ms
[2026-08-12T13:59:04.063+0000] GC(70) Pause Young (Concurrent Start) (G1 Evacuation Pause) 665M->400M(720M) 25.576ms
[2026-08-12T13:59:04.063+0000] GC(71) Concurrent Mark Cycle
[2026-08-12T13:59:04.564+0000] GC(71) Pause Remark 496M->496M(720M) 15.701ms
[2026-08-12T13:59:04.799+0000] GC(71) Pause Cleanup 496M->496M(720M) 0.260ms
[2026-08-12T13:59:04.801+0000] GC(71) Concurrent Mark Cycle 738.185ms
[2026-08-12T13:59:14.818+0000] GC(72) Pause Young (Prepare Mixed) (G1 Evacuation Pause) 670M->398M(720M) 9.323ms
[2026-08-12T14:00:02.646+0000] GC(73) Pause Young (Mixed) (G1 Evacuation Pause) 678M->397M(720M) 14.265ms
[2026-08-12T14:00:27.018+0000] GC(74) Pause Young (Concurrent Start) (G1 Evacuation Pause) 683M->399M(720M) 12.318ms
[2026-08-12T14:00:27.018+0000] GC(75) Concurrent Mark Cycle
[2026-08-12T14:00:27.538+0000] GC(75) Pause Remark 404M->404M(720M) 18.846ms
[2026-08-12T14:00:27.785+0000] GC(75) Pause Cleanup 406M->406M(720M) 0.234ms
[2026-08-12T14:00:27.786+0000] GC(75) Concurrent Mark Cycle 767.853ms
[2026-08-12T14:00:46.499+0000] GC(76) Pause Young (Prepare Mixed) (G1 Evacuation Pause) 683M->401M(720M) 19.285ms
[2026-08-12T14:01:04.040+0000] GC(77) Pause Young (Mixed) (G1 Evacuation Pause) 683M->417M(724M) 35.625ms
[2026-08-12T14:01:10.669+0000] GC(78) Pause Young (Concurrent Start) (G1 Humongous Allocation) 584M->428M(724M) 27.314ms
[2026-08-12T14:01:10.669+0000] GC(79) Concurrent Mark Cycle
[2026-08-12T14:01:11.205+0000] GC(79) Pause Remark 443M->443M(724M) 16.994ms
[2026-08-12T14:01:11.473+0000] GC(79) Pause Cleanup 450M->450M(724M) 0.273ms
[2026-08-12T14:01:11.474+0000] GC(79) Concurrent Mark Cycle 804.940ms
[2026-08-12T14:01:17.161+0000] GC(80) Pause Young (Prepare Mixed) (G1 Evacuation Pause) 686M->443M(724M) 26.189ms
[2026-08-12T14:01:17.798+0000] GC(81) Pause Young (Mixed) (G1 Evacuation Pause) 683M->445M(724M) 19.348ms
[2026-08-12T14:01:19.569+0000] GC(82) Pause Young (Concurrent Start) (G1 Evacuation Pause) 683M->454M(724M) 22.257ms
[2026-08-12T14:01:19.569+0000] GC(83) Concurrent Mark Cycle
[2026-08-12T14:01:20.189+0000] GC(83) Pause Remark 527M->527M(760M) 29.736ms
[2026-08-12T14:01:20.491+0000] GC(83) Pause Cleanup 558M->558M(760M) 0.276ms
[2026-08-12T14:01:20.493+0000] GC(83) Concurrent Mark Cycle 924.308ms
[2026-08-12T14:01:21.610+0000] GC(84) Pause Young (Prepare Mixed) (G1 Evacuation Pause) 684M->464M(760M) 12.134ms
[2026-08-12T14:01:22.980+0000] GC(85) Pause Young (Mixed) (G1 Evacuation Pause) 722M->472M(762M) 26.918ms
[2026-08-12T14:01:24.244+0000] GC(86) Pause Young (Concurrent Start) (G1 Evacuation Pause) 720M->480M(762M) 18.293ms
[2026-08-12T14:01:24.244+0000] GC(87) Concurrent Mark Cycle
[2026-08-12T14:01:24.860+0000] GC(87) Pause Remark 573M->573M(804M) 13.691ms
[2026-08-12T14:01:25.174+0000] GC(87) Pause Cleanup 613M->613M(804M) 0.218ms
[2026-08-12T14:01:25.177+0000] GC(87) Concurrent Mark Cycle 932.985ms
[2026-08-12T14:01:25.851+0000] GC(88) Pause Young (Prepare Mixed) (G1 Evacuation Pause) 718M->486M(804M) 16.312ms
[2026-08-12T14:01:27.635+0000] GC(89) Pause Young (Mixed) (G1 Evacuation Pause) 760M->494M(804M) 21.841ms
[2026-08-12T14:01:29.264+0000] GC(90) Pause Young (Concurrent Start) (G1 Evacuation Pause) 762M->503M(804M) 17.056ms
[2026-08-12T14:01:29.264+0000] GC(91) Concurrent Mark Cycle
[2026-08-12T14:01:29.917+0000] GC(91) Pause Remark 578M->578M(840M) 11.914ms
[2026-08-12T14:01:30.255+0000] GC(91) Pause Cleanup 633M->633M(840M) 0.209ms
[2026-08-12T14:01:30.257+0000] GC(91) Concurrent Mark Cycle 992.856ms
[2026-08-12T14:01:30.791+0000] GC(92) Pause Young (Prepare Mixed) (G1 Evacuation Pause) 761M->513M(840M) 17.740ms
[2026-08-12T14:01:31.615+0000] GC(93) Pause Young (Mixed) (G1 Evacuation Pause) 795M->516M(840M) 22.929ms
[2026-08-12T14:01:32.473+0000] GC(94) Pause Young (Concurrent Start) (G1 Evacuation Pause) 796M->522M(840M) 18.081ms
[2026-08-12T14:01:32.473+0000] GC(95) Concurrent Mark Cycle
[2026-08-12T14:01:33.237+0000] GC(95) Pause Remark 643M->643M(874M) 21.143ms
[2026-08-12T14:01:33.617+0000] GC(95) Pause Cleanup 706M->706M(874M) 0.246ms
[2026-08-12T14:01:33.624+0000] GC(95) Concurrent Mark Cycle 1150.816ms
[2026-08-12T14:01:34.174+0000] GC(96) Pause Young (Prepare Mixed) (G1 Evacuation Pause) 792M->533M(874M) 18.459ms
[2026-08-12T14:01:36.039+0000] GC(97) Pause Young (Mixed) (G1 Evacuation Pause) 825M->541M(874M) 28.800ms
[2026-08-12T14:01:37.756+0000] GC(98) Pause Young (Concurrent Start) (G1 Evacuation Pause) 827M->550M(874M) 18.311ms
[2026-08-12T14:01:37.756+0000] GC(99) Concurrent Mark Cycle
[2026-08-12T14:01:38.510+0000] GC(99) Pause Remark 678M->678M(920M) 11.802ms
[2026-08-12T14:01:38.899+0000] GC(99) Pause Cleanup 725M->725M(920M) 0.302ms
[2026-08-12T14:01:38.906+0000] GC(99) Concurrent Mark Cycle 1149.684ms
[2026-08-12T14:01:39.581+0000] GC(100) Pause Young (Prepare Mixed) (G1 Evacuation Pause) 826M->558M(920M) 18.029ms
[2026-08-12T14:01:41.602+0000] GC(101) Pause Young (Mixed) (G1 Evacuation Pause) 872M->566M(920M) 23.800ms
[2026-08-12T14:01:43.581+0000] GC(102) Pause Young (Concurrent Start) (G1 Evacuation Pause) 872M->576M(920M) 24.123ms
[2026-08-12T14:01:43.582+0000] GC(103) Concurrent Mark Cycle
[2026-08-12T14:01:44.316+0000] GC(103) Pause Remark 698M->698M(964M) 9.591ms
[2026-08-12T14:01:44.725+0000] GC(103) Pause Cleanup 743M->743M(964M) 0.255ms
[2026-08-12T14:01:44.727+0000] GC(103) Concurrent Mark Cycle 1145.261ms
[2026-08-12T14:01:45.582+0000] GC(104) Pause Young (Prepare Mixed) (G1 Evacuation Pause) 868M->585M(964M) 25.211ms
[2026-08-12T14:01:47.555+0000] GC(105) Pause Young (Mixed) (G1 Evacuation Pause) 911M->594M(964M) 24.522ms
[2026-08-12T14:02:04.085+0000] GC(106) Pause Young (Concurrent Start) (G1 Evacuation Pause) 912M->605M(964M) 26.398ms
[2026-08-12T14:02:04.085+0000] GC(107) Concurrent Mark Cycle
[2026-08-12T14:02:04.943+0000] GC(107) Pause Remark 688M->688M(1014M) 20.266ms
[2026-08-12T14:02:05.395+0000] GC(107) Pause Cleanup 728M->728M(1014M) 0.228ms
[2026-08-12T14:02:05.399+0000] GC(107) Concurrent Mark Cycle 1313.574ms
[2026-08-12T14:02:08.704+0000] GC(108) Pause Young (Prepare Mixed) (G1 Evacuation Pause) 909M->613M(1014M) 28.685ms
[2026-08-12T14:02:10.166+0000] GC(109) Pause Young (Mixed) (G1 Evacuation Pause) 959M->615M(1014M) 27.605ms
[2026-08-12T14:02:24.266+0000] GC(110) Pause Young (Concurrent Start) (G1 Humongous Allocation) 686M->617M(1014M) 23.256ms
[2026-08-12T14:02:24.266+0000] GC(111) Concurrent Mark Cycle
[2026-08-12T14:02:25.036+0000] GC(111) Pause Remark 627M->627M(1044M) 13.987ms
[2026-08-12T14:02:25.433+0000] GC(111) Pause Cleanup 628M->628M(1044M) 0.294ms
[2026-08-12T14:02:25.435+0000] GC(111) Concurrent Mark Cycle 1168.651ms
[2026-08-12T14:02:42.550+0000] GC(112) Pause Young (Prepare Mixed) (G1 Evacuation Pause) 963M->621M(1044M) 28.058ms
[2026-08-12T14:02:47.135+0000] GC(113) Pause Young (Mixed) (G1 Evacuation Pause) 987M->626M(1044M) 25.862ms
[2026-08-12T14:03:06.476+0000] GC(114) Pause Young (Concurrent Start) (G1 Evacuation Pause) 990M->641M(1044M) 23.154ms
[2026-08-12T14:03:06.476+0000] GC(115) Concurrent Mark Cycle
[2026-08-12T14:03:07.317+0000] GC(115) Pause Remark 801M->801M(1074M) 10.953ms
[2026-08-12T14:03:07.735+0000] GC(115) Pause Cleanup 836M->836M(1074M) 0.274ms
[2026-08-12T14:03:07.750+0000] GC(115) Concurrent Mark Cycle 1273.974ms
[2026-08-12T14:03:08.351+0000] GC(116) Pause Young (Prepare Mixed) (G1 Evacuation Pause) 985M->647M(1074M) 31.307ms
[2026-08-12T14:03:10.247+0000] GC(117) Pause Young (Mixed) (G1 Evacuation Pause) 1017M->651M(1074M) 33.093ms
[2026-08-12T14:03:15.188+0000] GC(118) Pause Young (Concurrent Start) (G1 Evacuation Pause) 1015M->656M(1074M) 25.645ms
[2026-08-12T14:03:15.188+0000] GC(119) Concurrent Mark Cycle
[2026-08-12T14:03:15.975+0000] GC(119) Pause Remark 657M->657M(1094M) 15.480ms
[2026-08-12T14:03:16.413+0000] GC(119) Pause Cleanup 657M->657M(1094M) 0.307ms
[2026-08-12T14:03:16.415+0000] GC(119) Concurrent Mark Cycle 1227.394ms
[2026-08-12T14:03:22.576+0000] GC(120) Pause Young (Prepare Mixed) (G1 Evacuation Pause) 1018M->659M(1094M) 20.431ms
[2026-08-12T14:04:26.640+0000] GC(121) Pause Young (Mixed) (G1 Evacuation Pause) 1037M->657M(1094M) 29.346ms
[2026-08-12T14:04:31.058+0000] GC(122) Pause Young (Concurrent Start) (G1 Evacuation Pause) 1037M->658M(1094M) 17.286ms
[2026-08-12T14:04:31.058+0000] GC(123) Concurrent Mark Cycle
[2026-08-12T14:04:32.106+0000] GC(123) Pause Remark 871M->871M(1100M) 39.093ms
[2026-08-12T14:04:32.598+0000] GC(123) Pause Cleanup 1015M->1015M(1100M) 0.276ms
[2026-08-12T14:04:32.600+0000] GC(123) Concurrent Mark Cycle 1542.123ms
[2026-08-12T14:04:36.769+0000] GC(124) Pause Young (Prepare Mixed) (G1 Evacuation Pause) 1036M->660M(1100M) 21.761ms
[2026-08-12T14:05:03.219+0000] GC(125) Pause Young (Mixed) (G1 Evacuation Pause) 1042M->660M(1100M) 33.086ms
[2026-08-12T14:05:14.978+0000] GC(126) Pause Young (Concurrent Start) (G1 Evacuation Pause) 1042M->664M(1100M) 27.748ms
[2026-08-12T14:05:14.979+0000] GC(127) Concurrent Mark Cycle
[2026-08-12T14:05:15.879+0000] GC(127) Pause Remark 812M->812M(1110M) 12.741ms
[2026-08-12T14:05:16.356+0000] GC(127) Pause Cleanup 895M->895M(1110M) 0.433ms
[2026-08-12T14:05:16.359+0000] GC(127) Concurrent Mark Cycle 1380.146ms
[2026-08-12T14:05:19.551+0000] GC(128) Pause Young (Prepare Mixed) (G1 Evacuation Pause) 1040M->671M(1110M) 21.727ms
[2026-08-12T14:05:24.722+0000] GC(129) Pause Young (Mixed) (G1 Evacuation Pause) 1049M->676M(1110M) 43.149ms
[2026-08-12T14:05:28.441+0000] GC(130) Pause Young (Concurrent Start) (G1 Humongous Allocation) 912M->684M(1110M) 40.630ms
[2026-08-12T14:05:28.441+0000] GC(131) Concurrent Mark Cycle
[2026-08-12T14:05:29.343+0000] GC(131) Pause Remark 856M->856M(1150M) 23.717ms
[2026-08-12T14:05:29.945+0000] GC(131) Pause Cleanup 867M->867M(1150M) 0.291ms
[2026-08-12T14:05:29.948+0000] GC(131) Concurrent Mark Cycle 1507.020ms
[2026-08-12T14:05:31.680+0000] GC(132) Pause Young (Prepare Mixed) (G1 Evacuation Pause) 1052M->709M(1150M) 69.448ms
[2026-08-12T14:05:36.172+0000] GC(133) Pause Young (Mixed) (G1 Evacuation Pause) 1089M->702M(1150M) 46.722ms
[2026-08-12T14:05:38.146+0000] GC(134) Pause Young (Concurrent Start) (G1 Evacuation Pause) 1090M->699M(1150M) 33.910ms
[2026-08-12T14:05:38.147+0000] GC(135) Concurrent Mark Cycle
[2026-08-12T14:05:39.211+0000] GC(136) Pause Young (Normal) (G1 Evacuation Pause) 1090M->726M(1150M) 31.420ms
[2026-08-12T14:05:39.790+0000] GC(135) Pause Remark 905M->905M(1210M) 22.832ms
[2026-08-12T14:05:40.263+0000] GC(137) Pause Young (Normal) (G1 Evacuation Pause) 1082M->716M(1210M) 27.044ms
[2026-08-12T14:05:41.096+0000] GC(135) Pause Cleanup 992M->992M(1210M) 0.368ms
[2026-08-12T14:05:41.110+0000] GC(135) Concurrent Mark Cycle 2963.783ms
[2026-08-12T14:05:41.477+0000] GC(138) Pause Young (Prepare Mixed) (G1 Evacuation Pause) 1140M->717M(1210M) 20.558ms
[2026-08-12T14:05:42.569+0000] GC(139) Pause Young (Mixed) (G1 Evacuation Pause) 1133M->708M(1210M) 52.425ms
[2026-08-12T14:05:43.620+0000] GC(140) Pause Young (Concurrent Start) (G1 Evacuation Pause) 1134M->705M(1210M) 13.499ms
[2026-08-12T14:05:43.620+0000] GC(141) Concurrent Mark Cycle
[2026-08-12T14:05:44.758+0000] GC(141) Pause Remark 981M->981M(1210M) 41.021ms
[2026-08-12T14:05:45.460+0000] GC(141) Pause Cleanup 1057M->1057M(1210M) 0.461ms
[2026-08-12T14:05:45.462+0000] GC(141) Concurrent Mark Cycle 1841.672ms
[2026-08-12T14:05:45.990+0000] GC(142) Pause Young (Prepare Mixed) (G1 Evacuation Pause) 1141M->694M(1210M) 11.617ms
[2026-08-12T14:05:47.861+0000] GC(143) Pause Young (Mixed) (G1 Evacuation Pause) 1146M->693M(1210M) 25.270ms
[2026-08-12T14:05:49.620+0000] GC(144) Pause Young (Concurrent Start) (G1 Evacuation Pause) 1145M->700M(1210M) 28.161ms
[2026-08-12T14:05:49.620+0000] GC(145) Concurrent Mark Cycle
[2026-08-12T14:05:50.570+0000] GC(145) Pause Remark 998M->998M(1210M) 17.435ms
[2026-08-12T14:05:51.154+0000] GC(145) Pause Cleanup 1111M->1111M(1210M) 0.289ms
[2026-08-12T14:05:51.159+0000] GC(145) Concurrent Mark Cycle 1538.148ms
[2026-08-12T14:05:51.337+0000] GC(146) Pause Young (Prepare Mixed) (G1 Evacuation Pause) 1146M->694M(1210M) 13.398ms
[2026-08-12T14:05:52.197+0000] GC(147) Pause Young (Mixed) (G1 Evacuation Pause) 1146M->704M(1210M) 35.492ms
[2026-08-12T14:05:53.166+0000] GC(148) Pause Young (Concurrent Start) (G1 Evacuation Pause) 1146M->717M(1210M) 33.979ms
[2026-08-12T14:05:53.166+0000] GC(149) Concurrent Mark Cycle
[2026-08-12T14:05:53.968+0000] GC(150) Pause Young (Normal) (G1 Evacuation Pause) 1145M->717M(1210M) 26.959ms
[2026-08-12T14:05:54.450+0000] GC(149) Pause Remark 1035M->1035M(1210M) 27.458ms
[2026-08-12T14:05:54.728+0000] GC(151) Pause Young (Normal) (G1 Evacuation Pause) 1141M->720M(1210M) 28.143ms
[2026-08-12T14:05:55.389+0000] GC(149) Pause Cleanup 1124M->1124M(1210M) 0.399ms
[2026-08-12T14:05:55.393+0000] GC(149) Concurrent Mark Cycle 2227.421ms
[2026-08-12T14:05:55.434+0000] GC(152) Pause Young (Prepare Mixed) (G1 Evacuation Pause) 1134M->717M(1210M) 25.498ms
[2026-08-12T14:05:55.957+0000] GC(153) Pause Young (Mixed) (G1 Evacuation Pause) 1129M->715M(1210M) 36.127ms
[2026-08-12T14:05:56.518+0000] GC(154) Pause Young (Concurrent Start) (G1 Evacuation Pause) 1129M->709M(1210M) 23.948ms
[2026-08-12T14:05:56.518+0000] GC(155) Concurrent Mark Cycle
[2026-08-12T14:05:57.281+0000] GC(156) Pause Young (Normal) (G1 Evacuation Pause) 1133M->718M(1210M) 32.126ms
[2026-08-12T14:05:57.871+0000] GC(155) Pause Remark 1001M->1001M(1210M) 15.200ms
[2026-08-12T14:05:58.110+0000] GC(157) Pause Young (Normal) (G1 Evacuation Pause) 1132M->712M(1210M) 17.260ms
[2026-08-12T14:05:58.603+0000] GC(155) Pause Cleanup 996M->996M(1210M) 0.340ms
[2026-08-12T14:05:58.608+0000] GC(155) Concurrent Mark Cycle 2089.905ms
[2026-08-12T14:05:58.829+0000] GC(158) Pause Young (Prepare Mixed) (G1 Evacuation Pause) 1130M->713M(1210M) 15.404ms
[2026-08-12T14:05:59.339+0000] GC(159) Pause Young (Mixed) (G1 Evacuation Pause) 1129M->715M(1286M) 31.517ms
[2026-08-12T14:06:00.056+0000] GC(160) Pause Young (Concurrent Start) (G1 Evacuation Pause) 1203M->710M(1286M) 20.482ms
[2026-08-12T14:06:00.056+0000] GC(161) Concurrent Mark Cycle
[2026-08-12T14:06:01.041+0000] GC(162) Pause Young (Normal) (G1 Evacuation Pause) 1204M->715M(1286M) 21.529ms
[2026-08-12T14:06:01.352+0000] GC(161) Pause Remark 869M->869M(1286M) 35.930ms
[2026-08-12T14:06:02.074+0000] GC(163) Pause Young (Normal) (G1 Evacuation Pause) 1203M->713M(1286M) 24.773ms
[2026-08-12T14:06:02.186+0000] GC(161) Pause Cleanup 788M->788M(1286M) 0.260ms
[2026-08-12T14:06:02.190+0000] GC(161) Concurrent Mark Cycle 2133.703ms
[2026-08-12T14:06:02.813+0000] GC(164) Pause Young (Prepare Mixed) (G1 Evacuation Pause) 1203M->715M(1286M) 35.878ms
[2026-08-12T14:06:03.876+0000] GC(165) Pause Young (Mixed) (G1 Evacuation Pause) 1203M->702M(1286M) 35.600ms
[2026-08-12T14:06:04.777+0000] GC(166) Pause Young (Concurrent Start) (G1 Evacuation Pause) 1206M->698M(1286M) 14.663ms
[2026-08-12T14:06:04.777+0000] GC(167) Concurrent Mark Cycle
[2026-08-12T14:06:05.808+0000] GC(167) Pause Remark 1101M->1101M(1286M) 11.932ms
[2026-08-12T14:06:06.054+0000] GC(168) Pause Young (Normal) (G1 Evacuation Pause) 1212M->700M(1286M) 21.913ms
[2026-08-12T14:06:06.696+0000] GC(167) Pause Cleanup 898M->898M(1286M) 0.330ms
[2026-08-12T14:06:06.704+0000] GC(167) Concurrent Mark Cycle 1926.363ms
[2026-08-12T14:06:07.395+0000] GC(169) Pause Young (Prepare Mixed) (G1 Evacuation Pause) 1216M->705M(1286M) 24.094ms
[2026-08-12T14:06:08.916+0000] GC(170) Pause Young (Mixed) (G1 Evacuation Pause) 1217M->690M(1286M) 30.677ms
[2026-08-12T14:06:09.997+0000] GC(171) Pause Young (Concurrent Start) (G1 Evacuation Pause) 1218M->698M(1286M) 21.495ms
[2026-08-12T14:06:09.997+0000] GC(172) Concurrent Mark Cycle
[2026-08-12T14:06:11.129+0000] GC(172) Pause Remark 1001M->1001M(1286M) 23.780ms
[2026-08-12T14:06:11.702+0000] GC(172) Pause Cleanup 1145M->1145M(1286M) 0.322ms
[2026-08-12T14:06:11.712+0000] GC(172) Concurrent Mark Cycle 1714.729ms
[2026-08-12T14:06:11.939+0000] GC(173) Pause Young (Prepare Mixed) (G1 Evacuation Pause) 1218M->690M(1286M) 12.341ms
[2026-08-12T14:06:12.868+0000] GC(174) Pause Young (Mixed) (G1 Evacuation Pause) 1218M->707M(1286M) 30.579ms
[2026-08-12T14:06:13.428+0000] GC(175) Pause Young (Concurrent Start) (G1 Evacuation Pause) 1217M->718M(1286M) 30.815ms
[2026-08-12T14:06:13.429+0000] GC(176) Concurrent Mark Cycle
[2026-08-12T14:06:14.331+0000] GC(177) Pause Young (Normal) (G1 Evacuation Pause) 1210M->717M(1286M) 34.306ms
[2026-08-12T14:06:14.800+0000] GC(176) Pause Remark 893M->893M(1286M) 11.091ms
[2026-08-12T14:06:15.371+0000] GC(178) Pause Young (Normal) (G1 Evacuation Pause) 1209M->720M(1286M) 19.850ms
[2026-08-12T14:06:15.463+0000] GC(176) Pause Cleanup 808M->808M(1286M) 0.397ms
[2026-08-12T14:06:15.466+0000] GC(176) Concurrent Mark Cycle 2036.865ms
[2026-08-12T14:06:15.978+0000] GC(179) Pause Young (Prepare Mixed) (G1 Evacuation Pause) 1208M->727M(1286M) 23.362ms
[2026-08-12T14:06:16.663+0000] GC(180) Pause Young (Mixed) (G1 Evacuation Pause) 1203M->717M(1286M) 58.480ms
[2026-08-12T14:06:17.372+0000] GC(181) Pause Young (Concurrent Start) (G1 Evacuation Pause) 1203M->711M(1286M) 19.350ms
[2026-08-12T14:06:17.372+0000] GC(182) Concurrent Mark Cycle
[2026-08-12T14:06:18.176+0000] GC(183) Pause Young (Normal) (G1 Evacuation Pause) 1211M->721M(1286M) 23.170ms
[2026-08-12T14:06:18.593+0000] GC(182) Pause Remark 873M->873M(1286M) 18.642ms
[2026-08-12T14:06:19.151+0000] GC(184) Pause Young (Normal) (G1 Evacuation Pause) 1209M->730M(1286M) 31.616ms
[2026-08-12T14:06:19.414+0000] GC(182) Pause Cleanup 922M->922M(1286M) 0.588ms
[2026-08-12T14:06:19.419+0000] GC(182) Concurrent Mark Cycle 2046.151ms
[2026-08-12T14:06:19.736+0000] GC(185) Pause Young (Prepare Mixed) (G1 Evacuation Pause) 1200M->719M(1286M) 20.989ms
[2026-08-12T14:06:20.379+0000] GC(186) Pause Young (Mixed) (G1 Evacuation Pause) 1203M->731M(1286M) 28.323ms
[2026-08-12T14:06:20.902+0000] GC(187) Pause Young (Concurrent Start) (G1 Evacuation Pause) 1199M->725M(1286M) 31.997ms
[2026-08-12T14:06:20.902+0000] GC(188) Concurrent Mark Cycle
[2026-08-12T14:06:21.708+0000] GC(189) Pause Young (Normal) (G1 Evacuation Pause) 1195M->719M(1286M) 18.637ms
[2026-08-12T14:06:22.359+0000] GC(188) Pause Remark 1148M->1148M(1286M) 13.985ms
[2026-08-12T14:06:22.519+0000] GC(190) Pause Young (Normal) (G1 Evacuation Pause) 1199M->732M(1286M) 31.244ms
[2026-08-12T14:06:23.252+0000] GC(191) Pause Young (Normal) (G1 Evacuation Pause) 1194M->726M(1286M) 27.589ms
[2026-08-12T14:06:23.257+0000] GC(188) Pause Cleanup 730M->730M(1286M) 0.283ms
[2026-08-12T14:06:23.260+0000] GC(188) Concurrent Mark Cycle 2358.367ms
[2026-08-12T14:06:23.661+0000] GC(192) Pause Young (Prepare Mixed) (G1 Evacuation Pause) 1202M->774M(1286M) 44.740ms
[2026-08-12T14:06:24.353+0000] GC(193) Pause Young (Mixed) (G1 Evacuation Pause) 1172M->748M(1358M) 27.275ms
[2026-08-12T14:06:25.093+0000] GC(194) Pause Young (Concurrent Start) (G1 Evacuation Pause) 1240M->752M(1358M) 31.407ms
[2026-08-12T14:06:25.094+0000] GC(195) Concurrent Mark Cycle
[2026-08-12T14:06:26.059+0000] GC(196) Pause Young (Normal) (G1 Evacuation Pause) 1252M->770M(1358M) 34.244ms
[2026-08-12T14:06:26.774+0000] GC(195) Pause Remark 1168M->1164M(1358M) 15.862ms
[2026-08-12T14:06:27.011+0000] GC(197) Pause Young (Normal) (G1 Evacuation Pause) 1252M->758M(1358M) 33.557ms
[2026-08-12T14:06:27.727+0000] GC(195) Pause Cleanup 1236M->1236M(1358M) 0.317ms
[2026-08-12T14:06:27.732+0000] GC(195) Concurrent Mark Cycle 2638.519ms
[2026-08-12T14:06:27.815+0000] GC(198) Pause Young (Prepare Mixed) (G1 Evacuation Pause) 1262M->756M(1358M) 26.806ms
[2026-08-12T14:06:28.578+0000] GC(199) Pause Young (Mixed) (G1 Evacuation Pause) 1274M->756M(1358M) 24.017ms
[2026-08-12T14:06:28.776+0000] GC(200) Pause Young (Concurrent Start) (G1 Humongous Allocation) 888M->741M(1358M) 14.856ms
[2026-08-12T14:06:28.776+0000] GC(201) Concurrent Mark Cycle
[2026-08-12T14:06:29.770+0000] GC(202) Pause Young (Normal) (G1 Evacuation Pause) 1277M->748M(1358M) 19.197ms
[2026-08-12T14:06:30.262+0000] GC(201) Pause Remark 912M->908M(1358M) 15.749ms
[2026-08-12T14:06:30.904+0000] GC(201) Pause Cleanup 997M->997M(1358M) 0.340ms
[2026-08-12T14:06:30.906+0000] GC(201) Concurrent Mark Cycle 2129.657ms
[2026-08-12T14:06:51.749+0000] GC(203) Pause Young (Prepare Mixed) (G1 Evacuation Pause) 1294M->724M(1358M) 9.807ms
[2026-08-12T14:07:21.944+0000] GC(204) Pause Young (Mixed) (G1 Evacuation Pause) 1296M->721M(1358M) 37.184ms
[2026-08-12T14:07:22.028+0000] GC(205) Pause Young (Concurrent Start) (G1 Humongous Allocation) 750M->722M(1358M) 13.062ms
[2026-08-12T14:07:22.028+0000] GC(206) Concurrent Mark Cycle
[2026-08-12T14:07:23.298+0000] GC(206) Pause Remark 765M->765M(1358M) 21.352ms
[2026-08-12T14:07:23.903+0000] GC(206) Pause Cleanup 778M->778M(1358M) 0.310ms
[2026-08-12T14:07:23.905+0000] GC(206) Concurrent Mark Cycle 1876.943ms
[2026-08-12T14:07:32.466+0000] GC(207) Pause Young (Prepare Mixed) (G1 Evacuation Pause) 1304M->741M(1358M) 48.699ms
[2026-08-12T14:08:06.362+0000] GC(208) Pause Young (Concurrent Start) (CodeCache GC Threshold) 1219M->788M(1358M) 34.859ms
[2026-08-12T14:08:06.362+0000] GC(209) Concurrent Mark Cycle
[2026-08-12T14:08:07.394+0000] GC(209) Pause Remark 811M->787M(1358M) 21.151ms
[2026-08-12T14:08:07.967+0000] GC(209) Pause Cleanup 814M->814M(1358M) 0.460ms
[2026-08-12T14:08:07.975+0000] GC(209) Concurrent Mark Cycle 1612.750ms
[2026-08-12T14:08:46.912+0000] GC(210) Pause Young (Prepare Mixed) (G1 Evacuation Pause) 1356M->835M(1412M) 73.092ms
[2026-08-12T14:09:16.787+0000] GC(211) Pause Young (Mixed) (G1 Evacuation Pause) 1411M->915M(1446M) 50.194ms
[2026-08-12T14:09:18.782+0000] GC(212) Pause Young (Concurrent Start) (G1 Humongous Allocation) 963M->915M(1446M) 26.515ms
[2026-08-12T14:09:18.782+0000] GC(213) Concurrent Mark Cycle
[2026-08-12T14:09:19.806+0000] GC(213) Pause Remark 924M->796M(1446M) 32.937ms
[2026-08-12T14:09:20.368+0000] GC(213) Pause Cleanup 796M->796M(1446M) 0.392ms
[2026-08-12T14:09:20.372+0000] GC(213) Concurrent Mark Cycle 1590.090ms
[2026-08-12T14:09:51.760+0000] GC(214) Pause Young (Prepare Mixed) (G1 Evacuation Pause) 1331M->815M(1446M) 26.946ms
[2026-08-12T14:10:16.186+0000] GC(215) Pause Young (Mixed) (G1 Evacuation Pause) 1449M->916M(1482M) 59.868ms
[2026-08-12T14:10:16.868+0000] GC(216) Pause Young (Concurrent Start) (G1 Humongous Allocation) 979M->916M(1482M) 29.423ms
[2026-08-12T14:10:16.868+0000] GC(217) Concurrent Mark Cycle
[2026-08-12T14:10:17.896+0000] GC(217) Pause Remark 943M->823M(1482M) 32.015ms
[2026-08-12T14:10:18.454+0000] GC(217) Pause Cleanup 823M->823M(1482M) 0.325ms
[2026-08-12T14:10:18.457+0000] GC(217) Concurrent Mark Cycle 1589.106ms
[2026-08-12T14:10:45.197+0000] GC(218) Pause Young (Prepare Mixed) (G1 Evacuation Pause) 1480M->875M(1514M) 41.687ms
[2026-08-12T14:11:21.785+0000] GC(219) Pause Young (Mixed) (G1 Evacuation Pause) 1471M->853M(1514M) 32.824ms
[2026-08-12T14:11:21.864+0000] GC(220) Pause Young (Concurrent Start) (G1 Humongous Allocation) 893M->854M(1514M) 25.744ms
[2026-08-12T14:11:21.864+0000] GC(221) Concurrent Mark Cycle
[2026-08-12T14:11:22.873+0000] GC(221) Pause Remark 877M->805M(1514M) 26.828ms
[2026-08-12T14:11:23.454+0000] GC(221) Pause Cleanup 806M->806M(1514M) 3.161ms
[2026-08-12T14:11:23.457+0000] GC(221) Concurrent Mark Cycle 1592.295ms
[2026-08-12T14:12:01.774+0000] GC(222) Pause Young (Prepare Mixed) (G1 Evacuation Pause) 1398M->785M(1514M) 35.012ms
[2026-08-12T14:12:56.770+0000] GC(223) Pause Young (Mixed) (G1 Evacuation Pause) 1473M->758M(1516M) 23.237ms
[2026-08-12T14:13:06.804+0000] GC(224) Pause Young (Concurrent Start) (G1 Humongous Allocation) 892M->757M(1516M) 23.721ms
[2026-08-12T14:13:06.804+0000] GC(225) Concurrent Mark Cycle
[2026-08-12T14:13:07.785+0000] GC(225) Pause Remark 778M->778M(1516M) 25.788ms
[2026-08-12T14:13:08.339+0000] GC(225) Pause Cleanup 778M->778M(1516M) 0.356ms
[2026-08-12T14:13:08.343+0000] GC(225) Concurrent Mark Cycle 1538.332ms
[2026-08-12T14:14:54.355+0000] GC(226) Pause Young (Prepare Mixed) (G1 Evacuation Pause) 1515M->780M(1558M) 41.127ms
[2026-08-12T14:14:56.450+0000] GC(227) Pause Young (Mixed) (G1 Evacuation Pause) 1514M->773M(1564M) 33.352ms
[2026-08-12T14:14:56.942+0000] GC(228) Pause Young (Concurrent Start) (G1 Evacuation Pause) 1481M->775M(1564M) 33.313ms
[2026-08-12T14:14:56.942+0000] GC(229) Concurrent Mark Cycle
[2026-08-12T14:14:57.394+0000] GC(230) Pause Young (Normal) (G1 Evacuation Pause) 1482M->776M(1564M) 13.061ms
[2026-08-12T14:14:57.918+0000] GC(231) Pause Young (Normal) (G1 Evacuation Pause) 1486M->776M(1564M) 9.938ms
[2026-08-12T14:14:58.047+0000] GC(229) Pause Remark 944M->944M(1564M) 30.376ms
[2026-08-12T14:14:58.463+0000] GC(232) Pause Young (Normal) (G1 Evacuation Pause) 1482M->777M(1564M) 10.630ms
[2026-08-12T14:14:58.653+0000] GC(229) Pause Cleanup 1001M->1001M(1564M) 0.330ms
[2026-08-12T14:14:58.657+0000] GC(229) Concurrent Mark Cycle 1714.791ms
[2026-08-12T14:14:59.039+0000] GC(233) Pause Young (Prepare Mixed) (G1 Evacuation Pause) 1480M->777M(1564M) 9.199ms
[2026-08-12T14:14:59.571+0000] GC(234) Pause Young (Mixed) (G1 Evacuation Pause) 1481M->775M(1564M) 25.662ms
[2026-08-12T14:15:00.063+0000] GC(235) Pause Young (Concurrent Start) (G1 Evacuation Pause) 1482M->775M(1564M) 8.613ms
[2026-08-12T14:15:00.064+0000] GC(236) Concurrent Mark Cycle
[2026-08-12T14:15:00.527+0000] GC(237) Pause Young (Normal) (G1 Evacuation Pause) 1481M->775M(1564M) 9.418ms
[2026-08-12T14:15:00.956+0000] GC(238) Pause Young (Normal) (G1 Evacuation Pause) 1482M->775M(1564M) 8.372ms
[2026-08-12T14:15:01.136+0000] GC(236) Pause Remark 912M->912M(1564M) 38.560ms
[2026-08-12T14:15:01.701+0000] GC(236) Pause Cleanup 914M->914M(1564M) 0.296ms
[2026-08-12T14:15:01.704+0000] GC(236) Concurrent Mark Cycle 1640.119ms
[2026-08-12T14:15:39.253+0000] GC(239) Pause Young (Prepare Mixed) (G1 Evacuation Pause) 1573M->901M(1582M) 23.268ms
[2026-08-12T14:16:45.834+0000] GC(240) Pause Young (Mixed) (G1 Evacuation Pause) 1581M->1014M(1594M) 24.985ms
[2026-08-12T14:16:48.332+0000] GC(241) Pause Young (Concurrent Start) (G1 Humongous Allocation) 1037M->1014M(1594M) 6.752ms
[2026-08-12T14:16:48.332+0000] GC(242) Concurrent Mark Cycle
[2026-08-12T14:16:49.409+0000] GC(242) Pause Remark 1053M->837M(1594M) 39.154ms
[2026-08-12T14:16:50.011+0000] GC(242) Pause Cleanup 851M->851M(1594M) 0.340ms
[2026-08-12T14:16:50.019+0000] GC(242) Concurrent Mark Cycle 1686.724ms
[2026-08-12T14:18:06.130+0000] GC(243) Pause Young (Prepare Mixed) (G1 Evacuation Pause) 1590M->914M(1602M) 46.558ms
[2026-08-12T14:18:46.662+0000] GC(244) Pause Young (Mixed) (G1 Evacuation Pause) 1600M->1004M(1620M) 42.296ms
[2026-08-12T14:18:51.067+0000] GC(245) Pause Young (Concurrent Start) (G1 Humongous Allocation) 1021M->1005M(1620M) 14.521ms
[2026-08-12T14:18:51.067+0000] GC(246) Concurrent Mark Cycle
[2026-08-12T14:18:52.127+0000] GC(246) Pause Remark 1014M->852M(1620M) 44.920ms
[2026-08-12T14:18:52.738+0000] GC(246) Pause Cleanup 852M->852M(1620M) 0.354ms
[2026-08-12T14:18:52.745+0000] GC(246) Concurrent Mark Cycle 1677.860ms
