[2026-08-19T13:45:31.554-0300] Using G1
[2026-08-19T13:45:32.095-0300] GC(0) Pause Young (Normal) (G1 Evacuation Pause) 31M->16M(514M) 6.390ms
[2026-08-19T13:45:32.373-0300] GC(1) Pause Young (Normal) (G1 Evacuation Pause) 42M->31M(514M) 6.574ms
[2026-08-19T13:45:32.811-0300] GC(2) Pause Young (Normal) (G1 Evacuation Pause) 52M->34M(514M) 6.035ms
[2026-08-19T13:45:33.605-0300] GC(3) Pause Young (Concurrent Start) (Metadata GC Threshold) 63M->39M(514M) 8.543ms
[2026-08-19T13:45:33.605-0300] GC(4) Concurrent Mark Cycle
[2026-08-19T13:45:33.653-0300] GC(4) Pause Remark 40M->39M(512M) 5.430ms
[2026-08-19T13:45:33.677-0300] GC(4) Pause Cleanup 40M->40M(512M) 0.268ms
[2026-08-19T13:45:33.686-0300] GC(4) Concurrent Mark Cycle 81.224ms
[2026-08-19T13:45:34.843-0300] GC(5) Pause Young (Prepare Mixed) (G1 Evacuation Pause) 107M->41M(512M) 20.060ms
[2026-08-19T13:45:35.747-0300] GC(6) Pause Young (Mixed) (Metadata GC Threshold) 120M->45M(512M) 9.762ms
[2026-08-19T13:45:36.008-0300] GC(7) Pause Young (Concurrent Start) (Metadata GC Threshold) 155M->45M(512M) 7.000ms
[2026-08-19T13:45:36.008-0300] GC(8) Concurrent Mark Cycle
[2026-08-19T13:45:36.039-0300] GC(8) Pause Remark 45M->45M(512M) 7.071ms
[2026-08-19T13:45:36.053-0300] GC(8) Pause Cleanup 48M->48M(512M) 0.209ms
[2026-08-19T13:45:36.054-0300] GC(8) Concurrent Mark Cycle 45.616ms
[2026-08-19T13:45:37.961-0300] GC(9) Pause Young (Prepare Mixed) (G1 Evacuation Pause) 345M->48M(512M) 10.607ms
[2026-08-19T13:45:38.666-0300] GC(10) Pause Young (Mixed) (G1 Evacuation Pause) 344M->47M(512M) 9.414ms
[2026-08-19T13:45:39.338-0300] GC(11) Pause Young (Normal) (G1 Evacuation Pause) 344M->47M(512M) 7.602ms
[2026-08-19T13:45:39.991-0300] GC(12) Pause Young (Normal) (G1 Evacuation Pause) 344M->47M(512M) 7.141ms
[2026-08-19T13:45:40.704-0300] GC(13) Pause Young (Normal) (G1 Evacuation Pause) 344M->47M(512M) 14.078ms
[2026-08-19T13:45:42.910-0300] GC(14) Pause Young (Normal) (G1 Evacuation Pause) 345M->62M(512M) 20.290ms
[2026-08-19T13:45:43.275-0300] GC(15) Pause Young (Concurrent Start) (Metadata GC Threshold) 95M->63M(512M) 17.299ms
[2026-08-19T13:45:43.275-0300] GC(16) Concurrent Mark Cycle
[2026-08-19T13:45:43.348-0300] GC(16) Pause Remark 67M->67M(512M) 6.243ms
[2026-08-19T13:45:43.374-0300] GC(16) Pause Cleanup 69M->69M(512M) 0.157ms
[2026-08-19T13:45:43.375-0300] GC(16) Concurrent Mark Cycle 100.183ms
[2026-08-19T13:45:45.732-0300] GC(17) Pause Young (Prepare Mixed) (G1 Evacuation Pause) 350M->83M(512M) 26.916ms
[2026-08-19T13:45:47.386-0300] GC(18) Pause Young (Mixed) (G1 Evacuation Pause) 351M->99M(512M) 44.256ms
[2026-08-19T13:45:48.809-0300] GC(19) Pause Young (Normal) (G1 Evacuation Pause) 386M->116M(512M) 23.674ms
[2026-08-19T13:45:50.144-0300] GC(20) Pause Young (Normal) (G1 Evacuation Pause) 386M->131M(512M) 28.949ms
[2026-08-19T13:45:51.631-0300] GC(21) Pause Young (Normal) (G1 Evacuation Pause) 420M->148M(512M) 28.083ms
[2026-08-19T13:45:52.764-0300] GC(22) Pause Young (Normal) (G1 Evacuation Pause) 420M->165M(512M) 36.284ms
[2026-08-19T13:45:53.918-0300] GC(23) Pause Young (Normal) (G1 Evacuation Pause) 436M->183M(512M) 43.377ms
[2026-08-19T13:45:55.015-0300] GC(24) Pause Young (Concurrent Start) (G1 Evacuation Pause) 454M->199M(512M) 25.699ms
[2026-08-19T13:45:55.015-0300] GC(25) Concurrent Mark Cycle
[2026-08-19T13:45:55.299-0300] GC(25) Pause Remark 217M->217M(512M) 20.200ms
[2026-08-19T13:45:55.421-0300] GC(25) Pause Cleanup 223M->223M(512M) 0.203ms
[2026-08-19T13:45:55.422-0300] GC(25) Concurrent Mark Cycle 406.699ms
[2026-08-19T13:45:57.674-0300] GC(26) Pause Young (Prepare Mixed) (G1 Evacuation Pause) 458M->210M(512M) 28.626ms
[2026-08-19T13:45:58.440-0300] GC(27) Pause Young (Mixed) (G1 Evacuation Pause) 465M->212M(512M) 19.121ms
[2026-08-19T13:45:58.998-0300] GC(28) Pause Young (Concurrent Start) (G1 Evacuation Pause) 471M->213M(512M) 10.208ms
[2026-08-19T13:45:58.998-0300] GC(29) Concurrent Mark Cycle
[2026-08-19T13:45:59.284-0300] GC(29) Pause Remark 344M->344M(512M) 11.970ms
[2026-08-19T13:45:59.404-0300] GC(29) Pause Cleanup 377M->377M(512M) 0.240ms
[2026-08-19T13:45:59.405-0300] GC(29) Concurrent Mark Cycle 406.857ms
[2026-08-19T13:45:59.593-0300] GC(30) Pause Young (Prepare Mixed) (G1 Evacuation Pause) 478M->213M(512M) 9.840ms
[2026-08-19T13:46:00.175-0300] GC(31) Pause Young (Mixed) (G1 Evacuation Pause) 483M->212M(512M) 11.104ms
[2026-08-19T13:46:00.752-0300] GC(32) Pause Young (Concurrent Start) (G1 Evacuation Pause) 484M->211M(512M) 10.048ms
[2026-08-19T13:46:00.752-0300] GC(33) Concurrent Mark Cycle
[2026-08-19T13:46:01.053-0300] GC(33) Pause Remark 318M->318M(512M) 15.403ms
[2026-08-19T13:46:01.165-0300] GC(33) Pause Cleanup 377M->377M(512M) 0.265ms
[2026-08-19T13:46:01.166-0300] GC(33) Concurrent Mark Cycle 414.512ms
[2026-08-19T13:46:01.424-0300] GC(34) Pause Young (Prepare Mixed) (G1 Evacuation Pause) 484M->211M(512M) 8.775ms
[2026-08-19T13:46:02.017-0300] GC(35) Pause Young (Mixed) (G1 Evacuation Pause) 484M->210M(512M) 10.620ms
[2026-08-19T13:46:02.610-0300] GC(36) Pause Young (Concurrent Start) (G1 Evacuation Pause) 484M->211M(512M) 8.083ms
[2026-08-19T13:46:02.610-0300] GC(37) Concurrent Mark Cycle
[2026-08-19T13:46:02.886-0300] GC(37) Pause Remark 342M->342M(512M) 9.092ms
[2026-08-19T13:46:03.015-0300] GC(37) Pause Cleanup 358M->358M(512M) 0.291ms
[2026-08-19T13:46:03.015-0300] GC(37) Concurrent Mark Cycle 405.477ms
[2026-08-19T13:46:03.258-0300] GC(38) Pause Young (Prepare Mixed) (G1 Evacuation Pause) 484M->212M(512M) 16.160ms
[2026-08-19T13:46:03.913-0300] GC(39) Pause Young (Mixed) (G1 Evacuation Pause) 484M->210M(512M) 12.238ms
[2026-08-19T13:46:04.544-0300] GC(40) Pause Young (Concurrent Start) (G1 Evacuation Pause) 484M->210M(512M) 10.618ms
[2026-08-19T13:46:04.544-0300] GC(41) Concurrent Mark Cycle
[2026-08-19T13:46:04.829-0300] GC(41) Pause Remark 329M->329M(512M) 14.981ms
[2026-08-19T13:46:04.943-0300] GC(41) Pause Cleanup 381M->381M(512M) 0.233ms
[2026-08-19T13:46:04.944-0300] GC(41) Concurrent Mark Cycle 400.095ms
[2026-08-19T13:46:05.290-0300] GC(42) Pause Young (Prepare Mixed) (G1 Evacuation Pause) 484M->210M(512M) 10.402ms
[2026-08-19T13:46:08.714-0300] GC(43) Pause Young (Mixed) (G1 Evacuation Pause) 499M->221M(530M) 32.968ms
[2026-08-19T13:46:10.466-0300] GC(44) Pause Young (Concurrent Start) (G1 Evacuation Pause) 501M->227M(536M) 27.303ms
[2026-08-19T13:46:10.466-0300] GC(45) Concurrent Mark Cycle
[2026-08-19T13:46:10.774-0300] GC(45) Pause Remark 255M->255M(536M) 17.183ms
[2026-08-19T13:46:10.906-0300] GC(45) Pause Cleanup 268M->268M(536M) 0.200ms
[2026-08-19T13:46:10.907-0300] GC(45) Concurrent Mark Cycle 440.832ms
[2026-08-19T13:46:12.484-0300] GC(46) Pause Young (Prepare Mixed) (G1 Evacuation Pause) 507M->238M(542M) 36.689ms
[2026-08-19T13:46:14.998-0300] GC(47) Pause Young (Mixed) (G1 Evacuation Pause) 517M->259M(571M) 40.386ms
[2026-08-19T13:46:16.153-0300] GC(48) Pause Young (Concurrent Start) (G1 Evacuation Pause) 532M->264M(576M) 32.131ms
[2026-08-19T13:46:16.153-0300] GC(49) Concurrent Mark Cycle
[2026-08-19T13:46:16.551-0300] GC(49) Pause Remark 404M->404M(576M) 18.964ms
[2026-08-19T13:46:16.746-0300] GC(49) Pause Cleanup 502M->502M(576M) 0.259ms
[2026-08-19T13:46:16.748-0300] GC(49) Concurrent Mark Cycle 594.451ms
[2026-08-19T13:46:16.863-0300] GC(50) Pause Young (Prepare Mixed) (G1 Evacuation Pause) 540M->265M(576M) 9.834ms
[2026-08-19T13:46:17.382-0300] GC(51) Pause Young (Mixed) (G1 Evacuation Pause) 545M->264M(576M) 6.994ms
[2026-08-19T13:46:17.867-0300] GC(52) Pause Young (Concurrent Start) (G1 Evacuation Pause) 545M->264M(576M) 6.744ms
[2026-08-19T13:46:17.867-0300] GC(53) Concurrent Mark Cycle
[2026-08-19T13:46:18.260-0300] GC(53) Pause Remark 425M->425M(576M) 16.407ms
[2026-08-19T13:46:18.433-0300] GC(53) Pause Cleanup 502M->502M(576M) 0.310ms
[2026-08-19T13:46:18.434-0300] GC(53) Concurrent Mark Cycle 567.039ms
[2026-08-19T13:46:18.516-0300] GC(54) Pause Young (Prepare Mixed) (G1 Evacuation Pause) 545M->264M(576M) 8.618ms
[2026-08-19T13:46:19.034-0300] GC(55) Pause Young (Mixed) (G1 Evacuation Pause) 546M->263M(576M) 7.691ms
[2026-08-19T13:46:19.543-0300] GC(56) Pause Young (Concurrent Start) (G1 Evacuation Pause) 544M->263M(576M) 10.562ms
[2026-08-19T13:46:19.543-0300] GC(57) Concurrent Mark Cycle
[2026-08-19T13:46:19.938-0300] GC(57) Pause Remark 427M->427M(576M) 11.950ms
[2026-08-19T13:46:20.099-0300] GC(57) Pause Cleanup 521M->521M(576M) 0.327ms
[2026-08-19T13:46:20.100-0300] GC(57) Concurrent Mark Cycle 556.578ms
[2026-08-19T13:46:20.180-0300] GC(58) Pause Young (Prepare Mixed) (G1 Evacuation Pause) 544M->263M(576M) 7.053ms
[2026-08-19T13:46:20.690-0300] GC(59) Pause Young (Mixed) (G1 Evacuation Pause) 544M->263M(576M) 7.302ms
[2026-08-19T13:46:21.000-0300] GC(60) Pause Young (Concurrent Start) (G1 Humongous Allocation) 325M->264M(576M) 8.080ms
[2026-08-19T13:46:21.000-0300] GC(61) Concurrent Mark Cycle
[2026-08-19T13:46:21.447-0300] GC(61) Pause Remark 353M->353M(576M) 14.846ms
[2026-08-19T13:46:21.633-0300] GC(61) Pause Cleanup 361M->361M(576M) 0.334ms
[2026-08-19T13:46:21.634-0300] GC(61) Concurrent Mark Cycle 633.442ms
[2026-08-19T13:46:24.042-0300] GC(62) Pause Young (Prepare Mixed) (G1 Evacuation Pause) 561M->274M(578M) 18.747ms
[2026-08-19T13:46:30.618-0300] GC(63) Pause Young (Mixed) (G1 Evacuation Pause) 551M->329M(620M) 28.528ms
[2026-08-19T13:46:33.888-0300] GC(64) Pause Young (Concurrent Start) (G1 Evacuation Pause) 558M->336M(620M) 22.769ms
[2026-08-19T13:46:33.888-0300] GC(65) Concurrent Mark Cycle
[2026-08-19T13:46:34.378-0300] GC(65) Pause Remark 368M->368M(620M) 29.877ms
[2026-08-19T13:46:34.598-0300] GC(65) Pause Cleanup 380M->380M(620M) 0.311ms
[2026-08-19T13:46:34.599-0300] GC(65) Concurrent Mark Cycle 711.418ms
[2026-08-19T13:46:37.853-0300] GC(66) Pause Young (Prepare Mixed) (G1 Evacuation Pause) 567M->366M(620M) 20.367ms
[2026-08-19T13:46:39.867-0300] GC(67) Pause Young (Mixed) (G1 Evacuation Pause) 558M->385M(620M) 31.749ms
[2026-08-19T13:46:41.618-0300] GC(68) Pause Young (Concurrent Start) (G1 Evacuation Pause) 562M->398M(620M) 17.252ms
[2026-08-19T13:46:41.618-0300] GC(69) Concurrent Mark Cycle
[2026-08-19T13:46:42.104-0300] GC(69) Pause Remark 445M->441M(660M) 22.031ms
[2026-08-19T13:46:42.323-0300] GC(69) Pause Cleanup 456M->456M(660M) 0.309ms
[2026-08-19T13:46:42.325-0300] GC(69) Concurrent Mark Cycle 706.769ms
[2026-08-19T13:46:42.616-0300] GC(70) Pause Young (Prepare Mixed) (G1 Evacuation Pause) 562M->401M(660M) 10.794ms
[2026-08-19T13:46:43.117-0300] GC(71) Pause Young (Mixed) (G1 Evacuation Pause) 608M->399M(660M) 7.008ms
[2026-08-19T13:51:29.101-0300] GC(72) Pause Young (Concurrent Start) (G1 Evacuation Pause) 617M->403M(660M) 15.242ms
[2026-08-19T13:51:29.101-0300] GC(73) Concurrent Mark Cycle
[2026-08-19T13:51:29.636-0300] GC(73) Pause Remark 466M->466M(674M) 19.029ms
[2026-08-19T13:51:29.874-0300] GC(73) Pause Cleanup 479M->479M(674M) 0.370ms
[2026-08-19T13:51:29.878-0300] GC(73) Concurrent Mark Cycle 776.965ms
[2026-08-19T13:51:30.765-0300] GC(74) Pause Young (Prepare Mixed) (G1 Evacuation Pause) 624M->420M(674M) 18.799ms
[2026-08-19T13:51:32.730-0300] GC(75) Pause Young (Mixed) (G1 Evacuation Pause) 640M->425M(677M) 33.759ms
[2026-08-19T13:51:32.864-0300] GC(76) Pause Young (Concurrent Start) (G1 Humongous Allocation) 442M->426M(677M) 8.560ms
[2026-08-19T13:51:32.864-0300] GC(77) Concurrent Mark Cycle
[2026-08-19T13:51:33.602-0300] GC(77) Pause Remark 496M->496M(717M) 29.638ms
[2026-08-19T13:51:34.069-0300] GC(77) Pause Cleanup 542M->542M(717M) 0.374ms
[2026-08-19T13:51:34.071-0300] GC(77) Concurrent Mark Cycle 1206.689ms
[2026-08-19T13:51:34.692-0300] GC(78) Pause Young (Prepare Mixed) (G1 Evacuation Pause) 631M->438M(717M) 27.740ms
[2026-08-19T13:51:35.348-0300] GC(79) Pause Young (Mixed) (G1 Evacuation Pause) 666M->439M(717M) 20.375ms
[2026-08-19T13:51:36.316-0300] GC(80) Pause Young (Concurrent Start) (G1 Evacuation Pause) 674M->445M(717M) 15.246ms
[2026-08-19T13:51:36.316-0300] GC(81) Concurrent Mark Cycle
[2026-08-19T13:51:36.861-0300] GC(82) Pause Young (Normal) (G1 Evacuation Pause) 679M->447M(717M) 15.670ms
[2026-08-19T13:51:36.967-0300] GC(81) Pause Remark 455M->455M(747M) 18.908ms
[2026-08-19T13:51:37.262-0300] GC(81) Pause Cleanup 509M->509M(747M) 0.360ms
[2026-08-19T13:51:37.264-0300] GC(81) Concurrent Mark Cycle 948.595ms
[2026-08-19T13:51:38.038-0300] GC(83) Pause Young (Prepare Mixed) (G1 Evacuation Pause) 678M->454M(747M) 15.842ms
[2026-08-19T13:51:39.308-0300] GC(84) Pause Young (Mixed) (G1 Evacuation Pause) 708M->461M(747M) 22.226ms
[2026-08-19T13:51:40.100-0300] GC(85) Pause Young (Concurrent Start) (G1 Evacuation Pause) 708M->468M(747M) 20.903ms
[2026-08-19T13:51:40.100-0300] GC(86) Concurrent Mark Cycle
[2026-08-19T13:51:40.674-0300] GC(87) Pause Young (Normal) (G1 Evacuation Pause) 708M->471M(747M) 15.013ms
[2026-08-19T13:51:40.839-0300] GC(86) Pause Remark 491M->491M(787M) 25.395ms
[2026-08-19T13:51:41.151-0300] GC(86) Pause Cleanup 547M->547M(787M) 0.348ms
[2026-08-19T13:51:41.153-0300] GC(86) Concurrent Mark Cycle 1052.489ms
[2026-08-19T13:51:41.783-0300] GC(88) Pause Young (Prepare Mixed) (G1 Evacuation Pause) 706M->478M(787M) 19.937ms
[2026-08-19T13:51:42.476-0300] GC(89) Pause Young (Mixed) (G1 Evacuation Pause) 746M->482M(787M) 19.829ms
[2026-08-19T13:51:43.069-0300] GC(90) Pause Young (Concurrent Start) (G1 Evacuation Pause) 746M->486M(787M) 22.411ms
[2026-08-19T13:51:43.069-0300] GC(91) Concurrent Mark Cycle
[2026-08-19T13:51:43.753-0300] GC(91) Pause Remark 642M->642M(812M) 15.300ms
[2026-08-19T13:51:44.150-0300] GC(92) Pause Young (Normal) (G1 Evacuation Pause) 744M->493M(812M) 20.709ms
[2026-08-19T13:51:44.156-0300] GC(91) Pause Cleanup 496M->496M(812M) 0.352ms
[2026-08-19T13:51:44.158-0300] GC(91) Concurrent Mark Cycle 1088.867ms
[2026-08-19T13:51:45.006-0300] GC(93) Pause Young (Prepare Mixed) (G1 Evacuation Pause) 769M->500M(812M) 23.836ms
[2026-08-19T13:51:45.935-0300] GC(94) Pause Young (Mixed) (G1 Evacuation Pause) 768M->505M(812M) 26.813ms
[2026-08-19T13:51:46.865-0300] GC(95) Pause Young (Concurrent Start) (G1 Evacuation Pause) 769M->513M(812M) 22.412ms
[2026-08-19T13:51:46.865-0300] GC(96) Concurrent Mark Cycle
[2026-08-19T13:51:47.428-0300] GC(97) Pause Young (Normal) (G1 Evacuation Pause) 769M->515M(812M) 25.579ms
[2026-08-19T13:51:47.550-0300] GC(96) Pause Remark 534M->534M(860M) 17.021ms
[2026-08-19T13:51:47.920-0300] GC(96) Pause Cleanup 626M->626M(860M) 0.439ms
[2026-08-19T13:51:47.922-0300] GC(96) Concurrent Mark Cycle 1057.225ms
[2026-08-19T13:51:48.277-0300] GC(98) Pause Young (Prepare Mixed) (G1 Evacuation Pause) 768M->521M(860M) 15.468ms
[2026-08-19T13:51:49.192-0300] GC(99) Pause Young (Mixed) (G1 Evacuation Pause) 816M->521M(860M) 19.554ms
[2026-08-19T13:51:49.971-0300] GC(100) Pause Young (Concurrent Start) (G1 Evacuation Pause) 816M->525M(860M) 17.371ms
[2026-08-19T13:51:49.971-0300] GC(101) Concurrent Mark Cycle
[2026-08-19T13:51:50.663-0300] GC(101) Pause Remark 708M->708M(877M) 10.483ms
[2026-08-19T13:51:51.020-0300] GC(102) Pause Young (Normal) (G1 Evacuation Pause) 814M->532M(877M) 21.770ms
[2026-08-19T13:51:51.104-0300] GC(101) Pause Cleanup 588M->588M(877M) 0.415ms
[2026-08-19T13:51:51.106-0300] GC(101) Concurrent Mark Cycle 1134.883ms
[2026-08-19T13:51:51.778-0300] GC(103) Pause Young (Prepare Mixed) (G1 Evacuation Pause) 831M->538M(877M) 19.747ms
[2026-08-19T13:51:52.635-0300] GC(104) Pause Young (Mixed) (G1 Evacuation Pause) 831M->538M(877M) 26.971ms
[2026-08-19T13:51:53.389-0300] GC(105) Pause Young (Concurrent Start) (G1 Evacuation Pause) 830M->544M(877M) 16.637ms
[2026-08-19T13:51:53.389-0300] GC(106) Concurrent Mark Cycle
[2026-08-19T13:51:54.150-0300] GC(106) Pause Remark 728M->728M(910M) 13.954ms
[2026-08-19T13:51:54.572-0300] GC(106) Pause Cleanup 816M->816M(910M) 0.472ms
[2026-08-19T13:51:54.574-0300] GC(106) Concurrent Mark Cycle 1184.245ms
[2026-08-19T13:51:54.634-0300] GC(107) Pause Young (Prepare Mixed) (G1 Evacuation Pause) 829M->553M(910M) 19.871ms
[2026-08-19T13:51:56.095-0300] GC(108) Pause Young (Mixed) (G1 Evacuation Pause) 863M->558M(910M) 34.889ms
[2026-08-19T13:51:57.345-0300] GC(109) Pause Young (Concurrent Start) (G1 Evacuation Pause) 863M->570M(910M) 24.880ms
[2026-08-19T13:51:57.345-0300] GC(110) Concurrent Mark Cycle
[2026-08-19T13:51:58.178-0300] GC(110) Pause Remark 684M->684M(952M) 12.329ms
[2026-08-19T13:51:58.892-0300] GC(110) Pause Cleanup 760M->760M(952M) 0.479ms
[2026-08-19T13:51:58.902-0300] GC(110) Concurrent Mark Cycle 1557.213ms
[2026-08-19T13:51:59.632-0300] GC(111) Pause Young (Prepare Mixed) (G1 Evacuation Pause) 869M->592M(952M) 28.590ms
[2026-08-19T13:52:00.467-0300] GC(112) Pause Young (Mixed) (G1 Evacuation Pause) 902M->604M(966M) 39.508ms
[2026-08-19T13:52:02.533-0300] GC(113) Pause Young (Concurrent Start) (G1 Evacuation Pause) 913M->617M(968M) 33.905ms
[2026-08-19T13:52:02.533-0300] GC(114) Concurrent Mark Cycle
[2026-08-19T13:52:03.875-0300] GC(115) Pause Young (Normal) (G1 Evacuation Pause) 912M->645M(975M) 53.978ms
[2026-08-19T13:52:04.085-0300] GC(114) Pause Remark 669M->669M(1077M) 15.516ms
[2026-08-19T13:52:05.018-0300] GC(116) Pause Young (Normal) (G1 Evacuation Pause) 909M->650M(1077M) 40.129ms
[2026-08-19T13:52:05.275-0300] GC(114) Pause Cleanup 777M->777M(1077M) 0.539ms
[2026-08-19T13:52:05.283-0300] GC(114) Concurrent Mark Cycle 2749.851ms
[2026-08-19T13:52:05.904-0300] GC(117) Pause Young (Prepare Mixed) (G1 Evacuation Pause) 1008M->677M(1077M) 33.100ms
[2026-08-19T13:52:06.575-0300] GC(118) Pause Young (Mixed) (G1 Evacuation Pause) 1003M->667M(1077M) 39.193ms
[2026-08-19T13:52:07.494-0300] GC(119) Pause Young (Concurrent Start) (G1 Evacuation Pause) 1001M->668M(1077M) 22.212ms
[2026-08-19T13:52:07.494-0300] GC(120) Concurrent Mark Cycle
[2026-08-19T13:52:08.759-0300] GC(120) Pause Remark 955M->937M(1085M) 45.221ms
[2026-08-19T13:52:09.018-0300] GC(121) Pause Young (Normal) (G1 Evacuation Pause) 986M->644M(1085M) 14.918ms
[2026-08-19T13:52:09.449-0300] GC(120) Pause Cleanup 752M->752M(1085M) 0.520ms
[2026-08-19T13:52:09.451-0300] GC(120) Concurrent Mark Cycle 1956.582ms
[2026-08-19T13:52:10.678-0300] GC(122) Pause Young (Prepare Mixed) (G1 Evacuation Pause) 1013M->639M(1085M) 11.832ms
[2026-08-19T13:52:12.175-0300] GC(123) Pause Young (Mixed) (G1 Evacuation Pause) 1029M->622M(1085M) 14.007ms
[2026-08-19T13:52:13.294-0300] GC(124) Pause Young (Concurrent Start) (G1 Evacuation Pause) 1029M->632M(1085M) 17.087ms
[2026-08-19T13:52:13.294-0300] GC(125) Concurrent Mark Cycle
[2026-08-19T13:52:14.536-0300] GC(125) Pause Remark 929M->929M(1085M) 31.110ms
[2026-08-19T13:52:14.915-0300] GC(126) Pause Young (Normal) (G1 Evacuation Pause) 1029M->634M(1085M) 28.415ms
[2026-08-19T13:52:15.478-0300] GC(125) Pause Cleanup 898M->898M(1085M) 0.491ms
[2026-08-19T13:52:15.483-0300] GC(125) Concurrent Mark Cycle 2189.006ms
[2026-08-19T13:52:15.798-0300] GC(127) Pause Young (Prepare Mixed) (G1 Evacuation Pause) 1027M->629M(1085M) 15.300ms
[2026-08-19T13:52:16.988-0300] GC(128) Pause Young (Mixed) (G1 Evacuation Pause) 1028M->610M(1085M) 21.052ms
[2026-08-19T13:52:18.405-0300] GC(129) Pause Young (Concurrent Start) (G1 Evacuation Pause) 1029M->614M(1085M) 14.675ms
[2026-08-19T13:52:18.405-0300] GC(130) Concurrent Mark Cycle
[2026-08-19T13:52:19.317-0300] GC(131) Pause Young (Normal) (G1 Evacuation Pause) 1030M->610M(1085M) 16.205ms
[2026-08-19T13:52:19.676-0300] GC(130) Pause Remark 757M->757M(1085M) 17.959ms
[2026-08-19T13:52:20.287-0300] GC(132) Pause Young (Normal) (G1 Evacuation Pause) 1029M->622M(1085M) 19.802ms
[2026-08-19T13:52:20.452-0300] GC(130) Pause Cleanup 694M->694M(1085M) 0.582ms
[2026-08-19T13:52:20.456-0300] GC(130) Concurrent Mark Cycle 2050.876ms
[2026-08-19T13:52:21.070-0300] GC(133) Pause Young (Prepare Mixed) (G1 Evacuation Pause) 1029M->618M(1085M) 20.689ms
[2026-08-19T13:52:21.816-0300] GC(134) Pause Young (Mixed) (G1 Evacuation Pause) 1029M->605M(1085M) 22.109ms
[2026-08-19T13:52:22.615-0300] GC(135) Pause Young (Concurrent Start) (G1 Evacuation Pause) 1029M->612M(1085M) 30.447ms
[2026-08-19T13:52:22.615-0300] GC(136) Concurrent Mark Cycle
[2026-08-19T13:52:23.579-0300] GC(136) Pause Remark 904M->904M(1085M) 17.476ms
[2026-08-19T13:52:23.988-0300] GC(137) Pause Young (Normal) (G1 Evacuation Pause) 1029M->600M(1085M) 12.280ms
[2026-08-19T13:52:24.103-0300] GC(136) Pause Cleanup 628M->628M(1085M) 0.465ms
[2026-08-19T13:52:24.105-0300] GC(136) Concurrent Mark Cycle 1489.746ms
[2026-08-19T13:52:24.918-0300] GC(138) Pause Young (Prepare Mixed) (G1 Evacuation Pause) 1029M->621M(1085M) 32.178ms
[2026-08-19T13:52:25.512-0300] GC(139) Pause Young (Mixed) (G1 Evacuation Pause) 1022M->616M(1085M) 29.344ms
[2026-08-19T13:52:26.321-0300] GC(140) Pause Young (Concurrent Start) (G1 Evacuation Pause) 1015M->620M(1085M) 32.070ms
[2026-08-19T13:52:26.322-0300] GC(141) Concurrent Mark Cycle
[2026-08-19T13:52:27.162-0300] GC(142) Pause Young (Normal) (G1 Evacuation Pause) 1010M->619M(1085M) 29.111ms
[2026-08-19T13:52:27.836-0300] GC(141) Pause Remark 897M->897M(1085M) 41.970ms
[2026-08-19T13:52:28.327-0300] GC(143) Pause Young (Normal) (G1 Evacuation Pause) 1011M->593M(1085M) 4.980ms
[2026-08-19T13:52:28.381-0300] GC(141) Pause Cleanup 630M->630M(1085M) 0.493ms
[2026-08-19T13:52:28.384-0300] GC(141) Concurrent Mark Cycle 2061.494ms
[2026-08-19T13:52:29.716-0300] GC(144) Pause Young (Prepare Mixed) (G1 Evacuation Pause) 1020M->596M(1085M) 9.782ms
[2026-08-19T13:52:30.401-0300] GC(145) Pause Young (Mixed) (G1 Evacuation Pause) 1030M->615M(1085M) 28.896ms
[2026-08-19T13:52:31.119-0300] GC(146) Pause Young (Concurrent Start) (G1 Evacuation Pause) 1020M->617M(1085M) 29.303ms
[2026-08-19T13:52:31.119-0300] GC(147) Concurrent Mark Cycle
[2026-08-19T13:52:32.130-0300] GC(148) Pause Young (Normal) (G1 Evacuation Pause) 1020M->633M(1085M) 34.650ms
[2026-08-19T13:52:33.016-0300] GC(149) Pause Young (Normal) (G1 Evacuation Pause) 1016M->634M(1085M) 27.093ms
[2026-08-19T13:52:33.086-0300] GC(147) Pause Remark 661M->661M(1085M) 28.463ms
[2026-08-19T13:52:33.774-0300] GC(147) Pause Cleanup 993M->993M(1085M) 0.569ms
[2026-08-19T13:52:33.776-0300] GC(147) Concurrent Mark Cycle 2657.550ms
[2026-08-19T13:52:33.809-0300] GC(150) Pause Young (Prepare Mixed) (G1 Evacuation Pause) 1014M->623M(1085M) 13.318ms
[2026-08-19T13:52:34.912-0300] GC(151) Pause Young (Mixed) (G1 Evacuation Pause) 1021M->616M(1085M) 14.817ms
[2026-08-19T13:52:35.039-0300] GC(152) Pause Young (Concurrent Start) (G1 Humongous Allocation) 668M->609M(1085M) 4.176ms
[2026-08-19T13:52:35.039-0300] GC(153) Concurrent Mark Cycle
[2026-08-19T13:52:35.879-0300] GC(153) Pause Remark 798M->797M(1085M) 10.707ms
[2026-08-19T13:52:36.372-0300] GC(153) Pause Cleanup 937M->937M(1085M) 0.565ms
[2026-08-19T13:52:36.374-0300] GC(153) Concurrent Mark Cycle 1334.665ms
[2026-08-19T13:52:36.699-0300] GC(154) Pause Young (Prepare Mixed) (G1 Evacuation Pause) 1029M->612M(1085M) 7.819ms
[2026-08-19T13:52:38.009-0300] GC(155) Pause Young (Mixed) (G1 Evacuation Pause) 1029M->603M(1085M) 9.049ms
[2026-08-19T13:52:38.846-0300] GC(156) Pause Young (Concurrent Start) (G1 Evacuation Pause) 1029M->626M(1085M) 14.973ms
[2026-08-19T13:52:38.846-0300] GC(157) Concurrent Mark Cycle
[2026-08-19T13:52:39.471-0300] GC(158) Pause Young (Normal) (G1 Evacuation Pause) 1029M->631M(1085M) 18.925ms
[2026-08-19T13:52:39.894-0300] GC(157) Pause Remark 937M->937M(1085M) 11.495ms
[2026-08-19T13:52:40.042-0300] GC(159) Pause Young (Normal) (G1 Evacuation Pause) 1029M->630M(1085M) 19.582ms
[2026-08-19T13:52:40.452-0300] GC(160) Pause Young (Normal) (G1 Evacuation Pause) 1024M->644M(1085M) 24.582ms
[2026-08-19T13:52:40.509-0300] GC(157) Pause Cleanup 703M->703M(1085M) 0.441ms
[2026-08-19T13:52:40.519-0300] GC(157) Concurrent Mark Cycle 1672.750ms
[2026-08-19T13:52:40.767-0300] GC(161) Pause Young (Prepare Mixed) (G1 Evacuation Pause) 1001M->638M(1085M) 23.339ms
[2026-08-19T13:52:41.114-0300] GC(162) Pause Young (Mixed) (G1 Evacuation Pause) 1004M->659M(1085M) 35.948ms
[2026-08-19T13:52:41.420-0300] GC(163) Pause Young (Concurrent Start) (G1 Evacuation Pause) 1003M->658M(1124M) 27.840ms
[2026-08-19T13:52:41.420-0300] GC(164) Concurrent Mark Cycle
[2026-08-19T13:52:41.978-0300] GC(165) Pause Young (Normal) (G1 Evacuation Pause) 1036M->665M(1124M) 21.732ms
[2026-08-19T13:52:42.406-0300] GC(166) Pause Young (Normal) (G1 Evacuation Pause) 1038M->677M(1124M) 19.703ms
[2026-08-19T13:52:42.514-0300] GC(164) Pause Remark 768M->763M(1124M) 9.508ms
[2026-08-19T13:52:42.755-0300] GC(167) Pause Young (Normal) (G1 Evacuation Pause) 1036M->691M(1124M) 28.117ms
[2026-08-19T13:52:43.181-0300] GC(168) Pause Young (Normal) (G1 Evacuation Pause) 1035M->690M(1124M) 22.667ms
[2026-08-19T13:52:43.226-0300] GC(164) Pause Cleanup 736M->736M(1124M) 0.508ms
[2026-08-19T13:52:43.232-0300] GC(164) Concurrent Mark Cycle 1811.762ms
[2026-08-19T13:52:43.530-0300] GC(169) Pause Young (Prepare Mixed) (G1 Evacuation Pause) 1039M->706M(1124M) 23.053ms
[2026-08-19T13:52:43.841-0300] GC(170) Pause Young (Mixed) (G1 Evacuation Pause) 1042M->709M(1124M) 31.595ms
[2026-08-19T13:52:44.145-0300] GC(171) Pause Young (Concurrent Start) (G1 Evacuation Pause) 1042M->723M(1178M) 29.748ms
[2026-08-19T13:52:44.145-0300] GC(172) Concurrent Mark Cycle
[2026-08-19T13:52:44.957-0300] GC(173) Pause Young (Normal) (G1 Evacuation Pause) 1090M->725M(1178M) 18.968ms
[2026-08-19T13:52:45.204-0300] GC(172) Pause Remark 844M->809M(1178M) 7.744ms
[2026-08-19T13:52:45.702-0300] GC(172) Pause Cleanup 969M->969M(1178M) 0.511ms
[2026-08-19T13:52:45.705-0300] GC(172) Concurrent Mark Cycle 1559.964ms
[2026-08-19T13:52:46.112-0300] GC(174) Pause Young (Prepare Mixed) (G1 Evacuation Pause) 1064M->690M(1178M) 14.294ms
[2026-08-19T13:52:47.074-0300] GC(175) Pause Young (Mixed) (G1 Evacuation Pause) 1107M->683M(1178M) 16.150ms
[2026-08-19T13:52:47.479-0300] GC(176) Pause Young (Concurrent Start) (G1 Evacuation Pause) 1108M->708M(1178M) 28.096ms
[2026-08-19T13:52:47.479-0300] GC(177) Concurrent Mark Cycle
[2026-08-19T13:52:47.989-0300] GC(178) Pause Young (Normal) (G1 Evacuation Pause) 1101M->689M(1178M) 16.770ms
[2026-08-19T13:52:48.415-0300] GC(177) Pause Remark 986M->966M(1178M) 8.338ms
[2026-08-19T13:52:48.643-0300] GC(179) Pause Young (Normal) (G1 Evacuation Pause) 1079M->659M(1178M) 11.349ms
[2026-08-19T13:52:48.931-0300] GC(177) Pause Cleanup 843M->843M(1178M) 0.520ms
[2026-08-19T13:52:48.935-0300] GC(177) Concurrent Mark Cycle 1455.491ms
[2026-08-19T13:52:49.351-0300] GC(180) Pause Young (Prepare Mixed) (G1 Evacuation Pause) 1103M->664M(1178M) 14.652ms
[2026-08-19T13:52:49.743-0300] GC(181) Pause Young (Mixed) (G1 Evacuation Pause) 1107M->669M(1178M) 25.833ms
[2026-08-19T13:52:49.910-0300] GC(182) Pause Young (Concurrent Start) (G1 Humongous Allocation) 837M->654M(1178M) 18.176ms
[2026-08-19T13:52:49.910-0300] GC(183) Concurrent Mark Cycle
[2026-08-19T13:52:50.499-0300] GC(184) Pause Young (Normal) (G1 Evacuation Pause) 1113M->688M(1178M) 29.172ms
[2026-08-19T13:52:50.932-0300] GC(185) Pause Young (Normal) (G1 Evacuation Pause) 1100M->678M(1178M) 22.229ms
[2026-08-19T13:52:51.049-0300] GC(183) Pause Remark 766M->751M(1178M) 9.763ms
[2026-08-19T13:52:51.347-0300] GC(186) Pause Young (Normal) (G1 Evacuation Pause) 1081M->668M(1178M) 17.864ms
[2026-08-19T13:52:51.689-0300] GC(183) Pause Cleanup 955M->955M(1178M) 0.435ms
[2026-08-19T13:52:51.691-0300] GC(183) Concurrent Mark Cycle 1781.661ms
[2026-08-19T13:52:51.926-0300] GC(187) Pause Young (Prepare Mixed) (G1 Evacuation Pause) 1092M->668M(1178M) 28.201ms
[2026-08-19T13:52:52.541-0300] GC(188) Pause Young (Mixed) (G1 Evacuation Pause) 1101M->692M(1178M) 41.962ms
[2026-08-19T13:52:53.035-0300] GC(189) Pause Young (Concurrent Start) (G1 Evacuation Pause) 1083M->700M(1178M) 35.341ms
[2026-08-19T13:52:53.036-0300] GC(190) Concurrent Mark Cycle
[2026-08-19T13:52:53.653-0300] GC(191) Pause Young (Normal) (G1 Evacuation Pause) 1082M->696M(1178M) 22.704ms
[2026-08-19T13:52:54.090-0300] GC(190) Pause Remark 935M->929M(1178M) 19.147ms
[2026-08-19T13:52:54.469-0300] GC(192) Pause Young (Normal) (G1 Evacuation Pause) 1086M->692M(1178M) 24.117ms
[2026-08-19T13:52:54.901-0300] GC(190) Pause Cleanup 988M->988M(1178M) 0.430ms
[2026-08-19T13:52:54.903-0300] GC(190) Concurrent Mark Cycle 1867.133ms
[2026-08-19T13:52:55.113-0300] GC(193) Pause Young (Prepare Mixed) (G1 Evacuation Pause) 1096M->696M(1178M) 26.640ms
[2026-08-19T13:52:55.714-0300] GC(194) Pause Young (Mixed) (G1 Evacuation Pause) 1110M->676M(1178M) 23.127ms
[2026-08-19T13:52:55.750-0300] GC(195) Pause Young (Concurrent Start) (G1 Humongous Allocation) 684M->676M(1178M) 22.261ms
[2026-08-19T13:52:55.750-0300] GC(196) Concurrent Mark Cycle
[2026-08-19T13:52:56.675-0300] GC(196) Pause Remark 1072M->1063M(1178M) 8.442ms
[2026-08-19T13:52:56.927-0300] GC(197) Pause Young (Normal) (G1 Evacuation Pause) 1120M->667M(1178M) 19.914ms
[2026-08-19T13:52:57.180-0300] GC(196) Pause Cleanup 712M->712M(1178M) 0.505ms
[2026-08-19T13:52:57.182-0300] GC(196) Concurrent Mark Cycle 1432.311ms
[2026-08-19T13:58:52.128-0300] GC(198) Pause Young (Prepare Mixed) (G1 Evacuation Pause) 1117M->660M(1178M) 14.274ms
