[2026-08-12T13:44:21.820-0300] Using G1
[2026-08-12T13:44:24.700-0300] GC(0) Pause Young (Normal) (G1 Evacuation Pause) 31M->16M(514M) 84.661ms
[2026-08-12T13:44:25.514-0300] GC(1) Pause Young (Normal) (G1 Evacuation Pause) 42M->31M(514M) 10.412ms
[2026-08-12T13:44:26.345-0300] GC(2) Pause Young (Normal) (G1 Evacuation Pause) 52M->33M(514M) 6.472ms
[2026-08-12T13:44:27.636-0300] GC(3) Pause Young (Concurrent Start) (Metadata GC Threshold) 60M->38M(514M) 9.188ms
[2026-08-12T13:44:27.636-0300] GC(4) Concurrent Mark Cycle
[2026-08-12T13:44:27.666-0300] GC(4) Pause Remark 39M->38M(512M) 7.093ms
[2026-08-12T13:44:27.671-0300] GC(4) Pause Cleanup 38M->38M(512M) 0.158ms
[2026-08-12T13:44:27.675-0300] GC(4) Concurrent Mark Cycle 38.681ms
[2026-08-12T13:44:30.610-0300] GC(5) Pause Young (Prepare Mixed) (G1 Evacuation Pause) 132M->43M(512M) 18.168ms
[2026-08-12T13:44:31.283-0300] GC(6) Pause Young (Mixed) (Metadata GC Threshold) 62M->44M(512M) 22.135ms
[2026-08-12T13:44:31.688-0300] GC(7) Pause Young (Concurrent Start) (Metadata GC Threshold) 49M->44M(512M) 8.526ms
[2026-08-12T13:44:31.688-0300] GC(8) Concurrent Mark Cycle
[2026-08-12T13:44:31.723-0300] GC(8) Pause Remark 46M->46M(512M) 11.042ms
[2026-08-12T13:44:31.750-0300] GC(8) Pause Cleanup 48M->48M(512M) 0.123ms
[2026-08-12T13:44:31.750-0300] GC(8) Concurrent Mark Cycle 62.592ms
[2026-08-12T13:45:04.369-0300] GC(9) Pause Young (Prepare Mixed) (G1 Evacuation Pause) 207M->46M(512M) 16.158ms
[2026-08-12T13:46:09.659-0300] GC(10) Pause Young (Mixed) (G1 Evacuation Pause) 343M->46M(512M) 18.446ms
[2026-08-12T13:46:35.816-0300] GC(11) Pause Young (Normal) (G1 Evacuation Pause) 343M->47M(512M) 25.230ms
[2026-08-12T13:47:42.171-0300] GC(12) Pause Young (Normal) (G1 Evacuation Pause) 343M->47M(512M) 10.102ms
[2026-08-12T13:49:29.261-0300] GC(13) Pause Young (Normal) (G1 Evacuation Pause) 343M->55M(512M) 21.062ms
[2026-08-12T13:49:29.596-0300] GC(14) Pause Young (Concurrent Start) (Metadata GC Threshold) 85M->58M(512M) 19.515ms
[2026-08-12T13:49:29.596-0300] GC(15) Concurrent Mark Cycle
[2026-08-12T13:49:29.643-0300] GC(15) Pause Remark 60M->60M(512M) 12.405ms
[2026-08-12T13:49:29.657-0300] GC(15) Pause Cleanup 61M->61M(512M) 0.196ms
[2026-08-12T13:49:29.659-0300] GC(15) Concurrent Mark Cycle 62.799ms
[2026-08-12T13:49:33.532-0300] GC(16) Pause Young (Prepare Mixed) (G1 Evacuation Pause) 343M->76M(512M) 40.151ms
[2026-08-12T13:49:35.574-0300] GC(17) Pause Young (Mixed) (G1 Evacuation Pause) 349M->91M(512M) 60.322ms
[2026-08-12T13:49:37.821-0300] GC(18) Pause Young (Normal) (G1 Evacuation Pause) 380M->109M(512M) 22.942ms
[2026-08-12T13:49:39.693-0300] GC(19) Pause Young (Normal) (G1 Evacuation Pause) 381M->126M(512M) 41.108ms
[2026-08-12T13:49:41.378-0300] GC(20) Pause Young (Normal) (G1 Evacuation Pause) 396M->143M(512M) 39.049ms
[2026-08-12T13:49:42.852-0300] GC(21) Pause Young (Normal) (G1 Evacuation Pause) 415M->159M(512M) 46.051ms
[2026-08-12T13:49:44.438-0300] GC(22) Pause Young (Concurrent Start) (GCLocker Initiated GC) 432M->177M(512M) 35.685ms
[2026-08-12T13:49:44.439-0300] GC(23) Concurrent Mark Cycle
[2026-08-12T13:49:44.814-0300] GC(23) Pause Remark 232M->232M(512M) 36.728ms
[2026-08-12T13:49:44.966-0300] GC(23) Pause Cleanup 250M->250M(512M) 0.185ms
[2026-08-12T13:49:44.968-0300] GC(23) Concurrent Mark Cycle 529.545ms
[2026-08-12T13:49:46.109-0300] GC(24) Pause Young (Prepare Mixed) (G1 Evacuation Pause) 447M->193M(512M) 50.375ms
[2026-08-12T13:49:49.964-0300] GC(25) Pause Young (Mixed) (G1 Evacuation Pause) 457M->204M(512M) 29.671ms
[2026-08-12T13:50:34.381-0300] GC(26) Pause Young (Concurrent Start) (G1 Evacuation Pause) 464M->209M(512M) 29.315ms
[2026-08-12T13:50:34.381-0300] GC(27) Concurrent Mark Cycle
[2026-08-12T13:50:34.665-0300] GC(27) Pause Remark 271M->271M(512M) 14.937ms
[2026-08-12T13:50:34.769-0300] GC(27) Pause Cleanup 275M->275M(512M) 0.241ms
[2026-08-12T13:50:34.772-0300] GC(27) Concurrent Mark Cycle 390.911ms
[2026-08-12T13:50:37.493-0300] GC(28) Pause Young (Prepare Mixed) (G1 Evacuation Pause) 470M->208M(512M) 16.255ms
[2026-08-12T13:50:43.430-0300] GC(29) Pause Young (Mixed) (G1 Evacuation Pause) 477M->207M(512M) 23.010ms
[2026-08-12T13:50:49.947-0300] GC(30) Pause Young (Concurrent Start) (G1 Evacuation Pause) 483M->207M(512M) 15.487ms
[2026-08-12T13:50:49.947-0300] GC(31) Concurrent Mark Cycle
[2026-08-12T13:50:50.232-0300] GC(31) Pause Remark 236M->236M(512M) 13.598ms
[2026-08-12T13:50:50.334-0300] GC(31) Pause Cleanup 236M->236M(512M) 0.280ms
[2026-08-12T13:50:50.334-0300] GC(31) Concurrent Mark Cycle 387.121ms
[2026-08-12T13:50:59.921-0300] GC(32) Pause Young (Prepare Mixed) (G1 Evacuation Pause) 483M->207M(512M) 11.731ms
[2026-08-12T13:51:06.739-0300] GC(33) Pause Young (Mixed) (G1 Evacuation Pause) 483M->206M(512M) 15.289ms
[2026-08-12T13:51:20.998-0300] GC(34) Pause Young (Concurrent Start) (G1 Evacuation Pause) 484M->206M(512M) 17.994ms
[2026-08-12T13:51:20.998-0300] GC(35) Concurrent Mark Cycle
[2026-08-12T13:51:21.408-0300] GC(35) Pause Remark 272M->272M(512M) 15.740ms
[2026-08-12T13:51:21.534-0300] GC(35) Pause Cleanup 305M->305M(512M) 0.241ms
[2026-08-12T13:51:21.535-0300] GC(35) Concurrent Mark Cycle 537.343ms
[2026-08-12T13:51:27.284-0300] GC(36) Pause Young (Prepare Mixed) (G1 Evacuation Pause) 484M->206M(512M) 11.049ms
[2026-08-12T13:52:20.811-0300] GC(37) Pause Young (Mixed) (G1 Evacuation Pause) 484M->205M(512M) 18.319ms
[2026-08-12T13:52:36.977-0300] GC(38) Pause Young (Concurrent Start) (G1 Evacuation Pause) 483M->206M(512M) 13.308ms
[2026-08-12T13:52:36.978-0300] GC(39) Concurrent Mark Cycle
[2026-08-12T13:52:37.280-0300] GC(39) Pause Remark 214M->214M(512M) 20.716ms
[2026-08-12T13:52:37.380-0300] GC(39) Pause Cleanup 215M->215M(512M) 0.178ms
[2026-08-12T13:52:37.381-0300] GC(39) Concurrent Mark Cycle 403.278ms
[2026-08-12T13:52:51.101-0300] GC(40) Pause Young (Prepare Mixed) (G1 Evacuation Pause) 483M->210M(512M) 22.590ms
[2026-08-12T13:52:54.214-0300] GC(41) Pause Young (Mixed) (G1 Evacuation Pause) 499M->218M(531M) 44.673ms
[2026-08-12T13:52:56.110-0300] GC(42) Pause Young (Concurrent Start) (G1 Evacuation Pause) 502M->225M(531M) 17.426ms
[2026-08-12T13:52:56.110-0300] GC(43) Concurrent Mark Cycle
[2026-08-12T13:52:56.467-0300] GC(43) Pause Remark 278M->278M(531M) 15.422ms
[2026-08-12T13:52:56.610-0300] GC(43) Pause Cleanup 303M->303M(531M) 1.807ms
[2026-08-12T13:52:56.611-0300] GC(43) Concurrent Mark Cycle 500.737ms
[2026-08-12T13:52:57.752-0300] GC(44) Pause Young (Prepare Mixed) (G1 Evacuation Pause) 502M->236M(540M) 24.647ms
[2026-08-12T13:53:03.036-0300] GC(45) Pause Young (Mixed) (G1 Evacuation Pause) 517M->258M(568M) 42.890ms
[2026-08-12T13:53:05.768-0300] GC(46) Pause Young (Concurrent Start) (G1 Evacuation Pause) 526M->261M(568M) 35.276ms
[2026-08-12T13:53:05.768-0300] GC(47) Concurrent Mark Cycle
[2026-08-12T13:53:06.148-0300] GC(47) Pause Remark 431M->431M(568M) 16.299ms
[2026-08-12T13:53:06.291-0300] GC(47) Pause Cleanup 514M->514M(568M) 0.242ms
[2026-08-12T13:53:06.292-0300] GC(47) Concurrent Mark Cycle 524.617ms
[2026-08-12T13:53:06.330-0300] GC(48) Pause Young (Prepare Mixed) (G1 Evacuation Pause) 534M->261M(568M) 4.907ms
[2026-08-12T13:53:06.826-0300] GC(49) Pause Young (Mixed) (G1 Evacuation Pause) 538M->259M(568M) 3.659ms
[2026-08-12T13:53:07.267-0300] GC(50) Pause Young (Concurrent Start) (G1 Evacuation Pause) 537M->260M(568M) 3.981ms
[2026-08-12T13:53:07.267-0300] GC(51) Concurrent Mark Cycle
[2026-08-12T13:53:07.663-0300] GC(51) Pause Remark 442M->442M(568M) 13.646ms
[2026-08-12T13:53:07.805-0300] GC(51) Pause Cleanup 537M->537M(568M) 0.206ms
[2026-08-12T13:53:07.806-0300] GC(51) Concurrent Mark Cycle 538.894ms
[2026-08-12T13:53:07.811-0300] GC(52) Pause Young (Prepare Mixed) (G1 Evacuation Pause) 538M->260M(568M) 3.640ms
[2026-08-12T13:53:08.283-0300] GC(53) Pause Young (Mixed) (G1 Evacuation Pause) 538M->258M(568M) 7.172ms
[2026-08-12T13:53:08.716-0300] GC(54) Pause Young (Concurrent Start) (G1 Evacuation Pause) 537M->259M(568M) 3.849ms
[2026-08-12T13:53:08.716-0300] GC(55) Concurrent Mark Cycle
[2026-08-12T13:53:09.099-0300] GC(55) Pause Remark 446M->446M(568M) 11.138ms
[2026-08-12T13:53:09.244-0300] GC(55) Pause Cleanup 533M->533M(568M) 0.278ms
[2026-08-12T13:53:09.245-0300] GC(55) Concurrent Mark Cycle 528.568ms
[2026-08-12T13:53:09.255-0300] GC(56) Pause Young (Prepare Mixed) (G1 Evacuation Pause) 538M->258M(568M) 3.687ms
[2026-08-12T13:53:09.734-0300] GC(57) Pause Young (Mixed) (G1 Evacuation Pause) 537M->258M(568M) 4.323ms
[2026-08-12T13:53:10.196-0300] GC(58) Pause Young (Concurrent Start) (G1 Evacuation Pause) 538M->258M(568M) 8.492ms
[2026-08-12T13:53:10.196-0300] GC(59) Concurrent Mark Cycle
[2026-08-12T13:53:10.583-0300] GC(59) Pause Remark 440M->440M(568M) 11.858ms
[2026-08-12T13:53:10.724-0300] GC(59) Pause Cleanup 535M->535M(568M) 0.218ms
[2026-08-12T13:53:10.725-0300] GC(59) Concurrent Mark Cycle 529.553ms
[2026-08-12T13:53:10.732-0300] GC(60) Pause Young (Prepare Mixed) (G1 Evacuation Pause) 538M->258M(568M) 3.723ms
[2026-08-12T13:53:11.242-0300] GC(61) Pause Young (Mixed) (G1 Evacuation Pause) 538M->257M(1160M) 6.875ms
[2026-08-12T13:53:19.847-0300] GC(62) Pause Young (Normal) (G1 Evacuation Pause) 968M->265M(1160M) 9.562ms
[2026-08-12T13:54:53.285-0300] GC(63) Pause Young (Normal) (G1 Evacuation Pause) 958M->304M(1160M) 22.202ms
[2026-08-12T13:54:55.411-0300] GC(64) Pause Young (Concurrent Start) (CodeCache GC Threshold) 448M->323M(1160M) 22.001ms
[2026-08-12T13:54:55.411-0300] GC(65) Concurrent Mark Cycle
[2026-08-12T13:54:55.951-0300] GC(65) Pause Remark 356M->356M(1084M) 46.685ms
[2026-08-12T13:54:56.178-0300] GC(65) Pause Cleanup 370M->370M(1084M) 0.321ms
[2026-08-12T13:54:56.184-0300] GC(65) Concurrent Mark Cycle 773.734ms
[2026-08-12T13:55:37.022-0300] GC(66) Pause Young (Prepare Mixed) (G1 Evacuation Pause) 778M->348M(1084M) 32.231ms
[2026-08-12T13:55:44.418-0300] GC(67) Pause Young (Mixed) (G1 Evacuation Pause) 783M->386M(1084M) 42.931ms
[2026-08-12T13:55:48.711-0300] GC(68) Pause Young (Normal) (G1 Evacuation Pause) 822M->392M(1084M) 35.477ms
