[2026-08-19T13:27:39.192-0300] Using G1
[2026-08-19T13:27:42.753-0300] GC(0) Pause Young (Normal) (G1 Evacuation Pause) 31M->16M(514M) 7.778ms
[2026-08-19T13:27:43.993-0300] GC(1) Pause Young (Normal) (G1 Evacuation Pause) 42M->30M(514M) 17.653ms
[2026-08-19T13:27:45.283-0300] GC(2) Pause Young (Normal) (G1 Evacuation Pause) 51M->34M(514M) 10.614ms
[2026-08-19T13:27:46.351-0300] GC(3) Pause Young (Concurrent Start) (Metadata GC Threshold) 61M->39M(514M) 14.176ms
[2026-08-19T13:27:46.351-0300] GC(4) Concurrent Mark Cycle
[2026-08-19T13:27:46.382-0300] GC(4) Pause Remark 40M->39M(512M) 4.612ms
[2026-08-19T13:27:46.406-0300] GC(4) Pause Cleanup 39M->39M(512M) 0.157ms
[2026-08-19T13:27:46.415-0300] GC(4) Concurrent Mark Cycle 64.234ms
[2026-08-19T13:27:49.108-0300] GC(5) Pause Young (Prepare Mixed) (G1 Evacuation Pause) 134M->44M(512M) 14.163ms
[2026-08-19T13:27:49.600-0300] GC(6) Pause Young (Mixed) (Metadata GC Threshold) 59M->44M(512M) 13.509ms
[2026-08-19T13:27:50.553-0300] GC(7) Pause Young (Concurrent Start) (Metadata GC Threshold) 49M->45M(512M) 7.022ms
[2026-08-19T13:27:50.553-0300] GC(8) Concurrent Mark Cycle
[2026-08-19T13:27:50.579-0300] GC(8) Pause Remark 46M->46M(512M) 7.398ms
[2026-08-19T13:27:50.589-0300] GC(8) Pause Cleanup 47M->47M(512M) 0.229ms
[2026-08-19T13:27:50.590-0300] GC(8) Concurrent Mark Cycle 37.358ms
[2026-08-19T13:28:21.680-0300] GC(9) Pause Young (Prepare Mixed) (G1 Evacuation Pause) 239M->47M(512M) 11.923ms
[2026-08-19T13:29:16.319-0300] GC(10) Pause Young (Mixed) (G1 Evacuation Pause) 344M->47M(512M) 14.118ms
[2026-08-19T13:29:44.277-0300] GC(11) Pause Young (Normal) (G1 Evacuation Pause) 344M->47M(512M) 12.524ms
[2026-08-19T13:31:03.991-0300] GC(12) Pause Young (Normal) (G1 Evacuation Pause) 344M->48M(512M) 13.350ms
[2026-08-19T13:31:59.506-0300] GC(13) Pause Young (Concurrent Start) (Metadata GC Threshold) 323M->59M(512M) 22.608ms
[2026-08-19T13:31:59.507-0300] GC(14) Concurrent Mark Cycle
[2026-08-19T13:31:59.550-0300] GC(14) Pause Remark 62M->62M(512M) 8.655ms
[2026-08-19T13:31:59.559-0300] GC(14) Pause Cleanup 62M->62M(512M) 0.148ms
[2026-08-19T13:31:59.561-0300] GC(14) Concurrent Mark Cycle 53.461ms
[2026-08-19T13:32:03.832-0300] GC(15) Pause Young (Prepare Mixed) (G1 Evacuation Pause) 344M->76M(512M) 36.854ms
[2026-08-19T13:32:06.437-0300] GC(16) Pause Young (Mixed) (G1 Evacuation Pause) 349M->93M(512M) 64.982ms
[2026-08-19T13:32:08.556-0300] GC(17) Pause Young (Normal) (G1 Evacuation Pause) 382M->111M(512M) 23.948ms
[2026-08-19T13:32:10.268-0300] GC(18) Pause Young (Normal) (G1 Evacuation Pause) 382M->128M(512M) 43.657ms
[2026-08-19T13:32:12.055-0300] GC(19) Pause Young (Normal) (G1 Evacuation Pause) 398M->143M(512M) 44.959ms
[2026-08-19T13:32:13.572-0300] GC(20) Pause Young (Normal) (G1 Evacuation Pause) 416M->161M(512M) 63.529ms
[2026-08-19T13:32:15.046-0300] GC(21) Pause Young (Concurrent Start) (G1 Evacuation Pause) 435M->179M(512M) 49.804ms
[2026-08-19T13:32:15.052-0300] GC(22) Concurrent Mark Cycle
[2026-08-19T13:32:15.507-0300] GC(22) Pause Remark 248M->248M(512M) 32.948ms
[2026-08-19T13:32:15.664-0300] GC(22) Pause Cleanup 265M->265M(512M) 1.612ms
[2026-08-19T13:32:15.665-0300] GC(22) Concurrent Mark Cycle 612.176ms
[2026-08-19T13:32:16.629-0300] GC(23) Pause Young (Prepare Mixed) (G1 Evacuation Pause) 450M->197M(512M) 49.009ms
[2026-08-19T13:32:20.246-0300] GC(24) Pause Young (Mixed) (G1 Evacuation Pause) 459M->207M(512M) 21.626ms
[2026-08-19T13:32:32.126-0300] GC(25) Pause Young (Concurrent Start) (G1 Evacuation Pause) 465M->214M(512M) 14.974ms
[2026-08-19T13:32:32.126-0300] GC(26) Concurrent Mark Cycle
[2026-08-19T13:32:32.409-0300] GC(26) Pause Remark 215M->215M(512M) 14.098ms
[2026-08-19T13:32:32.513-0300] GC(26) Pause Cleanup 215M->215M(512M) 0.242ms
[2026-08-19T13:32:32.514-0300] GC(26) Concurrent Mark Cycle 387.689ms
[2026-08-19T13:33:03.788-0300] GC(27) Pause Young (Prepare Mixed) (G1 Evacuation Pause) 469M->215M(512M) 11.333ms
[2026-08-19T13:33:07.649-0300] GC(28) Pause Young (Mixed) (G1 Evacuation Pause) 477M->213M(512M) 8.362ms
[2026-08-19T13:33:11.912-0300] GC(29) Pause Young (Concurrent Start) (G1 Evacuation Pause) 483M->213M(512M) 9.224ms
[2026-08-19T13:33:11.912-0300] GC(30) Concurrent Mark Cycle
[2026-08-19T13:33:12.208-0300] GC(30) Pause Remark 307M->307M(512M) 11.397ms
[2026-08-19T13:33:12.323-0300] GC(30) Pause Cleanup 307M->307M(512M) 0.225ms
[2026-08-19T13:33:12.324-0300] GC(30) Concurrent Mark Cycle 411.722ms
[2026-08-19T13:33:21.548-0300] GC(31) Pause Young (Prepare Mixed) (G1 Evacuation Pause) 484M->213M(512M) 8.845ms
[2026-08-19T13:33:25.565-0300] GC(32) Pause Young (Mixed) (G1 Evacuation Pause) 484M->212M(512M) 10.332ms
[2026-08-19T13:33:31.973-0300] GC(33) Pause Young (Concurrent Start) (G1 Evacuation Pause) 483M->212M(512M) 17.159ms
[2026-08-19T13:33:31.973-0300] GC(34) Concurrent Mark Cycle
[2026-08-19T13:33:32.267-0300] GC(34) Pause Remark 212M->212M(512M) 16.965ms
[2026-08-19T13:33:32.386-0300] GC(34) Pause Cleanup 213M->213M(512M) 0.232ms
[2026-08-19T13:33:32.386-0300] GC(34) Concurrent Mark Cycle 413.328ms
[2026-08-19T13:33:42.721-0300] GC(35) Pause Young (Prepare Mixed) (G1 Evacuation Pause) 484M->213M(512M) 10.290ms
[2026-08-19T13:34:36.669-0300] GC(36) Pause Young (Mixed) (G1 Evacuation Pause) 484M->212M(512M) 8.611ms
[2026-08-19T13:34:51.560-0300] GC(37) Pause Young (Concurrent Start) (G1 Evacuation Pause) 484M->212M(512M) 6.829ms
[2026-08-19T13:34:51.560-0300] GC(38) Concurrent Mark Cycle
[2026-08-19T13:34:51.851-0300] GC(38) Pause Remark 258M->258M(512M) 19.217ms
[2026-08-19T13:34:51.964-0300] GC(38) Pause Cleanup 258M->258M(512M) 0.293ms
[2026-08-19T13:34:51.965-0300] GC(38) Concurrent Mark Cycle 404.352ms
[2026-08-19T13:35:03.521-0300] GC(39) Pause Young (Prepare Mixed) (G1 Evacuation Pause) 484M->212M(512M) 7.714ms
[2026-08-19T13:35:09.305-0300] GC(40) Pause Young (Mixed) (G1 Evacuation Pause) 499M->223M(523M) 25.745ms
[2026-08-19T13:35:11.540-0300] GC(41) Pause Young (Concurrent Start) (G1 Evacuation Pause) 495M->228M(524M) 22.336ms
[2026-08-19T13:35:11.540-0300] GC(42) Concurrent Mark Cycle
[2026-08-19T13:35:11.874-0300] GC(42) Pause Remark 256M->256M(524M) 10.006ms
[2026-08-19T13:35:11.996-0300] GC(42) Pause Cleanup 267M->267M(524M) 0.228ms
[2026-08-19T13:35:11.998-0300] GC(42) Concurrent Mark Cycle 458.075ms
[2026-08-19T13:35:13.611-0300] GC(43) Pause Young (Prepare Mixed) (G1 Evacuation Pause) 495M->239M(527M) 26.727ms
[2026-08-19T13:35:17.264-0300] GC(44) Pause Young (Mixed) (G1 Evacuation Pause) 499M->254M(545M) 36.260ms
[2026-08-19T13:35:17.349-0300] GC(45) Pause Young (Concurrent Start) (G1 Humongous Allocation) 257M->255M(545M) 25.242ms
[2026-08-19T13:35:17.350-0300] GC(46) Concurrent Mark Cycle
[2026-08-19T13:35:17.718-0300] GC(46) Pause Remark 281M->281M(545M) 12.761ms
[2026-08-19T13:35:17.878-0300] GC(46) Pause Cleanup 285M->285M(545M) 0.247ms
[2026-08-19T13:35:17.880-0300] GC(46) Concurrent Mark Cycle 530.007ms
[2026-08-19T13:35:19.965-0300] GC(47) Pause Young (Prepare Mixed) (G1 Evacuation Pause) 512M->267M(545M) 22.026ms
[2026-08-19T13:35:22.744-0300] GC(48) Pause Young (Mixed) (G1 Evacuation Pause) 508M->268M(545M) 12.405ms
[2026-08-19T13:35:23.213-0300] GC(49) Pause Young (Concurrent Start) (G1 Evacuation Pause) 514M->267M(545M) 9.747ms
[2026-08-19T13:35:23.213-0300] GC(50) Concurrent Mark Cycle
[2026-08-19T13:35:23.594-0300] GC(50) Pause Remark 462M->462M(545M) 13.830ms
[2026-08-19T13:35:23.691-0300] GC(51) Pause Young (Normal) (G1 Evacuation Pause) 516M->268M(545M) 10.103ms
[2026-08-19T13:35:23.761-0300] GC(50) Pause Cleanup 298M->298M(545M) 0.236ms
[2026-08-19T13:35:23.767-0300] GC(50) Concurrent Mark Cycle 554.093ms
[2026-08-19T13:35:24.141-0300] GC(52) Pause Young (Prepare Mixed) (G1 Evacuation Pause) 517M->268M(545M) 9.675ms
[2026-08-19T13:35:24.534-0300] GC(53) Pause Young (Mixed) (G1 Evacuation Pause) 517M->266M(545M) 10.739ms
[2026-08-19T13:35:24.982-0300] GC(54) Pause Young (Concurrent Start) (G1 Evacuation Pause) 516M->266M(545M) 13.220ms
[2026-08-19T13:35:24.982-0300] GC(55) Concurrent Mark Cycle
[2026-08-19T13:35:25.358-0300] GC(55) Pause Remark 463M->463M(545M) 12.396ms
[2026-08-19T13:35:25.446-0300] GC(56) Pause Young (Normal) (G1 Evacuation Pause) 516M->266M(545M) 8.963ms
[2026-08-19T13:35:25.520-0300] GC(55) Pause Cleanup 287M->287M(545M) 0.226ms
[2026-08-19T13:35:25.523-0300] GC(55) Concurrent Mark Cycle 541.213ms
[2026-08-19T13:35:25.887-0300] GC(57) Pause Young (Prepare Mixed) (G1 Evacuation Pause) 516M->265M(545M) 9.601ms
[2026-08-19T13:35:26.288-0300] GC(58) Pause Young (Mixed) (G1 Evacuation Pause) 515M->265M(545M) 13.817ms
[2026-08-19T13:35:26.732-0300] GC(59) Pause Young (Concurrent Start) (G1 Evacuation Pause) 515M->264M(545M) 9.856ms
[2026-08-19T13:35:26.732-0300] GC(60) Concurrent Mark Cycle
[2026-08-19T13:35:27.110-0300] GC(60) Pause Remark 450M->450M(545M) 10.469ms
[2026-08-19T13:35:27.263-0300] GC(61) Pause Young (Normal) (G1 Evacuation Pause) 515M->265M(545M) 13.736ms
[2026-08-19T13:35:27.302-0300] GC(60) Pause Cleanup 290M->290M(545M) 0.262ms
[2026-08-19T13:35:27.303-0300] GC(60) Concurrent Mark Cycle 570.614ms
[2026-08-19T13:35:27.693-0300] GC(62) Pause Young (Prepare Mixed) (G1 Evacuation Pause) 516M->266M(545M) 12.118ms
[2026-08-19T13:35:28.189-0300] GC(63) Pause Young (Mixed) (G1 Evacuation Pause) 516M->264M(545M) 11.600ms
[2026-08-19T13:35:28.595-0300] GC(64) Pause Young (Concurrent Start) (G1 Evacuation Pause) 516M->264M(545M) 8.401ms
[2026-08-19T13:35:28.595-0300] GC(65) Concurrent Mark Cycle
[2026-08-19T13:35:28.980-0300] GC(65) Pause Remark 341M->341M(545M) 10.851ms
[2026-08-19T13:35:29.131-0300] GC(65) Pause Cleanup 341M->341M(545M) 0.270ms
[2026-08-19T13:35:29.132-0300] GC(65) Concurrent Mark Cycle 536.883ms
[2026-08-19T13:35:37.199-0300] GC(66) Pause Young (Prepare Mixed) (G1 Evacuation Pause) 532M->271M(551M) 14.627ms
[2026-08-19T13:35:46.615-0300] GC(67) Pause Young (Mixed) (G1 Evacuation Pause) 525M->283M(551M) 15.141ms
[2026-08-19T13:36:40.378-0300] GC(68) Pause Young (Concurrent Start) (G1 Evacuation Pause) 520M->287M(551M) 16.610ms
[2026-08-19T13:36:40.378-0300] GC(69) Concurrent Mark Cycle
[2026-08-19T13:36:40.785-0300] GC(69) Pause Remark 290M->290M(551M) 18.736ms
[2026-08-19T13:36:40.942-0300] GC(69) Pause Cleanup 291M->291M(551M) 0.265ms
[2026-08-19T13:36:40.943-0300] GC(69) Concurrent Mark Cycle 565.863ms
[2026-08-19T13:37:04.867-0300] GC(70) Pause Young (Prepare Mixed) (G1 Evacuation Pause) 521M->301M(555M) 15.108ms
[2026-08-19T13:37:08.370-0300] GC(71) Pause Young (Mixed) (G1 Evacuation Pause) 523M->332M(585M) 38.565ms
[2026-08-19T13:37:13.334-0300] GC(72) Pause Young (Concurrent Start) (G1 Evacuation Pause) 542M->345M(587M) 16.461ms
[2026-08-19T13:37:13.334-0300] GC(73) Concurrent Mark Cycle
[2026-08-19T13:37:13.776-0300] GC(73) Pause Remark 375M->375M(587M) 14.827ms
[2026-08-19T13:37:13.954-0300] GC(73) Pause Cleanup 377M->377M(587M) 0.203ms
[2026-08-19T13:37:13.955-0300] GC(73) Concurrent Mark Cycle 621.309ms
[2026-08-19T13:37:44.807-0300] GC(74) Pause Young (Prepare Mixed) (G1 Evacuation Pause) 548M->362M(587M) 29.856ms
[2026-08-19T13:37:47.862-0300] GC(75) Pause Young (Mixed) (G1 Evacuation Pause) 539M->381M(589M) 38.984ms
[2026-08-19T13:37:49.564-0300] GC(76) Pause Young (Concurrent Start) (G1 Evacuation Pause) 542M->392M(589M) 17.631ms
[2026-08-19T13:37:49.564-0300] GC(77) Concurrent Mark Cycle
[2026-08-19T13:37:50.078-0300] GC(77) Pause Remark 447M->445M(652M) 19.870ms
[2026-08-19T13:37:50.289-0300] GC(77) Pause Cleanup 462M->462M(652M) 0.253ms
[2026-08-19T13:37:50.291-0300] GC(77) Concurrent Mark Cycle 727.360ms
[2026-08-19T13:37:51.000-0300] GC(78) Pause Young (Prepare Mixed) (G1 Evacuation Pause) 545M->400M(652M) 14.365ms
[2026-08-19T13:37:54.807-0300] GC(79) Pause Young (Mixed) (G1 Evacuation Pause) 602M->399M(652M) 8.793ms
[2026-08-19T13:37:55.311-0300] GC(80) Pause Young (Concurrent Start) (G1 Evacuation Pause) 609M->399M(652M) 14.550ms
[2026-08-19T13:37:55.311-0300] GC(81) Concurrent Mark Cycle
[2026-08-19T13:37:55.847-0300] GC(81) Pause Remark 495M->495M(667M) 16.122ms
[2026-08-19T13:37:56.048-0300] GC(81) Pause Cleanup 496M->496M(667M) 0.321ms
[2026-08-19T13:37:56.050-0300] GC(81) Concurrent Mark Cycle 739.007ms
[2026-08-19T13:38:10.912-0300] GC(82) Pause Young (Prepare Mixed) (G1 Evacuation Pause) 615M->399M(667M) 14.104ms
[2026-08-19T13:42:59.164-0300] GC(83) Pause Young (Mixed) (G1 Evacuation Pause) 631M->400M(667M) 11.737ms
[2026-08-19T13:43:07.714-0300] GC(84) Pause Young (Concurrent Start) (G1 Evacuation Pause) 632M->401M(667M) 12.935ms
[2026-08-19T13:43:07.714-0300] GC(85) Concurrent Mark Cycle
[2026-08-19T13:43:08.275-0300] GC(85) Pause Remark 424M->424M(670M) 19.233ms
[2026-08-19T13:43:08.486-0300] GC(85) Pause Cleanup 433M->433M(670M) 0.506ms
[2026-08-19T13:43:08.488-0300] GC(85) Concurrent Mark Cycle 773.860ms
[2026-08-19T13:43:14.044-0300] GC(86) Pause Young (Prepare Mixed) (G1 Evacuation Pause) 632M->404M(670M) 16.309ms
[2026-08-19T13:43:16.776-0300] GC(87) Pause Young (Mixed) (G1 Evacuation Pause) 634M->422M(674M) 31.094ms
[2026-08-19T13:43:17.945-0300] GC(88) Pause Young (Concurrent Start) (G1 Humongous Allocation) 497M->426M(674M) 19.693ms
[2026-08-19T13:43:17.945-0300] GC(89) Concurrent Mark Cycle
[2026-08-19T13:43:18.661-0300] GC(89) Pause Remark 484M->484M(717M) 14.783ms
[2026-08-19T13:43:19.020-0300] GC(89) Pause Cleanup 511M->511M(717M) 1.064ms
[2026-08-19T13:43:19.036-0300] GC(89) Concurrent Mark Cycle 1091.342ms
[2026-08-19T13:43:20.172-0300] GC(90) Pause Young (Prepare Mixed) (G1 Evacuation Pause) 639M->438M(717M) 16.814ms
[2026-08-19T13:43:21.448-0300] GC(91) Pause Young (Mixed) (G1 Evacuation Pause) 679M->444M(717M) 20.855ms
[2026-08-19T13:43:22.320-0300] GC(92) Pause Young (Concurrent Start) (G1 Evacuation Pause) 679M->451M(717M) 23.631ms
[2026-08-19T13:43:22.320-0300] GC(93) Concurrent Mark Cycle
[2026-08-19T13:43:22.935-0300] GC(93) Pause Remark 547M->547M(754M) 15.436ms
[2026-08-19T13:43:23.213-0300] GC(93) Pause Cleanup 565M->565M(754M) 0.320ms
[2026-08-19T13:43:23.220-0300] GC(93) Concurrent Mark Cycle 900.275ms
[2026-08-19T13:43:23.917-0300] GC(94) Pause Young (Prepare Mixed) (G1 Evacuation Pause) 677M->462M(754M) 16.306ms
[2026-08-19T13:43:25.197-0300] GC(95) Pause Young (Mixed) (G1 Evacuation Pause) 714M->468M(754M) 22.741ms
[2026-08-19T13:43:26.896-0300] GC(96) Pause Young (Concurrent Start) (G1 Evacuation Pause) 714M->477M(754M) 17.311ms
[2026-08-19T13:43:26.896-0300] GC(97) Concurrent Mark Cycle
[2026-08-19T13:43:27.597-0300] GC(97) Pause Remark 577M->577M(797M) 19.089ms
[2026-08-19T13:43:27.875-0300] GC(97) Pause Cleanup 618M->618M(797M) 0.286ms
[2026-08-19T13:43:27.878-0300] GC(97) Concurrent Mark Cycle 982.239ms
[2026-08-19T13:43:28.525-0300] GC(98) Pause Young (Prepare Mixed) (G1 Evacuation Pause) 712M->484M(797M) 17.578ms
[2026-08-19T13:43:29.909-0300] GC(99) Pause Young (Mixed) (G1 Evacuation Pause) 754M->490M(797M) 25.023ms
[2026-08-19T13:43:30.619-0300] GC(100) Pause Young (Concurrent Start) (G1 Evacuation Pause) 755M->496M(797M) 20.311ms
[2026-08-19T13:43:30.619-0300] GC(101) Concurrent Mark Cycle
[2026-08-19T13:43:31.312-0300] GC(101) Pause Remark 648M->648M(829M) 15.457ms
[2026-08-19T13:43:31.613-0300] GC(101) Pause Cleanup 690M->690M(829M) 0.684ms
[2026-08-19T13:43:31.621-0300] GC(101) Concurrent Mark Cycle 1001.830ms
[2026-08-19T13:43:32.087-0300] GC(102) Pause Young (Prepare Mixed) (G1 Evacuation Pause) 754M->501M(829M) 17.018ms
[2026-08-19T13:43:33.968-0300] GC(103) Pause Young (Mixed) (G1 Evacuation Pause) 786M->509M(829M) 18.344ms
[2026-08-19T13:43:35.744-0300] GC(104) Pause Young (Concurrent Start) (G1 Evacuation Pause) 786M->518M(829M) 34.991ms
[2026-08-19T13:43:35.744-0300] GC(105) Concurrent Mark Cycle
[2026-08-19T13:43:36.452-0300] GC(105) Pause Remark 626M->626M(865M) 22.064ms
[2026-08-19T13:43:36.759-0300] GC(105) Pause Cleanup 664M->664M(865M) 0.326ms
[2026-08-19T13:43:36.761-0300] GC(105) Concurrent Mark Cycle 1017.401ms
[2026-08-19T13:43:37.408-0300] GC(106) Pause Young (Prepare Mixed) (G1 Evacuation Pause) 784M->527M(865M) 19.127ms
[2026-08-19T13:43:39.399-0300] GC(107) Pause Young (Mixed) (G1 Evacuation Pause) 819M->535M(865M) 23.055ms
[2026-08-19T13:43:41.323-0300] GC(108) Pause Young (Concurrent Start) (G1 Evacuation Pause) 820M->545M(865M) 23.697ms
[2026-08-19T13:43:41.323-0300] GC(109) Concurrent Mark Cycle
[2026-08-19T13:43:42.080-0300] GC(109) Pause Remark 670M->670M(912M) 16.722ms
[2026-08-19T13:43:42.515-0300] GC(109) Pause Cleanup 738M->738M(912M) 0.387ms
[2026-08-19T13:43:42.517-0300] GC(109) Concurrent Mark Cycle 1193.851ms
[2026-08-19T13:43:43.233-0300] GC(110) Pause Young (Prepare Mixed) (G1 Evacuation Pause) 816M->555M(912M) 30.480ms
[2026-08-19T13:43:45.067-0300] GC(111) Pause Young (Mixed) (G1 Evacuation Pause) 871M->562M(913M) 27.625ms
[2026-08-19T13:43:46.518-0300] GC(112) Pause Young (Concurrent Start) (G1 Evacuation Pause) 865M->571M(913M) 26.619ms
[2026-08-19T13:43:46.518-0300] GC(113) Concurrent Mark Cycle
[2026-08-19T13:43:47.393-0300] GC(113) Pause Remark 789M->789M(955M) 22.240ms
[2026-08-19T13:43:47.766-0300] GC(114) Pause Young (Normal) (G1 Evacuation Pause) 862M->578M(955M) 24.678ms
[2026-08-19T13:43:47.785-0300] GC(113) Pause Cleanup 587M->587M(955M) 0.393ms
[2026-08-19T13:43:47.788-0300] GC(113) Concurrent Mark Cycle 1270.712ms
[2026-08-19T13:43:48.409-0300] GC(115) Pause Young (Prepare Mixed) (G1 Evacuation Pause) 905M->584M(955M) 20.663ms
[2026-08-19T13:43:50.689-0300] GC(116) Pause Young (Mixed) (G1 Evacuation Pause) 905M->590M(955M) 18.966ms
[2026-08-19T13:43:52.757-0300] GC(117) Pause Young (Concurrent Start) (G1 Evacuation Pause) 905M->599M(955M) 25.436ms
[2026-08-19T13:43:52.757-0300] GC(118) Concurrent Mark Cycle
[2026-08-19T13:43:53.551-0300] GC(118) Pause Remark 714M->713M(999M) 15.790ms
[2026-08-19T13:43:53.918-0300] GC(118) Pause Cleanup 756M->756M(999M) 0.376ms
[2026-08-19T13:43:53.924-0300] GC(118) Concurrent Mark Cycle 1167.224ms
[2026-08-19T13:43:54.858-0300] GC(119) Pause Young (Prepare Mixed) (G1 Evacuation Pause) 902M->607M(999M) 31.929ms
[2026-08-19T13:43:57.096-0300] GC(120) Pause Young (Mixed) (G1 Evacuation Pause) 947M->615M(999M) 31.258ms
[2026-08-19T13:44:00.700-0300] GC(121) Pause Young (Concurrent Start) (G1 Evacuation Pause) 946M->637M(1001M) 26.426ms
[2026-08-19T13:44:00.701-0300] GC(122) Concurrent Mark Cycle
[2026-08-19T13:44:01.508-0300] GC(122) Pause Remark 768M->768M(1065M) 13.096ms
[2026-08-19T13:44:01.906-0300] GC(122) Pause Cleanup 815M->815M(1065M) 0.465ms
[2026-08-19T13:44:01.909-0300] GC(122) Concurrent Mark Cycle 1208.345ms
[2026-08-19T13:44:02.576-0300] GC(123) Pause Young (Prepare Mixed) (G1 Evacuation Pause) 945M->644M(1065M) 28.953ms
[2026-08-19T13:44:11.355-0300] GC(124) Pause Young (Mixed) (G1 Evacuation Pause) 1010M->644M(1065M) 18.912ms
[2026-08-19T13:44:12.848-0300] GC(125) Pause Young (Concurrent Start) (G1 Evacuation Pause) 1009M->650M(1065M) 20.423ms
[2026-08-19T13:44:12.849-0300] GC(126) Concurrent Mark Cycle
[2026-08-19T13:44:13.738-0300] GC(126) Pause Remark 819M->819M(1085M) 21.603ms
[2026-08-19T13:44:14.125-0300] GC(126) Pause Cleanup 904M->904M(1085M) 0.402ms
[2026-08-19T13:44:14.127-0300] GC(126) Concurrent Mark Cycle 1278.229ms
[2026-08-19T13:44:14.694-0300] GC(127) Pause Young (Prepare Mixed) (G1 Evacuation Pause) 1009M->655M(1085M) 15.953ms
[2026-08-19T13:44:16.232-0300] GC(128) Pause Young (Mixed) (G1 Evacuation Pause) 1029M->655M(1085M) 28.509ms
[2026-08-19T13:44:19.107-0300] GC(129) Pause Young (Concurrent Start) (G1 Humongous Allocation) 810M->656M(1085M) 18.904ms
[2026-08-19T13:44:19.107-0300] GC(130) Concurrent Mark Cycle
[2026-08-19T13:44:19.942-0300] GC(130) Pause Remark 671M->671M(1100M) 18.375ms
[2026-08-19T13:44:20.370-0300] GC(130) Pause Cleanup 735M->735M(1100M) 0.501ms
[2026-08-19T13:44:20.372-0300] GC(130) Concurrent Mark Cycle 1264.680ms
[2026-08-19T13:44:21.244-0300] GC(131) Pause Young (Prepare Mixed) (G1 Evacuation Pause) 1032M->658M(1100M) 23.541ms
[2026-08-19T13:44:37.093-0300] GC(132) Pause Young (Mixed) (G1 Evacuation Pause) 1086M->653M(1124M) 29.095ms
[2026-08-19T13:44:39.118-0300] GC(133) Pause Young (Concurrent Start) (G1 Humongous Allocation) 703M->653M(1124M) 17.382ms
[2026-08-19T13:44:39.118-0300] GC(134) Concurrent Mark Cycle
[2026-08-19T13:44:40.037-0300] GC(134) Pause Remark 851M->851M(1124M) 14.527ms
[2026-08-19T13:44:40.451-0300] GC(134) Pause Cleanup 1014M->1014M(1124M) 0.546ms
[2026-08-19T13:44:40.453-0300] GC(134) Concurrent Mark Cycle 1334.586ms
[2026-08-19T13:44:40.567-0300] GC(135) Pause Young (Prepare Mixed) (G1 Evacuation Pause) 1077M->656M(1124M) 25.108ms
[2026-08-19T13:44:42.262-0300] GC(136) Pause Young (Mixed) (G1 Evacuation Pause) 1065M->657M(1124M) 24.502ms
[2026-08-19T13:44:44.427-0300] GC(137) Pause Young (Concurrent Start) (G1 Humongous Allocation) 716M->658M(1124M) 21.380ms
[2026-08-19T13:44:44.427-0300] GC(138) Concurrent Mark Cycle
[2026-08-19T13:44:45.321-0300] GC(138) Pause Remark 778M->778M(1145M) 16.694ms
[2026-08-19T13:44:45.705-0300] GC(138) Pause Cleanup 780M->780M(1145M) 0.468ms
[2026-08-19T13:44:45.707-0300] GC(138) Concurrent Mark Cycle 1279.950ms
[2026-08-19T13:44:51.252-0300] GC(139) Pause Young (Prepare Mixed) (G1 Evacuation Pause) 1094M->662M(1145M) 27.923ms
[2026-08-19T13:44:54.220-0300] GC(140) Pause Young (Mixed) (G1 Evacuation Pause) 1092M->662M(1145M) 25.208ms
[2026-08-19T13:44:54.250-0300] GC(141) Pause Young (Concurrent Start) (G1 Humongous Allocation) 671M->662M(1145M) 19.392ms
[2026-08-19T13:44:54.250-0300] GC(142) Concurrent Mark Cycle
[2026-08-19T13:44:55.088-0300] GC(142) Pause Remark 688M->688M(1145M) 15.441ms
[2026-08-19T13:44:55.485-0300] GC(142) Pause Cleanup 690M->690M(1145M) 0.474ms
[2026-08-19T13:44:55.487-0300] GC(142) Concurrent Mark Cycle 1236.517ms
[2026-08-19T13:44:57.975-0300] GC(143) Pause Young (Prepare Mixed) (G1 Evacuation Pause) 1108M->667M(1145M) 23.960ms
[2026-08-19T13:45:01.281-0300] GC(144) Pause Young (Mixed) (G1 Evacuation Pause) 1100M->673M(1153M) 34.317ms
[2026-08-19T13:45:02.989-0300] GC(145) Pause Young (Concurrent Start) (G1 Humongous Allocation) 834M->680M(1153M) 38.144ms
[2026-08-19T13:45:02.989-0300] GC(146) Concurrent Mark Cycle
[2026-08-19T13:45:04.135-0300] GC(146) Pause Remark 896M->896M(1155M) 17.584ms
[2026-08-19T13:45:04.600-0300] GC(146) Pause Cleanup 994M->994M(1155M) 0.536ms
[2026-08-19T13:45:04.602-0300] GC(146) Concurrent Mark Cycle 1613.506ms
[2026-08-19T13:45:05.778-0300] GC(147) Pause Young (Prepare Mixed) (G1 Evacuation Pause) 1112M->700M(1168M) 52.296ms
[2026-08-19T13:45:10.061-0300] GC(148) Pause Young (Mixed) (GCLocker Initiated GC) 1117M->709M(1188M) 76.660ms
[2026-08-19T13:45:11.400-0300] GC(149) Pause Young (Concurrent Start) (G1 Humongous Allocation) 1001M->692M(1188M) 31.890ms
[2026-08-19T13:45:11.400-0300] GC(150) Concurrent Mark Cycle
[2026-08-19T13:45:12.762-0300] GC(150) Pause Remark 987M->987M(1188M) 23.041ms
[2026-08-19T13:45:13.431-0300] GC(150) Pause Cleanup 1122M->1122M(1188M) 1.036ms
[2026-08-19T13:45:13.444-0300] GC(150) Concurrent Mark Cycle 2043.745ms
[2026-08-19T13:45:13.528-0300] GC(151) Pause Young (Prepare Mixed) (G1 Evacuation Pause) 1133M->694M(1188M) 20.487ms
[2026-08-19T13:45:14.835-0300] GC(152) Pause Young (Mixed) (G1 Evacuation Pause) 1135M->715M(1188M) 38.392ms
[2026-08-19T13:45:14.878-0300] GC(153) Pause Young (Concurrent Start) (G1 Humongous Allocation) 721M->718M(1188M) 17.929ms
[2026-08-19T13:45:14.878-0300] GC(154) Concurrent Mark Cycle
[2026-08-19T13:45:16.234-0300] GC(155) Pause Young (Normal) (G1 Evacuation Pause) 1115M->738M(1188M) 29.488ms
[2026-08-19T13:45:16.447-0300] GC(154) Pause Remark 811M->811M(1232M) 40.965ms
[2026-08-19T13:45:17.475-0300] GC(156) Pause Young (Normal) (G1 Evacuation Pause) 1113M->760M(1232M) 32.776ms
[2026-08-19T13:45:17.886-0300] GC(154) Pause Cleanup 953M->953M(1232M) 0.491ms
[2026-08-19T13:45:17.896-0300] GC(154) Concurrent Mark Cycle 3018.313ms
[2026-08-19T13:45:18.516-0300] GC(157) Pause Young (Prepare Mixed) (G1 Evacuation Pause) 1151M->760M(1232M) 41.199ms
[2026-08-19T13:45:19.346-0300] GC(158) Pause Young (Mixed) (G1 Evacuation Pause) 1155M->756M(1232M) 36.964ms
[2026-08-19T13:45:19.454-0300] GC(159) Pause Young (Concurrent Start) (G1 Humongous Allocation) 828M->758M(1232M) 18.827ms
[2026-08-19T13:45:19.454-0300] GC(160) Concurrent Mark Cycle
[2026-08-19T13:45:20.614-0300] GC(161) Pause Young (Normal) (G1 Evacuation Pause) 1176M->786M(1457M) 27.803ms
[2026-08-19T13:45:21.322-0300] GC(160) Pause Remark 935M->919M(1457M) 43.851ms
[2026-08-19T13:45:21.982-0300] GC(160) Pause Cleanup 1008M->1008M(1457M) 0.597ms
[2026-08-19T13:45:21.989-0300] GC(160) Concurrent Mark Cycle 2535.188ms
[2026-08-19T13:45:23.279-0300] GC(162) Pause Young (Prepare Mixed) (G1 Evacuation Pause) 1326M->760M(1457M) 18.008ms
[2026-08-19T13:45:24.631-0300] GC(163) Pause Young (Mixed) (G1 Evacuation Pause) 1393M->762M(1457M) 48.731ms
[2026-08-19T13:45:25.992-0300] GC(164) Pause Young (Concurrent Start) (G1 Evacuation Pause) 1378M->760M(1457M) 29.071ms
[2026-08-19T13:45:25.992-0300] GC(165) Concurrent Mark Cycle
[2026-08-19T13:45:27.272-0300] GC(165) Pause Remark 1208M->1205M(1457M) 27.153ms
[2026-08-19T13:45:27.804-0300] GC(166) Pause Young (Normal) (G1 Evacuation Pause) 1378M->755M(1457M) 25.361ms
