[2026-08-27 10:56:19] motor de varredura iniciado — alvo=/srv/exo/files relatorio=/srv/antimalware/clamav-report.txt janela=03:00
[2026-08-27 10:56:19] atualizando assinaturas (freshclam)
[2026-08-27 10:56:33] assinaturas atualizadas
[2026-08-27 10:56:33] varrendo /srv/exo/files
/opt/clamav-varredura.sh: 100: [: Illegal number: 0
0
[2026-08-27 10:57:03] varredura concluida: nenhum arquivo infectado
[2026-08-27 10:57:03] proxima varredura em 57777s (janela 03:00)
[2026-08-27 10:58:13] motor de varredura iniciado — alvo=/srv/exo/files relatorio=/srv/antimalware/clamav-report.txt janela=03:00
[2026-08-27 10:58:13] atualizando assinaturas (freshclam)
[2026-08-27 10:58:13] assinaturas atualizadas
[2026-08-27 10:58:13] varrendo /srv/exo/files
[2026-08-27 10:58:29] varredura concluida: nenhum arquivo infectado
[2026-08-27 10:58:29] gatilho manual: crie /srv/antimalware/varrer-agora para varrer sem esperar a janela
[2026-08-27 10:58:29] proxima varredura em 57691s (janela 03:00)
[2026-08-27 10:58:59] gatilho manual recebido — varrendo fora da janela
[2026-08-27 10:58:59] atualizando assinaturas (freshclam)
[2026-08-27 10:58:59] assinaturas atualizadas
[2026-08-27 10:58:59] varrendo /srv/exo/files
[2026-08-27 10:59:15] varredura concluida: 1 arquivo(s) infectado(s)
[2026-08-27 10:59:15] relatorio anexado em /srv/antimalware/clamav-report.txt (1 linha(s))
[2026-08-27 10:59:15] proxima varredura em 57645s (janela 03:00)
