# Verificacao de erros e warnings — 2026-08-13 17:08:52 -03

===== 1. LINUX BASE =====
unidades com falha     0
0
      0 loaded units listed.
journalctl p0-4        41
            1 Aug 13 17:07:55 pmoexo sudo[1932819]:    saexo : a password is required ; PWD=/opt/projetos/exo ; USER=root ; COMMAND=/usr/bin/cat /opt/projetos/exo/data/onlyoffice/log/documentserver/nginx.error.log 
            1 Aug 13 17:07:55 pmoexo sudo[1932579]:    saexo : a password is required ; PWD=/opt/projetos/exo ; USER=root ; COMMAND=/usr/bin/dmesg -l err,warn
            1 Aug 13 17:06:51 pmoexo sudo[1929492]:    saexo : a password is required ; PWD=/opt/projetos/exo ; USER=root ; COMMAND=/usr/bin/cat /opt/projetos/exo/data/onlyoffice/log/documentserver/nginx.error.log 
            1 Aug 13 17:06:50 pmoexo sudo[1929242]:    saexo : a password is required ; PWD=/opt/projetos/exo ; USER=root ; COMMAND=/usr/bin/dmesg -l err,warn
            1 Aug 13 16:48:43 pmoexo sudo[1876835]:    saexo : a password is required ; PWD=/opt/projetos/exo ; USER=root ; COMMAND=/usr/bin/dmesg -l err,warn
            1 Aug 13 16:48:43 pmoexo sudo[1876772]:    saexo : a password is required ; PWD=/opt/projetos/exo ; USER=root ; COMMAND=/usr/bin/true
            1 Aug 13 16:21:29 pmoexo sudo[1808145]:    saexo : a password is required ; PWD=/opt/projetos/exo/conf/mysql-certs ; USER=root ; COMMAND=/usr/bin/true
            1 Aug 13 16:21:28 pmoexo sudo[1808045]:    saexo : a password is required ; PWD=/opt/projetos/exo ; USER=root ; COMMAND=/usr/bin/true
dmesg err,warn         5
            1 [86375.580113] workqueue: blk_mq_requeue_work hogged CPU for >10000us 4 times, consider switching to WQ_UNBOUND
            1 [79344.812554] workqueue: wait_rcu_exp_gp hogged CPU for >10000us 32 times, consider switching to WQ_UNBOUND
            1 [66937.414343] workqueue: wait_rcu_exp_gp hogged CPU for >10000us 16 times, consider switching to WQ_UNBOUND
            1 [166525.836518] workqueue: wait_rcu_exp_gp hogged CPU for >10000us 64 times, consider switching to WQ_UNBOUND
            1 [161077.701509] workqueue: blk_mq_requeue_work hogged CPU for >10000us 8 times, consider switching to WQ_UNBOUND

===== 2. CONTAINERS DO PROJETO =====
exo-app                11
            1 2026-08-13 16:58:23,165 | WARN  | File not found: /js/metamaskSetupForm.js [o.g.p.controller.resource.script.Module<http-nio-0.0.0.0-8080-exec-2>] 
            1 2026-08-13 16:58:17,264 | WARN  | File not found: /js/loginCommon.bundle.js [o.g.p.controller.resource.script.Module<pool-37-thread-1>] 
            1 2026-08-13 16:57:45,144 | WARN  | GROUP/SpacesAdministration.js:6:4095: WARNING - [JSC_UNREACHABLE_CODE] unreachable code
            1 2026-08-13 16:57:45,144 | WARN  | 0 error(s), 1 warning(s) [o.g.p.controller.resource.ScriptLoader<pool-37-thread-1>] 
            1 2026-08-13 16:57:32,017 | WARN  | 0 error(s), 1 warning(s) [o.g.p.controller.resource.ScriptLoader<ForkJoinPool.commonPool-worker-1>] 
            1 2026-08-13 16:57:32,014 | WARN  | GROUP/contentLinkGRP.js:6:613: WARNING - [JSC_UNREACHABLE_CODE] unreachable code
            1 2026-08-13 16:56:27,507 | WARN  | Duplicated upgrade plugin 'ContentEditorPageUpgradePlugin'. [o.e.c.upgrade.UpgradeProductService<main>] 
            1 2026-08-13 16:55:51,110 | WARN  | J2KImageReader not loaded. JPEG2000 files will not be processed.
exo-web                0
exo-mysql              0
exo-es                 1
            1 {"@timestamp":"2026-08-13T19:36:09.897Z", "log.level": "WARN",  "data_stream.dataset":"deprecation.elasticsearch","data_stream.namespace":"default","data_stream.type":"logs","elasticsearch.event.categ
exo-synapse            2
            1 2026-08-13 16:49:00,561 - synapse.http.server - 879 - WARNING - GET-107 - Not sending response to request <XForwardedForRequest at 0x75727cac8cd0 method='GET' uri='/_matrix/client/v3/sync?filter=0&sin
            1 2026-08-13 16:45:46,315 - synapse.http.server - 879 - WARNING - GET-84 - Not sending response to request <XForwardedForRequest at 0x75727735afd0 method='GET' uri='/_matrix/client/v3/sync?filter=0&sinc
exo-synapse-db         0
onlyoffice             0
exo-mailpit            0

===== 2b. LOGS EM DISCO DO ONLYOFFICE =====
onlyoffice (arquivos)  6
            1 [2026-08-13T20:07:25.215] [WARN] [localhost] [docId] [userId] nodeJS - embedded converter started
            1 [2026-08-13T20:07:25.214] [WARN] [localhost] [docId] [userId] nodeJS - Express server listening on port 8000 in production-linux mode. Version: 9.4.0. Build: 129
            1 [2026-08-13T20:07:25.130] [WARN] [localhost] [docId] [userId] nodeJS - notifyLicenseExpiration(): expiration date is not defined
            1 [2026-08-13T20:07:25.129] [WARN] [localhost] [docId] [userId] nodeJS - notifyLicenseExpiration(): expiration date is not defined
            1 [2026-08-13T20:07:25.117] [WARN] [localhost] [docId] [userId] nodeJS - Express server starting...
            1 [2026-08-13T20:07:23.781] [WARN] [localhost] [docId] [userId] nodeJS - convertermaster: memory runtime detected - embedded converter runs inside DocService; no workers will be forked

===== 3. ESTADO DE SAUDE =====
NAME             STATUS
exo-app          Up 14 minutes (healthy)
exo-es           Up 45 minutes (healthy)
exo-mailpit      Up 46 minutes (healthy)
exo-mysql        Up 46 minutes (healthy)
exo-synapse      Up 44 minutes (healthy)
exo-synapse-db   Up 45 minutes (healthy)
exo-web          Up About a minute (healthy)
onlyoffice       Up About a minute (healthy)

===== RESULTADO =====
REPROVADO — 66 ocorrencias somadas.
