# Verificacao de erros e warnings — 2026-08-13 16:48:43 -03

===== 1. LINUX BASE =====
unidades com falha     0
0
      0 loaded units listed.
journalctl p0-4        36
            1 Aug 13 16:48:43 pmoexo sudo[1876772]:    saexo : a password is required ; PWD=/opt/projetos/exo ; USER=root ; COMMAND=/usr/bin/true
            1 Aug 13 16:21:29 pmoexo sudo[1808145]:    saexo : a password is required ; PWD=/opt/projetos/exo/conf/mysql-certs ; USER=root ; COMMAND=/usr/bin/true
            1 Aug 13 16:21:28 pmoexo sudo[1808045]:    saexo : a password is required ; PWD=/opt/projetos/exo ; USER=root ; COMMAND=/usr/bin/true
            1 Aug 13 15:55:13 pmoexo sudo[1739817]: pam_unix(sudo:auth): conversation failed
            1 Aug 13 15:55:13 pmoexo sudo[1739817]: pam_unix(sudo:auth): auth could not identify password for [saexo]
            1 Aug 13 15:09:34 pmoexo sudo[1607350]: pam_unix(sudo:auth): conversation failed
            1 Aug 13 15:09:34 pmoexo sudo[1607350]: pam_unix(sudo:auth): auth could not identify password for [saexo]
            1 Aug 13 15:02:34 pmoexo sudo[1585375]: pam_unix(sudo:auth): conversation failed
dmesg err,warn         0

===== 2. CONTAINERS DO PROJETO =====
exo-app                19
            1 OpenJDK 64-Bit Server VM warning: Options -Xverify:none and -noverify were deprecated in JDK 13 and will likely be removed in a future release.
            1 2026-08-13 16:44:39,860 | ERROR | Portlet render threw an exception in page /portal/login [portal:UIPortlet<http-nio-0.0.0.0-8080-exec-8>] 
            1 2026-08-13 16:44:39,860 | ERROR | Portlet render threw an exception in page /portal/login [portal:UIPortlet<http-nio-0.0.0.0-8080-exec-11>] 
            1 2026-08-13 16:44:39,857 | ERROR | Portlet render threw an exception in page /portal/login [portal:UIPortlet<http-nio-0.0.0.0-8080-exec-3>] 
            1 2026-08-13 16:44:39,837 | ERROR | The portlet threw an exception [o.g.p.c.io_meeds_social_portlet_CmsPortletWithMetadata<http-nio-0.0.0.0-8080-exec-8>] 
            1 2026-08-13 16:44:39,837 | ERROR | The portlet threw an exception [o.g.p.c.io_meeds_social_portlet_CmsPortletWithMetadata<http-nio-0.0.0.0-8080-exec-11>] 
            1 2026-08-13 16:44:39,836 | ERROR | The portlet threw an exception [o.g.p.c.io_meeds_social_portlet_CmsPortletWithMetadata<http-nio-0.0.0.0-8080-exec-3>] 
            1 2026-08-13 16:43:10,244 | WARN  | File not found: /js/metamaskSetupForm.js [o.g.p.controller.resource.script.Module<ForkJoinPool.commonPool-worker-1>] 
exo-web                0
exo-mysql              0
exo-es                 5
            1 {"@timestamp":"2026-08-13T19:36:09.897Z", "log.level": "WARN",  "data_stream.dataset":"deprecation.elasticsearch","data_stream.namespace":"default","data_stream.type":"logs","elasticsearch.event.categ
            1 {"@timestamp":"2026-08-13T19:23:33.401Z", "log.level": "INFO", "message":"adding ingest pipeline logs-apm.error@default-pipeline", "ecs.version": "1.2.0","service.name":"ES_ECS","event.dataset":"elast
            1 {"@timestamp":"2026-08-13T19:23:27.627Z", "log.level": "INFO", "message":"adding index template [logs-apm.error@template] for index patterns [logs-apm.error-*]", "ecs.version": "1.2.0","service.name":
            1 {"@timestamp":"2026-08-13T19:23:26.804Z", "log.level": "INFO", "message":"adding component template [logs-apm.error@mappings]", "ecs.version": "1.2.0","service.name":"ES_ECS","event.dataset":"elastics
            1 {"@timestamp":"2026-08-13T19:23:26.772Z", "log.level": "INFO", "message":"adding component template [logs-apm.error-fallback@ilm]", "ecs.version": "1.2.0","service.name":"ES_ECS","event.dataset":"elas
exo-synapse            1
            1 2026-08-13 16:45:46,315 - synapse.http.server - 879 - WARNING - GET-84 - Not sending response to request <XForwardedForRequest at 0x75727735afd0 method='GET' uri='/_matrix/client/v3/sync?filter=0&sinc
exo-synapse-db         0
onlyoffice             15
            2 2026/08/13 19:25:24 [error] 505#505: *1 connect() failed (111: Connection refused) while connecting to upstream, client: ::1, server: , request: "GET /healthcheck HTTP/1.1", upstream: "http://127.0.0.
            1 ==> /var/log/onlyoffice/documentserver/nginx.error.log <==
            1 [2026-08-13T19:29:26.160] [WARN] [localhost] [docId] [userId] nodeJS - convertermaster: memory runtime detected - embedded converter runs inside DocService; no workers will be forked
            1 [2026-08-13T19:29:25.931] [WARN] [localhost] [docId] [userId] nodeJS - embedded converter started
            1 [2026-08-13T19:29:25.930] [WARN] [localhost] [docId] [userId] nodeJS - Express server listening on port 8000 in production-linux mode. Version: 9.4.0. Build: 129
            1 [2026-08-13T19:29:25.866] [WARN] [localhost] [docId] [userId] nodeJS - notifyLicenseExpiration(): expiration date is not defined
            1 [2026-08-13T19:29:25.865] [WARN] [localhost] [docId] [userId] nodeJS - notifyLicenseExpiration(): expiration date is not defined
            1 [2026-08-13T19:29:25.860] [WARN] [localhost] [docId] [userId] nodeJS - Express server starting...
exo-mailpit            0

===== 3. ESTADO DE SAUDE =====
NAME             STATUS
exo-app          Up 8 minutes (healthy)
exo-es           Up 25 minutes (healthy)
exo-mailpit      Up 26 minutes (healthy)
exo-mysql        Up 26 minutes (healthy)
exo-synapse      Up 24 minutes (healthy)
exo-synapse-db   Up 25 minutes (healthy)
exo-web          Up 6 minutes (healthy)
onlyoffice       Up 23 minutes (healthy)

===== RESULTADO =====
REPROVADO — 76 ocorrencias somadas.
