# Verificacao de erros e warnings — 2026-08-25 16:18:04 -03

===== 1. LINUX BASE =====
unidades com falha     0
0
      0 loaded units listed.
journalctl p0-4        1
            1 -- No entries --
dmesg err,warn         17
            1 [537950.650234] workqueue: wait_rcu_exp_gp hogged CPU for >10000us 32 times, consider switching to WQ_UNBOUND
            1 [   23.325738] kauditd_printk_skb: 108 callbacks suppressed
            1 [ 1781.490473] hrtimer: interrupt took 1872601 ns
            1 [173002.017739] workqueue: blk_mq_requeue_work hogged CPU for >10000us 4 times, consider switching to WQ_UNBOUND
            1 [169587.352045] workqueue: wait_rcu_exp_gp hogged CPU for >10000us 16 times, consider switching to WQ_UNBOUND
            1 [15227.312284] workqueue: wait_rcu_exp_gp hogged CPU for >10000us 8 times, consider switching to WQ_UNBOUND
            1 [11656.058325] workqueue: wait_rcu_exp_gp hogged CPU for >10000us 4 times, consider switching to WQ_UNBOUND
            1 [    0.678285] device-mapper: core: CONFIG_IMA_DISABLE_HTABLE is disabled. Duplicate IMA measurements will not be recorded in the IMA log.

===== 2. CONTAINERS DO PROJETO =====
exo-app                13
            1 2026-08-25 16:17:15,316 | WARN  | Error when parsing Web Socket message: SpaceWebNotificationItem.spaceId is mandatory [o.e.s.w.l.SpaceWebNotificationWebSocketServerListener<http-nio-0.0.0.0-8080-exec
            1 2026-08-25 16:17:06,974 | WARN  | Error when parsing Web Socket message: SpaceWebNotificationItem.spaceId is mandatory [o.e.s.w.l.SpaceWebNotificationWebSocketServerListener<http-nio-0.0.0.0-8080-exec
            1 2026-08-25 16:16:49,996 | WARN  | Error when parsing Web Socket message: SpaceWebNotificationItem.spaceId is mandatory [o.e.s.w.l.SpaceWebNotificationWebSocketServerListener<http-nio-0.0.0.0-8080-exec
            1 2026-08-25 16:16:26,478 | WARN  | Error when parsing Web Socket message: SpaceWebNotificationItem.spaceId is mandatory [o.e.s.w.l.SpaceWebNotificationWebSocketServerListener<http-nio-0.0.0.0-8080-exec
            1 2026-08-25 16:16:09,184 | WARN  | 0 error(s), 1 warning(s) [o.g.p.controller.resource.ScriptLoader<pool-37-thread-1>] 
            1 2026-08-25 16:16:09,183 | WARN  | GROUP/SpacesAdministration.js:6:4095: WARNING - [JSC_UNREACHABLE_CODE] unreachable code
            1 2026-08-25 16:15:36,049 | WARN  | 0 error(s), 1 warning(s) [o.g.p.controller.resource.ScriptLoader<pool-37-thread-1>] 
            1 2026-08-25 16:15:36,045 | WARN  | GROUP/contentLinkGRP.js:6:613: WARNING - [JSC_UNREACHABLE_CODE] unreachable code
exo-web                661
           13 2026/08/21 16:45:53 [error] 29#29: *10 connect() failed (111: Connection refused) while connecting to upstream, client: 192.168.1.254, server: , request: "GET /_matrix/client/v3/sync?filter=0&since=s2
           12 2026/08/21 16:45:53 [error] 31#31: *201 connect() failed (111: Connection refused) while connecting to upstream, client: 192.168.1.254, server: , request: "GET /_matrix/client/v3/sync?filter=0&since=s
            3 2026/08/25 14:24:05 [error] 49670#49670: *129488 connect() failed (111: Connection refused) while connecting to upstream, client: 192.168.1.254, server: , request: "GET /portal/rest/v1/social/spaces/1
            3 2026/08/25 14:24:02 [error] 49670#49670: *129488 connect() failed (111: Connection refused) while connecting to upstream, client: 192.168.1.254, server: , request: "GET /portal/rest/v1/social/spaces/1
            2 2026/08/25 18:54:40 [error] 25#25: *20132 connect() failed (111: Connection refused) while connecting to upstream, client: 192.168.1.254, server: , request: "GET /portal/rest/v1/social/spaces/13?expan
            2 2026/08/25 16:21:54 [error] 49672#49672: *147684 upstream prematurely closed connection while reading response header from upstream, client: 192.168.1.254, server: , request: "GET /estrutura/api/log?d
            2 2026/08/25 16:21:39 [error] 49672#49672: *147684 upstream prematurely closed connection while reading response header from upstream, client: 192.168.1.254, server: , request: "GET /estrutura/api/log?d
            2 2026/08/25 16:21:12 [error] 49672#49672: *147102 upstream prematurely closed connection while reading response header from upstream, client: 192.168.1.254, server: , request: "GET /estrutura/api/log?d
exo-mysql              9
            2 mysqld: [Warning] World-writable config file '/etc/mysql/conf.d/exo.cnf' is ignored.
            1 2026-08-21T16:46:41.481324Z 0 [Warning] [MY-011810] [Server] Insecure configuration for --pid-file: Location '/var/run/mysqld' in the path is accessible to all OS users. Consider choosing a different 
            1 2026-08-21T16:46:41.430544Z 0 [Warning] [MY-010068] [Server] CA certificate ca.pem is self signed.
            1 2026-08-21T16:16:40.787678Z 0 [Warning] [MY-011810] [Server] Insecure configuration for --pid-file: Location '/var/run/mysqld' in the path is accessible to all OS users. Consider choosing a different 
            1 2026-08-21T16:16:40.514181Z 0 [Warning] [MY-010068] [Server] CA certificate ca.pem is self signed.
            1 2026-08-21T16:15:39.472539Z 0 [Warning] [MY-010075] [Server] No existing UUID has been found, so we assume that this is the first time that this server has been started. Generating a new UUID: 8cd85ed
            1 2026-08-21T16:15:39.356164Z 0 [Warning] [MY-010107] [Server] World-writable config file '/var/lib/mysql/auto.cnf' has been removed.
            1 2026-08-21T16:15:39.356057Z 0 [Warning] [MY-000054] [Server] World-writable config file '/var/lib/mysql/auto.cnf' is ignored.
exo-es                 1
            1 {"@timestamp":"2026-08-25T17:45:02.491Z", "log.level": "WARN",  "data_stream.dataset":"deprecation.elasticsearch","data_stream.namespace":"default","data_stream.type":"logs","elasticsearch.event.categ
exo-synapse            25170
            5 2026-08-25 14:51:17,672 - synapse.logging.context - 104 - WARNING - PUT-105446 - Re-starting finished log context PUT-105446
            5 2026-08-25 14:45:35,060 - synapse.logging.context - 104 - WARNING - PUT-105389 - Re-starting finished log context PUT-105389
            5 2026-08-25 14:34:38,122 - synapse.logging.context - 104 - WARNING - POST-105291 - Re-starting finished log context POST-105291
            5 2026-08-25 14:34:37,392 - synapse.logging.context - 104 - WARNING - POST-105288 - Re-starting finished log context POST-105288
            5 2026-08-25 14:34:35,460 - synapse.logging.context - 104 - WARNING - POST-105284 - Re-starting finished log context POST-105284
            5 2026-08-25 14:34:34,325 - synapse.logging.context - 104 - WARNING - POST-105278 - Re-starting finished log context POST-105278
            5 2026-08-25 14:34:33,044 - synapse.logging.context - 104 - WARNING - PUT-105276 - Re-starting finished log context PUT-105276
            5 2026-08-25 14:34:31,983 - synapse.logging.context - 104 - WARNING - POST-105269 - Re-starting finished log context POST-105269
exo-synapse-db         31
            1 2026-08-25 19:16:01.150 UTC [191901] ERROR:  could not serialize access due to concurrent update
            1 2026-08-25 19:16:00.540 UTC [191901] ERROR:  could not serialize access due to concurrent update
            1 2026-08-25 16:28:14.169 UTC [155755] ERROR:  could not serialize access due to concurrent update
            1 2026-08-25 16:27:08.586 UTC [156398] ERROR:  could not serialize access due to concurrent update
            1 2026-08-25 16:17:15.167 UTC [156441] ERROR:  could not serialize access due to concurrent update
            1 2026-08-25 16:17:15.142 UTC [156441] ERROR:  could not serialize access due to concurrent update
            1 2026-08-25 16:17:14.550 UTC [156398] ERROR:  could not serialize access due to concurrent update
            1 2026-08-25 16:17:14.521 UTC [156398] ERROR:  could not serialize access due to concurrent update
onlyoffice             35
            2 ==> /var/log/onlyoffice/documentserver/nginx.error.log <==
            2 [2026-08-21T16:48:17.187] [WARN] [localhost] [docId] [userId] nodeJS - notifyLicenseExpiration(): expiration date is not defined
            2 [2026-08-21T16:20:32.423] [WARN] [localhost] [docId] [userId] nodeJS - convertermaster: memory runtime detected - embedded converter runs inside DocService; no workers will be forked
            2 [2026-08-21T16:16:30.154] [WARN] [localhost] [docId] [userId] nodeJS - convertermaster: memory runtime detected - embedded converter runs inside DocService; no workers will be forked
            1 [2026-08-25T16:51:16.290] [WARN] [localhost] [docId] [userId] nodeJS - notifyLicenseExpiration(): expiration date is not defined
            1 [2026-08-24T16:51:16.487] [WARN] [localhost] [docId] [userId] nodeJS - notifyLicenseExpiration(): expiration date is not defined
            1 [2026-08-23T16:51:16.288] [WARN] [localhost] [docId] [userId] nodeJS - notifyLicenseExpiration(): expiration date is not defined
            1 [2026-08-22T16:51:16.287] [WARN] [localhost] [docId] [userId] nodeJS - notifyLicenseExpiration(): expiration date is not defined
exo-mailpit            0

===== 2b. LOGS EM DISCO DO ONLYOFFICE =====
onlyoffice (arquivos)  1
            1 [2026-08-25T16:51:16.290] [WARN] [localhost] [docId] [userId] nodeJS - notifyLicenseExpiration(): expiration date is not defined

===== 2c. LOG EM DISCO DO EXO-APP =====
exo-app (platform.log) 2787
            2 2026-08-25 14:34:17,673 | WARN  | Error while clearing cache entry with path '/Groups/spaces/divisa_o_da_dados_e_inteligencia_estrategica/Documents/Activity Stream Documents' and drop option = 'false'
            2 2026-08-25 14:26:21,203 | WARN  | Error while clearing cache entry with path '/Groups/spaces/secretaria_de_gesta_o_e_cidade_inteligente/ApplicationData/Tags' and drop option = 'false' [o.e.d.s.j.w.c.l
            2 2026-08-25 14:26:21,196 | WARN  | Error while clearing cache entry with path '/Groups/spaces/secretaria_de_gesta_o_e_cidade_inteligente/Documents' and drop option = 'false' [o.e.d.s.j.w.c.l.WebDavCach
            2 2026-08-25 14:08:22,073 | WARN  | Error while clearing cache entry with path '/Groups/spaces/divisa_o_administrativa_e_financeira/Documents' and drop option = 'false' [o.e.d.s.j.w.c.l.WebDavCacheUpdat
            2 2026-08-25 13:57:06,218 | WARN  | Error while clearing cache entry with path '/Groups/spaces/divisa_o_de_inovac_a_o_tecnolo_gica/Documents/Activity Stream Documents' and drop option = 'false' [o.e.d.s
            2 2026-08-25 13:57:05,791 | WARN  | Error while clearing cache entry with path '/Groups/spaces/divisa_o_de_inovac_a_o_tecnolo_gica/ApplicationData' and drop option = 'false' [o.e.d.s.j.w.c.l.WebDavCache
            2 2026-08-25 13:56:49,570 | WARN  | Error while clearing cache entry with path '/Groups/spaces/secretaria_de_inovac_a_o4_tecnologia_e_desenvolvimento_sustenta_vel/Documents' and drop option = 'false' [o
            2 2026-08-25 13:56:49,547 | WARN  | Error while clearing cache entry with path '/Groups/spaces/secretaria_de_inovac_a_o4_tecnologia_e_desenvolvimento_sustenta_vel' and drop option = 'false' [o.e.d.s.j.w

===== 3. ESTADO DE SAUDE =====
NAME                STATUS
exo-app             Up 5 minutes (healthy)
exo-es              Up 2 hours (healthy)
exo-jitsi-call      Up 4 days (healthy)
exo-jitsi-jicofo    Up 4 days (healthy)
exo-jitsi-jvb       Up 4 days (healthy)
exo-jitsi-prosody   Up 4 days (healthy)
exo-jitsi-web       Up 4 days (healthy)
exo-mailpit         Up 2 hours (healthy)
exo-mysql           Up 4 days (healthy)
exo-synapse         Up 4 days (healthy)
exo-synapse-db      Up 4 days (healthy)
exo-web             Up 3 hours (healthy)
onlyoffice          Up 4 days (healthy)

===== RESULTADO =====
REPROVADO — 28726 ocorrencias somadas.
